Component: ARM Compiler 5.06 update 6 (build 750) Tool: armlink [4d35ed]

==============================================================================

Section Cross References

    led.o(.text) refers to stm32l1xx_gpio.o(.text) for GPIO_SetBits
    led.o(.text) refers to stm32l1xx_rcc.o(.text) for RCC_AHBPeriphClockCmd
    led.o(.text) refers to led.o(.data) for LED_PIN
    led.o(.text) refers to led.o(.bss) for LED
    main.o(.text) refers to powerctrl.o(.text) for PWR_Process
    main.o(.text) refers to led.o(.text) for Led_Tick100ms
    main.o(.text) refers to initsystem.o(.text) for System_Initialize
    main.o(.text) refers to watchdog.o(.text) for Watchdog_Reset
    main.o(.text) refers to configuration.o(.text) for Config_Process
    main.o(.text) refers to main.o(.bss) for xSystem
    debug.o(.text) refers to _printf_percent.o(.ARM.Collect$$_printf_percent$$00000000) for _printf_percent
    debug.o(.text) refers to _printf_f.o(.ARM.Collect$$_printf_percent$$00000003) for _printf_f
    debug.o(.text) refers to printf1.o(x$fpl$printf1) for _printf_fp_dec
    debug.o(.text) refers to stm32l1xx_usart.o(.text) for USART_DeInit
    debug.o(.text) refers to stm32l1xx_rcc.o(.text) for RCC_APB2PeriphClockCmd
    debug.o(.text) refers to stm32l1xx_gpio.o(.text) for GPIO_PinAFConfig
    debug.o(.text) refers to misc.o(.text) for NVIC_PriorityGroupConfig
    debug.o(.text) refers to noretval__2snprintf.o(.text) for __2snprintf
    utilities.o(.text) refers to watchdog.o(.text) for Watchdog_Reset
    utilities.o(.text) refers to debug.o(.text) for DebugPrint
    utilities.o(.text) refers to strlen.o(.text) for strlen
    utilities.o(.text) refers to fdiv.o(x$fpl$fdiv) for __aeabi_fdiv
    utilities.o(.text) refers to main.o(.bss) for xSystem
    interrupt.o(.text) refers to configuration.o(.text) for Config_Tick1ms
    interrupt.o(.text) refers to gps_hardware.o(.text) for GPS_Tick1ms
    interrupt.o(.text) refers to stm32l1xx_usart.o(.text) for USART_GetITStatus
    interrupt.o(.text) refers to stm32l1xx_gpio.o(.text) for GPIO_SetBits
    interrupt.o(.text) refers to stm32l1xx_exti.o(.text) for EXTI_GetITStatus
    interrupt.o(.text) refers to led.o(.text) for Led_Ctrl
    interrupt.o(.text) refers to main.o(.bss) for xSystem
    initsystem.o(.text) refers to misc.o(.text) for NVIC_SetVectorTable
    initsystem.o(.text) refers to watchdog.o(.text) for WatchDog_Initialize
    initsystem.o(.text) refers to debug.o(.text) for Debug_Initialize
    initsystem.o(.text) refers to hardwaremanager.o(.text) for Hardware_Initialize
    initsystem.o(.text) refers to main.o(.bss) for xSystem
    initsystem.o(.text) refers to system_stm32l1xx.o(.data) for SystemCoreClock
    watchdog.o(.text) refers to stm32l1xx_iwdg.o(.text) for IWDG_WriteAccessCmd
    configuration.o(.text) refers to debug.o(.text) for DebugPrint
    configuration.o(.text) refers to strstr.o(.text) for strstr
    configuration.o(.text) refers to gps_hardware.o(.text) for GPS_ToggleDebug
    configuration.o(.text) refers to powerctrl.o(.text) for PWR_LowPowerRunMode
    configuration.o(.text) refers to rt_memclr.o(.text) for __aeabi_memclr
    configuration.o(.text) refers to configuration.o(.bss) for Config
    hardwaremanager.o(.text) refers to stm32l1xx_rcc.o(.text) for RCC_GetSYSCLKSource
    hardwaremanager.o(.text) refers to debug.o(.text) for DebugPrint
    hardwaremanager.o(.text) refers to main.o(.bss) for xSystem
    powerctrl.o(.text) refers to debug.o(.text) for DebugPrint
    powerctrl.o(.text) refers to stm32l1xx_pwr.o(.text) for PWR_EnterSleepMode
    powerctrl.o(.text) refers to watchdog.o(.text) for Watchdog_Reset
    powerctrl.o(.text) refers to stm32l1xx_rcc.o(.text) for RCC_MSIRangeConfig
    powerctrl.o(.text) refers to initsystem.o(.text) for SysTickConfig
    powerctrl.o(.text) refers to stm32l1xx_flash.o(.text) for FLASH_SLEEPPowerDownCmd
    powerctrl.o(.text) refers to stm32l1xx_gpio.o(.text) for GPIO_Init
    powerctrl.o(.text) refers to stm32l1xx_syscfg.o(.text) for SYSCFG_EXTILineConfig
    powerctrl.o(.text) refers to stm32l1xx_exti.o(.text) for EXTI_Init
    powerctrl.o(.text) refers to misc.o(.text) for NVIC_Init
    powerctrl.o(.text) refers to powerctrl.o(.data) for Tick1s
    gps_process.o(.text) refers to utilities.o(.text) for FindIndexOfCharacter
    gps_process.o(.text) refers to debug.o(.text) for DebugPrint
    gps_process.o(.text) refers to rt_memclr_w.o(.text) for __aeabi_memclr4
    gps_process.o(.text) refers to atof.o(i.atof) for atof
    gps_process.o(.text) refers to d2f.o(x$fpl$d2f) for __aeabi_d2f
    gps_process.o(.text) refers to f2d.o(x$fpl$f2d) for __aeabi_f2d
    gps_process.o(.text) refers to strstr.o(.text) for strstr
    gps_process.o(.text) refers to gps_process.o(.bss) for GPSData
    gps_process.o(.text) refers to gps_process.o(.conststring) for .conststring
    gps_hardware.o(.text) refers to stm32l1xx_rcc.o(.text) for RCC_AHBPeriphClockCmd
[...]
    .ARM.Collect$$rtentry$$0000000D          0x080001a0   Section        8  __rtentry2.o(.ARM.Collect$$rtentry$$0000000D)
    .ARM.Collect$$rtexit$$00000000           0x080001a8   Section        2  rtexit.o(.ARM.Collect$$rtexit$$00000000)
    .ARM.Collect$$rtexit$$00000002           0x080001aa   Section        0  rtexit2.o(.ARM.Collect$$rtexit$$00000002)
    .ARM.Collect$$rtexit$$00000003           0x080001aa   Section        4  rtexit2.o(.ARM.Collect$$rtexit$$00000003)
    .ARM.Collect$$rtexit$$00000004           0x080001ae   Section        6  rtexit2.o(.ARM.Collect$$rtexit$$00000004)
    .text                                    0x080001b4   Section        0  led.o(.text)
    .text                                    0x08000300   Section        0  main.o(.text)
    .text                                    0x08000364   Section        0  debug.o(.text)
    DebugPuts                                0x0800045b   Thumb Code    22  debug.o(.text)
    DebugItoa                                0x08000471   Thumb Code   182  debug.o(.text)
    DebugFtoa                                0x08000527   Thumb Code    54  debug.o(.text)
    .text                                    0x080006a8   Section        0  utilities.o(.text)
    .text                                    0x0800081c   Section        0  interrupt.o(.text)
    .text                                    0x08000934   Section        0  initsystem.o(.text)
    NVIC_SetPriority                         0x08000935   Thumb Code    32  initsystem.o(.text)
    .text                                    0x08000a24   Section        0  watchdog.o(.text)
    .text                                    0x08000a50   Section        0  configuration.o(.text)
    .text                                    0x08000b6c   Section        0  hardwaremanager.o(.text)
    Hardware_CheckClockSource                0x08000b6d   Thumb Code    38  hardwaremanager.o(.text)
    Hardware_CheckResetReason                0x08000b93   Thumb Code   196  hardwaremanager.o(.text)
    .text                                    0x08000df8   Section        0  powerctrl.o(.text)
    .text                                    0x08000fb8   Section        0  gps_process.o(.text)
    .text                                    0x080012ac   Section        0  gps_hardware.o(.text)
    GPS_IOInitialize                         0x080012ad   Thumb Code   100  gps_hardware.o(.text)
    GPS_HardwareInitialize                   0x08001311   Thumb Code   214  gps_hardware.o(.text)
    .text                                    0x08001550   Section        0  misc.o(.text)
    .text                                    0x08001630   Section        0  stm32l1xx_gpio.o(.text)
    .text                                    0x0800186c   Section        0  stm32l1xx_usart.o(.text)
    .text                                    0x08001c64   Section        0  stm32l1xx_rcc.o(.text)
    .text                                    0x080020f4   Section        0  system_stm32l1xx.o(.text)
    SetSysClock                              0x080020f5   Thumb Code   204  system_stm32l1xx.o(.text)
    .text                                    0x08002310   Section       64  startup_stm32l1xx_md.o(.text)
    .text                                    0x08002350   Section        0  stm32l1xx_iwdg.o(.text)
    .text                                    0x08002390   Section        0  stm32l1xx_pwr.o(.text)
    .text                                    0x080024e8   Section        0  stm32l1xx_exti.o(.text)
    .text                                    0x08002600   Section        0  stm32l1xx_syscfg.o(.text)
    .text                                    0x080028e8   Section        0  stm32l1xx_flash.o(.text)
    .text                                    0x08002fa4   Section        0  noretval__2snprintf.o(.text)
    .text                                    0x08002fd8   Section        0  __printf_wp.o(.text)
    .text                                    0x080030e6   Section        0  strstr.o(.text)
    .text                                    0x0800310a   Section        0  strlen.o(.text)
    .text                                    0x08003148   Section       68  rt_memclr.o(.text)
    .text                                    0x0800318c   Section       78  rt_memclr_w.o(.text)
    .text                                    0x080031da   Section        0  heapauxi.o(.text)
    .text                                    0x080031e0   Section        0  _rserrno.o(.text)
    .text                                    0x080031f6   Section        0  _printf_fp_dec.o(.text)
    _fp_digits                               0x080031f9   Thumb Code   432  _printf_fp_dec.o(.text)
    .text                                    0x08003614   Section        0  _printf_char_common.o(.text)
    _printf_input_char                       0x08003615   Thumb Code    10  _printf_char_common.o(.text)
    .text                                    0x08003644   Section        0  _sputc.o(.text)
    .text                                    0x0800364e   Section        0  _snputc.o(.text)
    .text                                    0x08003660   Section        0  strtod.o(.text)
    _local_sscanf                            0x08003661   Thumb Code    60  strtod.o(.text)
    .text                                    0x08003704   Section        8  rt_locale_intlibspace.o(.text)
    .text                                    0x0800370c   Section        8  rt_errno_addr_intlibspace.o(.text)
    .text                                    0x08003714   Section      138  lludiv10.o(.text)
    .text                                    0x0800379e   Section        0  isspace.o(.text)
    .text                                    0x080037b0   Section        0  _printf_fp_infnan.o(.text)
    .text                                    0x08003830   Section        0  _sgetc.o(.text)
    .text                                    0x08003870   Section        0  bigflt0.o(.text)
    .text                                    0x08003954   Section        8  libspace.o(.text)
    .text                                    0x0800395c   Section       74  sys_stackheap_outer.o(.text)
    .text                                    0x080039a8   Section       16  rt_ctype_table.o(.text)
    .text                                    0x080039b8   Section        0  scanf_fp.o(.text)
    _fp_value                                0x080039b9   Thumb Code   588  scanf_fp.o(.text)
    .text                                    0x08003eb0   Section        0  exit.o(.text)
    .text                                    0x08003ec4   Section      128  strcmpv7m.o(.text)
    .text                                    0x08003f44   Section        0  scanf_hexfp.o(.text)
    .text                                    0x08004264   Section        0  scanf_infnan.o(.text)
    .text                                    0x08004398   Section        0  sys_exit.o(.text)
    .text                                    0x080043a4   Section       38  llshl.o(.text)
    .text                                    0x080043ca   Section        0  _chval.o(.text)
    .text                                    0x080043e6   Section        2  use_no_semi.o(.text)
    .text                                    0x080043e8   Section        0  indicate_semi.o(.text)
    CL$$btod_d2e                             0x080043e8   Section       62  btod.o(CL$$btod_d2e)
    CL$$btod_d2e_denorm_low                  0x08004426   Section       70  btod.o(CL$$btod_d2e_denorm_low)
    CL$$btod_d2e_norm_op1                    0x0800446c   Section       96  btod.o(CL$$btod_d2e_norm_op1)
    CL$$btod_div_common                      0x080044cc   Section      824  btod.o(CL$$btod_div_common)
    CL$$btod_e2d                             0x08004804   Section      132  btod.o(CL$$btod_e2d)
    CL$$btod_e2e                             0x08004888   Section      220  btod.o(CL$$btod_e2e)
    CL$$btod_ediv                            0x08004964   Section       42  btod.o(CL$$btod_ediv)
    CL$$btod_edivd                           0x0800498e   Section       42  btod.o(CL$$btod_edivd)
    CL$$btod_emul                            0x080049b8   Section       42  btod.o(CL$$btod_emul)
    CL$$btod_emuld                           0x080049e2   Section       42  btod.o(CL$$btod_emuld)
    CL$$btod_mult_common                     0x08004a0c   Section      580  btod.o(CL$$btod_mult_common)
    i.__ARM_fpclassify                       0x08004c50   Section        0  fpclassify.o(i.__ARM_fpclassify)
    i.__mathlib_dbl_overflow                 0x08004c78   Section        0  dunder.o(i.__mathlib_dbl_overflow)
    i.__mathlib_dbl_underflow                0x08004c88   Section        0  dunder.o(i.__mathlib_dbl_underflow)
    i.__mathlib_narrow                       0x08004c98   Section        0  narrow.o(i.__mathlib_narrow)
    i.__mathlib_tofloat                      0x08004ca8   Section        0  narrow.o(i.__mathlib_tofloat)
    i.__support_ldexp                        0x08004d64   Section        0  ldexp.o(i.__support_ldexp)
    i._is_digit                              0x08004d7a   Section        0  __printf_wp.o(i._is_digit)
    i.atof                                   0x08004d88   Section        0  atof.o(i.atof)
    i.frexp                                  0x08004db4   Section        0  frexp.o(i.frexp)
    i.ldexp                                  0x08004e0c   Section        0  ldexp.o(i.ldexp)
    locale$$code                             0x08004e80   Section       44  lc_numeric_c.o(locale$$code)
    locale$$code                             0x08004eac   Section       44  lc_ctype_c.o(locale$$code)
    x$fpl$d2f                                0x08004ed8   Section       98  d2f.o(x$fpl$d2f)
    x$fpl$dcheck1                            0x08004f3c   Section       16  dcheck1.o(x$fpl$dcheck1)
    x$fpl$dcmpinf                            0x08004f4c   Section       24  dcmpi.o(x$fpl$dcmpinf)
    x$fpl$deqf                               0x08004f64   Section      120  deqf.o(x$fpl$deqf)
    x$fpl$dleqf                              0x08004fdc   Section      120  dleqf.o(x$fpl$dleqf)
    x$fpl$dnaninf                            0x08005054   Section      156  dnaninf.o(x$fpl$dnaninf)
    x$fpl$dretinf                            0x080050f0   Section       12  dretinf.o(x$fpl$dretinf)
    x$fpl$drleqf                             0x080050fc   Section      108  drleqf.o(x$fpl$drleqf)
    x$fpl$f2d                                0x08005168   Section       86  f2d.o(x$fpl$f2d)
    x$fpl$fdiv                               0x080051c0   Section      388  fdiv.o(x$fpl$fdiv)
    _fdiv1                                   0x080051c1   Thumb Code     0  fdiv.o(x$fpl$fdiv)
    x$fpl$fnaninf                            0x08005344   Section      140  fnaninf.o(x$fpl$fnaninf)
    x$fpl$fretinf                            0x080053d0   Section       10  fretinf.o(x$fpl$fretinf)
    x$fpl$ieeestatus                         0x080053da   Section        6  istatus.o(x$fpl$ieeestatus)
    x$fpl$printf1                            0x080053e0   Section        4  printf1.o(x$fpl$printf1)
    x$fpl$retnan                             0x080053e4   Section      100  retnan.o(x$fpl$retnan)
    x$fpl$scalbn                             0x08005448   Section       92  scalbn.o(x$fpl$scalbn)
    x$fpl$scanf1                             0x080054a4   Section        4  scanf1.o(x$fpl$scanf1)
    x$fpl$scanf2                             0x080054a8   Section        8  scanf2.o(x$fpl$scanf2)
    x$fpl$trapveneer                         0x080054b0   Section       48  trapv.o(x$fpl$trapveneer)
    .constdata                               0x080054e0   Section      148  bigflt0.o(.constdata)
    x$fpl$usenofp                            0x080054e0   Section        0  usenofp.o(x$fpl$usenofp)
    tenpwrs_x                                0x080054e0   Data          60  bigflt0.o(.constdata)
    tenpwrs_i                                0x0800551c   Data          64  bigflt0.o(.constdata)
    .conststring                             0x08005574   Section       70  gps_process.o(.conststring)
    c$$dinf                                  0x080055dc   Section        8  fpconst.o(c$$dinf)
    c$$dmax                                  0x080055e4   Section        8  fpconst.o(c$$dmax)
    locale$$data                             0x080055ec   Section       28  lc_numeric_c.o(locale$$data)
    __lcnum_c_name                           0x080055f0   Data           2  lc_numeric_c.o(locale$$data)
    __lcnum_c_start                          0x080055f8   Data           0  lc_numeric_c.o(locale$$data)
    __lcnum_c_point                          0x08005604   Data           0  lc_numeric_c.o(locale$$data)
    __lcnum_c_thousands                      0x08005606   Data           0  lc_numeric_c.o(locale$$data)
    __lcnum_c_grouping                       0x08005607   Data           0  lc_numeric_c.o(locale$$data)
    locale$$data                             0x08005608   Section      272  lc_ctype_c.o(locale$$data)
    __lcnum_c_end                            0x08005608   Data           0  lc_numeric_c.o(locale$$data)
    __lcctype_c_name                         0x0800560c   Data           2  lc_ctype_c.o(locale$$data)
    __lcctype_c_start                        0x08005614   Data           0  lc_ctype_c.o(locale$$data)
    __lcctype_c_end                          0x08005718   Data           0  lc_ctype_c.o(locale$$data)
    .data                                    0x20000000   Section       16  led.o(.data)
    .data                                    0x20000010   Section        4  powerctrl.o(.data)
    Tick1s                                   0x20000010   Data           4  powerctrl.o(.data)
    .data                                    0x20000014   Section       25  stm32l1xx_rcc.o(.data)
    PLLMulTable                              0x20000014   Data           9  stm32l1xx_rcc.o(.data)
    APBAHBPrescTable                         0x2000001d   Data          16  stm32l1xx_rcc.o(.data)
    .data                                    0x20000030   Section       29  system_stm32l1xx.o(.data)
    .bss                                     0x20000050   Section       32  led.o(.bss)
    .bss                                     0x20000070   Section       84  main.o(.bss)
    .bss                                     0x200000c4   Section      518  configuration.o(.bss)
    .bss                                     0x200002cc   Section       36  gps_process.o(.bss)
    .bss                                     0x200002f0   Section     1408  gps_hardware.o(.bss)
    .bss                                     0x20000870   Section       96  libspace.o(.bss)
    HEAP                                     0x200008d0   Section      512  startup_stm32l1xx_md.o(HEAP)
    Heap_Mem                                 0x200008d0   Data         512  startup_stm32l1xx_md.o(HEAP)
    STACK                                    0x20000ad0   Section     1024  startup_stm32l1xx_md.o(STACK)
    Stack_Mem                                0x20000ad0   Data        1024  startup_stm32l1xx_md.o(STACK)
    __initial_sp                             0x20000ed0   Data           0  startup_stm32l1xx_md.o(STACK)

    Global Symbols

    Symbol Name                              Value     Ov Type        Size  Object(Section)

    BuildAttributes$$THM_ISAv4$P$D$K$B$S$PE$A:L22UL41UL21$X:L11$S22US41US21$IEEE1$IW$USESV6$~STKCKD$USESV7$~SHL$OTIME$ROPI$IEEEX$EBA8$UX$STANDARDLIB$REQ8$PRES8$EABIv2 0x00000000   Number         0  anon$$obj.o ABSOLUTE
    __ARM_use_no_argv                        0x00000000   Number         0  main.o ABSOLUTE
    _printf_flags                            0x00000000   Number         0  printf_stubs.o ABSOLUTE
    _printf_return_value                     0x00000000   Number         0  printf_stubs.o ABSOLUTE
    _printf_sizespec                         0x00000000   Number         0  printf_stubs.o ABSOLUTE
    _printf_widthprec                        0x00000000   Number         0  printf_stubs.o ABSOLUTE
    __ARM_exceptions_init                     - Undefined Weak Reference
    __alloca_initialize                       - Undefined Weak Reference
    __arm_preinit_                            - Undefined Weak Reference
    __cpp_initialize__aeabi_                  - Undefined Weak Reference
    __cxa_finalize                            - Undefined Weak Reference
    __sigvec_lookup                           - Undefined Weak Reference
    _atexit_init                              - Undefined Weak Reference
    _call_atexit_fns                          - Undefined Weak Reference
    _clock_init                               - Undefined Weak Reference
    _fp_trap_init                             - Undefined Weak Reference
    _fp_trap_shutdown                         - Undefined Weak Reference
    _get_lc_collate                           - Undefined Weak Reference
    _get_lc_monetary                          - Undefined Weak Reference
    _get_lc_time                              - Undefined Weak Reference
    _getenv_init                              - Undefined Weak Reference
    _handle_redirection                       - Undefined Weak Reference
    _init_alloc                               - Undefined Weak Reference
    _init_user_alloc                          - Undefined Weak Reference
    _initio                                   - Undefined Weak Reference
    _printf_post_padding                      - Undefined Weak Reference
    _printf_pre_padding                       - Undefined Weak Reference
    _rand_init                                - Undefined Weak Reference
    _signal_finish                            - Undefined Weak Reference
    _signal_init                              - Undefined Weak Reference
    _terminate_alloc                          - Undefined Weak Reference
    _terminate_user_alloc                     - Undefined Weak Reference
    _terminateio                              - Undefined Weak Reference
    __Vectors_Size                           0x000000f4   Number         0  startup_stm32l1xx_md.o ABSOLUTE
    __Vectors                                0x08000000   Data           4  startup_stm32l1xx_md.o(RESET)
    __Vectors_End                            0x080000f4   Data           0  startup_stm32l1xx_md.o(RESET)
    __main                                   0x080000f5   Thumb Code     8  __main.o(!!!main)
    __scatterload                            0x080000fd   Thumb Code     0  __scatter.o(!!!scatter)
    __scatterload_rt2                        0x080000fd   Thumb Code    44  __scatter.o(!!!scatter)
    __scatterload_rt2_thumb_only             0x080000fd   Thumb Code     0  __scatter.o(!!!scatter)
    __scatterload_null                       0x0800010b   Thumb Code     0  __scatter.o(!!!scatter)
    __scatterload_copy                       0x08000131   Thumb Code    26  __scatter_copy.o(!!handler_copy)
    __scatterload_zeroinit                   0x0800014d   Thumb Code    28  __scatter_zi.o(!!handler_zi)
    _printf_f                                0x08000169   Thumb Code     0  _printf_f.o(.ARM.Collect$$_printf_percent$$00000003)
    _printf_percent                          0x08000169   Thumb Code     0  _printf_percent.o(.ARM.Collect$$_printf_percent$$00000000)
    _printf_percent_end                      0x0800016f   Thumb Code     0  _printf_percent_end.o(.ARM.Collect$$_printf_percent$$00000017)
    __rt_lib_init                            0x08000173   Thumb Code     0  libinit.o(.ARM.Collect$$libinit$$00000000)
    __rt_lib_init_fp_1                       0x08000175   Thumb Code     0  libinit2.o(.ARM.Collect$$libinit$$00000002)
    __rt_lib_init_heap_1                     0x08000175   Thumb Code     0  libinit2.o(.ARM.Collect$$libinit$$0000000A)
    __rt_lib_init_lc_common                  0x08000175   Thumb Code     0  libinit2.o(.ARM.Collect$$libinit$$0000000F)
    __rt_lib_init_preinit_1                  0x08000175   Thumb Code     0  libinit2.o(.ARM.Collect$$libinit$$00000004)
    __rt_lib_init_rand_1                     0x08000175   Thumb Code     0  libinit2.o(.ARM.Collect$$libinit$$0000000E)
    __rt_lib_init_user_alloc_1               0x08000175   Thumb Code     0  libinit2.o(.ARM.Collect$$libinit$$0000000C)
    __rt_lib_init_lc_collate_1               0x0800017b   Thumb Code     0  libinit2.o(.ARM.Collect$$libinit$$00000011)
    __rt_lib_init_lc_ctype_2                 0x0800017b   Thumb Code     0  libinit2.o(.ARM.Collect$$libinit$$00000012)
    __rt_lib_init_lc_ctype_1                 0x08000187   Thumb Code     0  libinit2.o(.ARM.Collect$$libinit$$00000013)
    __rt_lib_init_lc_monetary_1              0x08000187   Thumb Code     0  libinit2.o(.ARM.Collect$$libinit$$00000015)
    __rt_lib_init_lc_numeric_2               0x08000187   Thumb Code     0  libinit2.o(.ARM.Collect$$libinit$$00000016)
    __rt_lib_init_alloca_1                   0x08000191   Thumb Code     0  libinit2.o(.ARM.Collect$$libinit$$0000002E)
    __rt_lib_init_argv_1                     0x08000191   Thumb Code     0  libinit2.o(.ARM.Collect$$libinit$$0000002C)
    __rt_lib_init_atexit_1                   0x08000191   Thumb Code     0  libinit2.o(.ARM.Collect$$libinit$$0000001B)
    __rt_lib_init_clock_1                    0x08000191   Thumb Code     0  libinit2.o(.ARM.Collect$$libinit$$00000021)
    __rt_lib_init_cpp_1                      0x08000191   Thumb Code     0  libinit2.o(.ARM.Collect$$libinit$$00000032)
    __rt_lib_init_exceptions_1               0x08000191   Thumb Code     0  libinit2.o(.ARM.Collect$$libinit$$00000030)
    __rt_lib_init_fp_trap_1                  0x08000191   Thumb Code     0  libinit2.o(.ARM.Collect$$libinit$$0000001F)
    __rt_lib_init_getenv_1                   0x08000191   Thumb Code     0  libinit2.o(.ARM.Collect$$libinit$$00000023)
    __rt_lib_init_lc_numeric_1               0x08000191   Thumb Code     0  libinit2.o(.ARM.Collect$$libinit$$00000017)
    __rt_lib_init_lc_time_1                  0x08000191   Thumb Code     0  libinit2.o(.ARM.Collect$$libinit$$00000019)
    __rt_lib_init_return                     0x08000191   Thumb Code     0  libinit2.o(.ARM.Collect$$libinit$$00000033)
    __rt_lib_init_signal_1                   0x08000191   Thumb Code     0  libinit2.o(.ARM.Collect$$libinit$$0000001D)
    __rt_lib_init_stdio_1                    0x08000191   Thumb Code     0  libinit2.o(.ARM.Collect$$libinit$$00000025)
    __rt_lib_shutdown                        0x08000193   Thumb Code     0  libshutdown.o(.ARM.Collect$$libshutdown$$00000000)
    __rt_lib_shutdown_cpp_1                  0x08000195   Thumb Code     0  libshutdown2.o(.ARM.Collect$$libshutdown$$00000002)
    __rt_lib_shutdown_fp_trap_1              0x08000195   Thumb Code     0  libshutdown2.o(.ARM.Collect$$libshutdown$$00000007)
    __rt_lib_shutdown_heap_1                 0x08000195   Thumb Code     0  libshutdown2.o(.ARM.Collect$$libshutdown$$0000000F)
    __rt_lib_shutdown_return                 0x08000195   Thumb Code     0  libshutdown2.o(.ARM.Collect$$libshutdown$$00000010)
    __rt_lib_shutdown_signal_1               0x08000195   Thumb Code     0  libshutdown2.o(.ARM.Collect$$libshutdown$$0000000A)
    __rt_lib_shutdown_stdio_1                0x08000195   Thumb Code     0  libshutdown2.o(.ARM.Collect$$libshutdown$$00000004)
    __rt_lib_shutdown_user_alloc_1           0x08000195   Thumb Code     0  libshutdown2.o(.ARM.Collect$$libshutdown$$0000000C)
    __rt_entry                               0x08000197   Thumb Code     0  __rtentry.o(.ARM.Collect$$rtentry$$00000000)
    __rt_entry_presh_1                       0x08000197   Thumb Code     0  __rtentry2.o(.ARM.Collect$$rtentry$$00000002)
    __rt_entry_sh                            0x08000197   Thumb Code     0  __rtentry4.o(.ARM.Collect$$rtentry$$00000004)
    __rt_entry_li                            0x0800019d   Thumb Code     0  __rtentry2.o(.ARM.Collect$$rtentry$$0000000A)
    __rt_entry_postsh_1                      0x0800019d   Thumb Code     0  __rtentry2.o(.ARM.Collect$$rtentry$$00000009)
    __rt_entry_main                          0x080001a1   Thumb Code     0  __rtentry2.o(.ARM.Collect$$rtentry$$0000000D)
    __rt_entry_postli_1                      0x080001a1   Thumb Code     0  __rtentry2.o(.ARM.Collect$$rtentry$$0000000C)
    __rt_exit                                0x080001a9   Thumb Code     0  rtexit.o(.ARM.Collect$$rtexit$$00000000)
    __rt_exit_ls                             0x080001ab   Thumb Code     0  rtexit2.o(.ARM.Collect$$rtexit$$00000003)
    __rt_exit_prels_1                        0x080001ab   Thumb Code     0  rtexit2.o(.ARM.Collect$$rtexit$$00000002)
    __rt_exit_exit                           0x080001af   Thumb Code     0  rtexit2.o(.ARM.Collect$$rtexit$$00000004)
    Led_Ctrl                                 0x080001b5   Thumb Code    56  led.o(.text)
    Led_SoftwareInitialize                   0x080001ed   Thumb Code    64  led.o(.text)
    Led_HardwareInitialize                   0x0800022d   Thumb Code    80  led.o(.text)
    Led_Initialize                           0x0800027d   Thumb Code    12  led.o(.text)
    Led_Tick100ms                            0x08000289   Thumb Code   102  led.o(.text)
    ProcessTask_1000ms                       0x08000301   Thumb Code     8  main.o(.text)
    ProcessTask_100ms                        0x08000309   Thumb Code     8  main.o(.text)
    ProcessTask_10ms                         0x08000311   Thumb Code     2  main.o(.text)
    main                                     0x08000313   Thumb Code    76  main.o(.text)
    Debug_Initialize                         0x08000365   Thumb Code   218  debug.o(.text)
    DebugPutc                                0x0800043f   Thumb Code    28  debug.o(.text)
    DebugPrint                               0x0800055d   Thumb Code   314  debug.o(.text)
    Delay_us                                 0x080006a9   Thumb Code    32  utilities.o(.text)
    Delay_ms                                 0x080006c9   Thumb Code    24  utilities.o(.text)
    CountTime                                0x080006e1   Thumb Code    14  utilities.o(.text)
    GetNumberFromString                      0x080006ef   Thumb Code    58  utilities.o(.text)
    FindIndexOfCharacter                     0x08000729   Thumb Code    46  utilities.o(.text)
    SplitString                              0x08000757   Thumb Code    74  utilities.o(.text)
    GetCheckSum                              0x080007a1   Thumb Code    24  utilities.o(.text)
    GetCRC_16_Modbus                         0x080007b9   Thumb Code    58  utilities.o(.text)
    ConvertMinToDegree                       0x080007f3   Thumb Code    14  utilities.o(.text)
    SysTick_Handler                          0x0800081d   Thumb Code    62  interrupt.o(.text)
    USART1_IRQHandler                        0x0800085b   Thumb Code    48  interrupt.o(.text)
    USART2_IRQHandler                        0x0800088b   Thumb Code    34  interrupt.o(.text)
    USART3_IRQHandler                        0x080008ad   Thumb Code    40  interrupt.o(.text)
    UART4_IRQHandler                         0x080008d5   Thumb Code    34  interrupt.o(.text)
    EXTI0_IRQHandler                         0x080008f7   Thumb Code    36  interrupt.o(.text)
    System_VariableInit                      0x08000955   Thumb Code    14  initsystem.o(.text)
    SysTickConfig                            0x08000963   Thumb Code    76  initsystem.o(.text)
    System_Initialize                        0x080009af   Thumb Code    62  initsystem.o(.text)
    WatchDog_Initialize                      0x08000a25   Thumb Code    34  watchdog.o(.text)
    Watchdog_Reset                           0x08000a47   Thumb Code     8  watchdog.o(.text)
    Config_ReceiveData                       0x08000a51   Thumb Code    48  configuration.o(.text)
    Config_Process                           0x08000a81   Thumb Code   106  configuration.o(.text)
    Config_Tick1ms                           0x08000aeb   Thumb Code    38  configuration.o(.text)
    Hardware_Initialize                      0x08000c57   Thumb Code    12  hardwaremanager.o(.text)
    Hardware_SystemReset                     0x08000c63   Thumb Code    44  hardwaremanager.o(.text)
    PWR_SleepMode                            0x08000df9   Thumb Code    22  powerctrl.o(.text)
    PWR_Process                              0x08000e0f   Thumb Code    38  powerctrl.o(.text)
    PWR_LowPowerRunMode                      0x08000e35   Thumb Code    48  powerctrl.o(.text)
    PWR_LowPowerSleepMode                    0x08000e65   Thumb Code    42  powerctrl.o(.text)
    PWR_StopMode                             0x08000e8f   Thumb Code    20  powerctrl.o(.text)
    PWR_StandbyMode                          0x08000ea3   Thumb Code    14  powerctrl.o(.text)
    EXTI_Configuration                       0x08000eb1   Thumb Code   128  powerctrl.o(.text)
    GPS_RMCMessageProcess                    0x08000fb9   Thumb Code   630  gps_process.o(.text)
    GPS_ProcessData                          0x0800122f   Thumb Code    38  gps_process.o(.text)
    GPS_Initialize                           0x080013e7   Thumb Code    16  gps_hardware.o(.text)
    GPS_SendByte                             0x080013f7   Thumb Code    28  gps_hardware.o(.text)
    GPS_SendBytes                            0x08001413   Thumb Code    26  gps_hardware.o(.text)
    GPS_SendSDKCommand                       0x0800142d   Thumb Code    50  gps_hardware.o(.text)
    GPS_ReceiveData                          0x0800145f   Thumb Code    52  gps_hardware.o(.text)
    GPS_Tick1ms                              0x08001493   Thumb Code    50  gps_hardware.o(.text)
    GPS_ClearRxBuffer                        0x080014c5   Thumb Code    24  gps_hardware.o(.text)
    GPS_Process                              0x080014dd   Thumb Code    64  gps_hardware.o(.text)
    GPS_ToggleDebug                          0x0800151d   Thumb Code    14  gps_hardware.o(.text)
    NVIC_PriorityGroupConfig                 0x08001551   Thumb Code    10  misc.o(.text)
    NVIC_Init                                0x0800155b   Thumb Code   106  misc.o(.text)
    NVIC_SetVectorTable                      0x080015c5   Thumb Code    14  misc.o(.text)
    NVIC_SystemLPConfig                      0x080015d3   Thumb Code    34  misc.o(.text)
    SysTick_CLKSourceConfig                  0x080015f5   Thumb Code    40  misc.o(.text)
    GPIO_DeInit                              0x08001631   Thumb Code   196  stm32l1xx_gpio.o(.text)
    GPIO_Init                                0x080016f5   Thumb Code   144  stm32l1xx_gpio.o(.text)
    GPIO_StructInit                          0x08001785   Thumb Code    18  stm32l1xx_gpio.o(.text)
    GPIO_PinLockConfig                       0x08001797   Thumb Code    34  stm32l1xx_gpio.o(.text)
    GPIO_ReadInputDataBit                    0x080017b9   Thumb Code    18  stm32l1xx_gpio.o(.text)
    GPIO_ReadInputData                       0x080017cb   Thumb Code     6  stm32l1xx_gpio.o(.text)
    GPIO_ReadOutputDataBit                   0x080017d1   Thumb Code    18  stm32l1xx_gpio.o(.text)
    GPIO_ReadOutputData                      0x080017e3   Thumb Code     6  stm32l1xx_gpio.o(.text)
    GPIO_SetBits                             0x080017e9   Thumb Code     4  stm32l1xx_gpio.o(.text)
    GPIO_ResetBits                           0x080017ed   Thumb Code     4  stm32l1xx_gpio.o(.text)
    GPIO_WriteBit                            0x080017f1   Thumb Code    10  stm32l1xx_gpio.o(.text)
    GPIO_Write                               0x080017fb   Thumb Code     4  stm32l1xx_gpio.o(.text)
    GPIO_ToggleBits                          0x080017ff   Thumb Code     8  stm32l1xx_gpio.o(.text)
    GPIO_PinAFConfig                         0x08001807   Thumb Code    70  stm32l1xx_gpio.o(.text)
    USART_DeInit                             0x0800186d   Thumb Code   134  stm32l1xx_usart.o(.text)
    USART_Init                               0x080018f3   Thumb Code   198  stm32l1xx_usart.o(.text)
    USART_StructInit                         0x080019b9   Thumb Code    24  stm32l1xx_usart.o(.text)
    USART_ClockInit                          0x080019d1   Thumb Code    32  stm32l1xx_usart.o(.text)
    USART_ClockStructInit                    0x080019f1   Thumb Code    12  stm32l1xx_usart.o(.text)
    USART_Cmd                                0x080019fd   Thumb Code    24  stm32l1xx_usart.o(.text)
    USART_SetPrescaler                       0x08001a15   Thumb Code    16  stm32l1xx_usart.o(.text)
    USART_OverSampling8Cmd                   0x08001a25   Thumb Code    22  stm32l1xx_usart.o(.text)
    USART_OneBitMethodCmd                    0x08001a3b   Thumb Code    24  stm32l1xx_usart.o(.text)
    USART_SendData                           0x08001a53   Thumb Code     8  stm32l1xx_usart.o(.text)
    USART_ReceiveData                        0x08001a5b   Thumb Code    10  stm32l1xx_usart.o(.text)
    USART_SetAddress                         0x08001a65   Thumb Code    18  stm32l1xx_usart.o(.text)
    USART_ReceiverWakeUpCmd                  0x08001a77   Thumb Code    24  stm32l1xx_usart.o(.text)
    USART_WakeUpConfig                       0x08001a8f   Thumb Code    18  stm32l1xx_usart.o(.text)
    USART_LINBreakDetectLengthConfig         0x08001aa1   Thumb Code    18  stm32l1xx_usart.o(.text)
    USART_LINCmd                             0x08001ab3   Thumb Code    24  stm32l1xx_usart.o(.text)
    USART_SendBreak                          0x08001acb   Thumb Code    10  stm32l1xx_usart.o(.text)
    USART_HalfDuplexCmd                      0x08001ad5   Thumb Code    24  stm32l1xx_usart.o(.text)
    USART_SetGuardTime                       0x08001aed   Thumb Code    16  stm32l1xx_usart.o(.text)
    USART_SmartCardCmd                       0x08001afd   Thumb Code    24  stm32l1xx_usart.o(.text)
    USART_SmartCardNACKCmd                   0x08001b15   Thumb Code    24  stm32l1xx_usart.o(.text)
    USART_IrDAConfig                         0x08001b2d   Thumb Code    18  stm32l1xx_usart.o(.text)
    USART_IrDACmd                            0x08001b3f   Thumb Code    24  stm32l1xx_usart.o(.text)
    USART_DMACmd                             0x08001b57   Thumb Code    18  stm32l1xx_usart.o(.text)
    USART_ITConfig                           0x08001b69   Thumb Code    74  stm32l1xx_usart.o(.text)
    USART_GetFlagStatus                      0x08001bb3   Thumb Code    26  stm32l1xx_usart.o(.text)
    USART_ClearFlag                          0x08001bcd   Thumb Code    18  stm32l1xx_usart.o(.text)
    USART_GetITStatus                        0x08001bdf   Thumb Code    84  stm32l1xx_usart.o(.text)
    USART_ClearITPendingBit                  0x08001c33   Thumb Code    50  stm32l1xx_usart.o(.text)
    RCC_DeInit                               0x08001c65   Thumb Code    74  stm32l1xx_rcc.o(.text)
    RCC_HSEConfig                            0x08001caf   Thumb Code    14  stm32l1xx_rcc.o(.text)
    RCC_GetFlagStatus                        0x08001cbd   Thumb Code    48  stm32l1xx_rcc.o(.text)
    RCC_WaitForHSEStartUp                    0x08001ced   Thumb Code    56  stm32l1xx_rcc.o(.text)
    RCC_AdjustMSICalibrationValue            0x08001d25   Thumb Code     8  stm32l1xx_rcc.o(.text)
    RCC_MSIRangeConfig                       0x08001d2d   Thumb Code    20  stm32l1xx_rcc.o(.text)
    RCC_MSICmd                               0x08001d41   Thumb Code     6  stm32l1xx_rcc.o(.text)
    RCC_AdjustHSICalibrationValue            0x08001d47   Thumb Code    22  stm32l1xx_rcc.o(.text)
    RCC_HSICmd                               0x08001d5d   Thumb Code     6  stm32l1xx_rcc.o(.text)
    RCC_LSEConfig                            0x08001d63   Thumb Code    14  stm32l1xx_rcc.o(.text)
    RCC_LSICmd                               0x08001d71   Thumb Code     6  stm32l1xx_rcc.o(.text)
    RCC_PLLConfig                            0x08001d77   Thumb Code    16  stm32l1xx_rcc.o(.text)
    RCC_PLLCmd                               0x08001d87   Thumb Code     6  stm32l1xx_rcc.o(.text)
    RCC_ClockSecuritySystemCmd               0x08001d8d   Thumb Code     6  stm32l1xx_rcc.o(.text)
    RCC_LSEClockSecuritySystemCmd            0x08001d93   Thumb Code     8  stm32l1xx_rcc.o(.text)
    RCC_MCOConfig                            0x08001d9b   Thumb Code    12  stm32l1xx_rcc.o(.text)
    RCC_SYSCLKConfig                         0x08001da7   Thumb Code    20  stm32l1xx_rcc.o(.text)
    RCC_GetSYSCLKSource                      0x08001dbb   Thumb Code    12  stm32l1xx_rcc.o(.text)
    RCC_HCLKConfig                           0x08001dc7   Thumb Code    20  stm32l1xx_rcc.o(.text)
    RCC_PCLK1Config                          0x08001ddb   Thumb Code    20  stm32l1xx_rcc.o(.text)
    RCC_PCLK2Config                          0x08001def   Thumb Code    22  stm32l1xx_rcc.o(.text)
    RCC_GetClocksFreq                        0x08001e05   Thumb Code   248  stm32l1xx_rcc.o(.text)
    RCC_RTCCLKConfig                         0x08001efd   Thumb Code    64  stm32l1xx_rcc.o(.text)
    RCC_RTCCLKCmd                            0x08001f3d   Thumb Code     8  stm32l1xx_rcc.o(.text)
    RCC_RTCResetCmd                          0x08001f45   Thumb Code     8  stm32l1xx_rcc.o(.text)
    RCC_AHBPeriphClockCmd                    0x08001f4d   Thumb Code    34  stm32l1xx_rcc.o(.text)
    RCC_APB2PeriphClockCmd                   0x08001f6f   Thumb Code    34  stm32l1xx_rcc.o(.text)
    RCC_APB1PeriphClockCmd                   0x08001f91   Thumb Code    34  stm32l1xx_rcc.o(.text)
    RCC_AHBPeriphResetCmd                    0x08001fb3   Thumb Code    34  stm32l1xx_rcc.o(.text)
    RCC_APB2PeriphResetCmd                   0x08001fd5   Thumb Code    34  stm32l1xx_rcc.o(.text)
    RCC_APB1PeriphResetCmd                   0x08001ff7   Thumb Code    34  stm32l1xx_rcc.o(.text)
    RCC_AHBPeriphClockLPModeCmd              0x08002019   Thumb Code    34  stm32l1xx_rcc.o(.text)
    RCC_APB2PeriphClockLPModeCmd             0x0800203b   Thumb Code    66  stm32l1xx_rcc.o(.text)
    RCC_APB1PeriphClockLPModeCmd             0x0800207d   Thumb Code    34  stm32l1xx_rcc.o(.text)
    RCC_ITConfig                             0x0800209f   Thumb Code    34  stm32l1xx_rcc.o(.text)
    RCC_ClearFlag                            0x080020c1   Thumb Code    18  stm32l1xx_rcc.o(.text)
    RCC_GetITStatus                          0x080020d3   Thumb Code    22  stm32l1xx_rcc.o(.text)
    RCC_ClearITPendingBit                    0x080020e9   Thumb Code     8  stm32l1xx_rcc.o(.text)
    SystemInit                               0x080021c1   Thumb Code    88  system_stm32l1xx.o(.text)
    SystemCoreClockUpdate                    0x08002219   Thumb Code   204  system_stm32l1xx.o(.text)
    Reset_Handler                            0x08002311   Thumb Code     8  startup_stm32l1xx_md.o(.text)
    NMI_Handler                              0x08002319   Thumb Code     2  startup_stm32l1xx_md.o(.text)
    HardFault_Handler                        0x0800231b   Thumb Code     2  startup_stm32l1xx_md.o(.text)
    MemManage_Handler                        0x0800231d   Thumb Code     2  startup_stm32l1xx_md.o(.text)
    BusFault_Handler                         0x0800231f   Thumb Code     2  startup_stm32l1xx_md.o(.text)
    UsageFault_Handler                       0x08002321   Thumb Code     2  startup_stm32l1xx_md.o(.text)
    SVC_Handler                              0x08002323   Thumb Code     2  startup_stm32l1xx_md.o(.text)
    DebugMon_Handler                         0x08002325   Thumb Code     2  startup_stm32l1xx_md.o(.text)
    PendSV_Handler                           0x08002327   Thumb Code     2  startup_stm32l1xx_md.o(.text)
    ADC1_IRQHandler                          0x0800232b   Thumb Code     0  startup_stm32l1xx_md.o(.text)
    COMP_IRQHandler                          0x0800232b   Thumb Code     0  startup_stm32l1xx_md.o(.text)
    DAC_IRQHandler                           0x0800232b   Thumb Code     0  startup_stm32l1xx_md.o(.text)
    DMA1_Channel1_IRQHandler                 0x0800232b   Thumb Code     0  startup_stm32l1xx_md.o(.text)
    DMA1_Channel2_IRQHandler                 0x0800232b   Thumb Code     0  startup_stm32l1xx_md.o(.text)
    DMA1_Channel3_IRQHandler                 0x0800232b   Thumb Code     0  startup_stm32l1xx_md.o(.text)
    DMA1_Channel4_IRQHandler                 0x0800232b   Thumb Code     0  startup_stm32l1xx_md.o(.text)
    DMA1_Channel5_IRQHandler                 0x0800232b   Thumb Code     0  startup_stm32l1xx_md.o(.text)
    DMA1_Channel6_IRQHandler                 0x0800232b   Thumb Code     0  startup_stm32l1xx_md.o(.text)
    DMA1_Channel7_IRQHandler                 0x0800232b   Thumb Code     0  startup_stm32l1xx_md.o(.text)
    EXTI15_10_IRQHandler                     0x0800232b   Thumb Code     0  startup_stm32l1xx_md.o(.text)
    EXTI1_IRQHandler                         0x0800232b   Thumb Code     0  startup_stm32l1xx_md.o(.text)
    EXTI2_IRQHandler                         0x0800232b   Thumb Code     0  startup_stm32l1xx_md.o(.text)
    EXTI3_IRQHandler                         0x0800232b   Thumb Code     0  startup_stm32l1xx_md.o(.text)
    EXTI4_IRQHandler                         0x0800232b   Thumb Code     0  startup_stm32l1xx_md.o(.text)
    EXTI9_5_IRQHandler                       0x0800232b   Thumb Code     0  startup_stm32l1xx_md.o(.text)
    FLASH_IRQHandler                         0x0800232b   Thumb Code     0  startup_stm32l1xx_md.o(.text)
    I2C1_ER_IRQHandler                       0x0800232b   Thumb Code     0  startup_stm32l1xx_md.o(.text)
    I2C1_EV_IRQHandler                       0x0800232b   Thumb Code     0  startup_stm32l1xx_md.o(.text)
    I2C2_ER_IRQHandler                       0x0800232b   Thumb Code     0  startup_stm32l1xx_md.o(.text)
    I2C2_EV_IRQHandler                       0x0800232b   Thumb Code     0  startup_stm32l1xx_md.o(.text)
    LCD_IRQHandler                           0x0800232b   Thumb Code     0  startup_stm32l1xx_md.o(.text)
    PVD_IRQHandler                           0x0800232b   Thumb Code     0  startup_stm32l1xx_md.o(.text)
    RCC_IRQHandler                           0x0800232b   Thumb Code     0  startup_stm32l1xx_md.o(.text)
    RTC_Alarm_IRQHandler                     0x0800232b   Thumb Code     0  startup_stm32l1xx_md.o(.text)
    RTC_WKUP_IRQHandler                      0x0800232b   Thumb Code     0  startup_stm32l1xx_md.o(.text)
    SPI1_IRQHandler                          0x0800232b   Thumb Code     0  startup_stm32l1xx_md.o(.text)
    SPI2_IRQHandler                          0x0800232b   Thumb Code     0  startup_stm32l1xx_md.o(.text)
    TAMPER_STAMP_IRQHandler                  0x0800232b   Thumb Code     0  startup_stm32l1xx_md.o(.text)
    TIM10_IRQHandler                         0x0800232b   Thumb Code     0  startup_stm32l1xx_md.o(.text)
    TIM11_IRQHandler                         0x0800232b   Thumb Code     0  startup_stm32l1xx_md.o(.text)
    TIM2_IRQHandler                          0x0800232b   Thumb Code     0  startup_stm32l1xx_md.o(.text)
    TIM3_IRQHandler                          0x0800232b   Thumb Code     0  startup_stm32l1xx_md.o(.text)
    TIM4_IRQHandler                          0x0800232b   Thumb Code     0  startup_stm32l1xx_md.o(.text)
    TIM6_IRQHandler                          0x0800232b   Thumb Code     0  startup_stm32l1xx_md.o(.text)
    TIM7_IRQHandler                          0x0800232b   Thumb Code     0  startup_stm32l1xx_md.o(.text)
    TIM9_IRQHandler                          0x0800232b   Thumb Code     0  startup_stm32l1xx_md.o(.text)
    USB_FS_WKUP_IRQHandler                   0x0800232b   Thumb Code     0  startup_stm32l1xx_md.o(.text)
    USB_HP_IRQHandler                        0x0800232b   Thumb Code     0  startup_stm32l1xx_md.o(.text)
    USB_LP_IRQHandler                        0x0800232b   Thumb Code     0  startup_stm32l1xx_md.o(.text)
    WWDG_IRQHandler                          0x0800232b   Thumb Code     0  startup_stm32l1xx_md.o(.text)
    __user_initial_stackheap                 0x0800232d   Thumb Code     0  startup_stm32l1xx_md.o(.text)
    IWDG_WriteAccessCmd                      0x08002351   Thumb Code     6  stm32l1xx_iwdg.o(.text)
    IWDG_SetPrescaler                        0x08002357   Thumb Code     6  stm32l1xx_iwdg.o(.text)
    IWDG_SetReload                           0x0800235d   Thumb Code     6  stm32l1xx_iwdg.o(.text)
    IWDG_ReloadCounter                       0x08002363   Thumb Code    10  stm32l1xx_iwdg.o(.text)
    IWDG_Enable                              0x0800236d   Thumb Code    10  stm32l1xx_iwdg.o(.text)
    IWDG_GetFlagStatus                       0x08002377   Thumb Code    20  stm32l1xx_iwdg.o(.text)
    PWR_DeInit                               0x08002391   Thumb Code    22  stm32l1xx_pwr.o(.text)
    PWR_RTCAccessCmd                         0x080023a7   Thumb Code     6  stm32l1xx_pwr.o(.text)
    PWR_PVDLevelConfig                       0x080023ad   Thumb Code    18  stm32l1xx_pwr.o(.text)
    PWR_PVDCmd                               0x080023bf   Thumb Code     6  stm32l1xx_pwr.o(.text)
    PWR_WakeUpPinCmd                         0x080023c5   Thumb Code    20  stm32l1xx_pwr.o(.text)
    PWR_FastWakeUpCmd                        0x080023d9   Thumb Code     6  stm32l1xx_pwr.o(.text)
    PWR_UltraLowPowerCmd                     0x080023df   Thumb Code     6  stm32l1xx_pwr.o(.text)
    PWR_VoltageScalingConfig                 0x080023e5   Thumb Code    24  stm32l1xx_pwr.o(.text)
    PWR_EnterLowPowerRunMode                 0x080023fd   Thumb Code    50  stm32l1xx_pwr.o(.text)
    PWR_EnterSleepMode                       0x0800242f   Thumb Code    42  stm32l1xx_pwr.o(.text)
    PWR_EnterSTOPMode                        0x08002459   Thumb Code    54  stm32l1xx_pwr.o(.text)
    PWR_EnterSTANDBYMode                     0x0800248f   Thumb Code    42  stm32l1xx_pwr.o(.text)
    PWR_GetFlagStatus                        0x080024b9   Thumb Code    20  stm32l1xx_pwr.o(.text)
    PWR_ClearFlag                            0x080024cd   Thumb Code    14  stm32l1xx_pwr.o(.text)
    EXTI_DeInit                              0x080024e9   Thumb Code    30  stm32l1xx_exti.o(.text)
    EXTI_Init                                0x08002507   Thumb Code   142  stm32l1xx_exti.o(.text)
    EXTI_StructInit                          0x08002595   Thumb Code    16  stm32l1xx_exti.o(.text)
    EXTI_GenerateSWInterrupt                 0x080025a5   Thumb Code    16  stm32l1xx_exti.o(.text)
    EXTI_GetFlagStatus                       0x080025b5   Thumb Code    22  stm32l1xx_exti.o(.text)
    EXTI_ClearFlag                           0x080025cb   Thumb Code     8  stm32l1xx_exti.o(.text)
    EXTI_GetITStatus                         0x080025d3   Thumb Code    34  stm32l1xx_exti.o(.text)
    EXTI_ClearITPendingBit                   0x080025f5   Thumb Code     8  stm32l1xx_exti.o(.text)
    SYSCFG_DeInit                            0x08002601   Thumb Code    20  stm32l1xx_syscfg.o(.text)
    SYSCFG_RIDeInit                          0x08002615   Thumb Code    32  stm32l1xx_syscfg.o(.text)
    SYSCFG_MemoryRemapConfig                 0x08002635   Thumb Code     6  stm32l1xx_syscfg.o(.text)
    SYSCFG_GetBootMode                       0x0800263b   Thumb Code    10  stm32l1xx_syscfg.o(.text)
    SYSCFG_USBPuCmd                          0x08002645   Thumb Code    30  stm32l1xx_syscfg.o(.text)
    SYSCFG_EXTILineConfig                    0x08002663   Thumb Code    66  stm32l1xx_syscfg.o(.text)
    SYSCFG_RITIMSelect                       0x080026a5   Thumb Code    18  stm32l1xx_syscfg.o(.text)
    SYSCFG_RITIMInputCaptureConfig           0x080026b7   Thumb Code    86  stm32l1xx_syscfg.o(.text)
    SYSCFG_RIResistorConfig                  0x0800270d   Thumb Code    34  stm32l1xx_syscfg.o(.text)
    SYSCFG_RIChannelSpeedConfig              0x0800272f   Thumb Code    34  stm32l1xx_syscfg.o(.text)
    SYSCFG_RIIOSwitchConfig                  0x08002751   Thumb Code    80  stm32l1xx_syscfg.o(.text)
    SYSCFG_RISwitchControlModeCmd            0x080027a1   Thumb Code    38  stm32l1xx_syscfg.o(.text)
    SYSCFG_RIHysteresisConfig                0x080027c7   Thumb Code   282  stm32l1xx_syscfg.o(.text)
    FLASH_SetLatency                         0x080028e9   Thumb Code    18  stm32l1xx_flash.o(.text)
    FLASH_PrefetchBufferCmd                  0x080028fb   Thumb Code    30  stm32l1xx_flash.o(.text)
    FLASH_ReadAccess64Cmd                    0x08002919   Thumb Code    30  stm32l1xx_flash.o(.text)
    FLASH_SLEEPPowerDownCmd                  0x08002937   Thumb Code    30  stm32l1xx_flash.o(.text)
    DATA_EEPROM_Unlock                       0x08002955   Thumb Code    26  stm32l1xx_flash.o(.text)
    FLASH_Unlock                             0x0800296f   Thumb Code    32  stm32l1xx_flash.o(.text)
    FLASH_Lock                               0x0800298f   Thumb Code    18  stm32l1xx_flash.o(.text)
    FLASH_GetStatus                          0x080029a1   Thumb Code    54  stm32l1xx_flash.o(.text)
    FLASH_WaitForLastOperation               0x080029d7   Thumb Code    48  stm32l1xx_flash.o(.text)
    FLASH_ErasePage                          0x08002a07   Thumb Code    86  stm32l1xx_flash.o(.text)
    FLASH_FastProgramWord                    0x08002a5d   Thumb Code    34  stm32l1xx_flash.o(.text)
    DATA_EEPROM_Lock                         0x08002a7f   Thumb Code    18  stm32l1xx_flash.o(.text)
    DATA_EEPROM_FixedTimeProgramCmd          0x08002a91   Thumb Code    38  stm32l1xx_flash.o(.text)
    DATA_EEPROM_EraseByte                    0x08002ab7   Thumb Code    26  stm32l1xx_flash.o(.text)
    DATA_EEPROM_EraseHalfWord                0x08002ad1   Thumb Code    26  stm32l1xx_flash.o(.text)
    DATA_EEPROM_EraseWord                    0x08002aeb   Thumb Code    26  stm32l1xx_flash.o(.text)
    DATA_EEPROM_FastProgramByte              0x08002b05   Thumb Code    50  stm32l1xx_flash.o(.text)
    DATA_EEPROM_FastProgramHalfWord          0x08002b37   Thumb Code    50  stm32l1xx_flash.o(.text)
    DATA_EEPROM_FastProgramWord              0x08002b69   Thumb Code    50  stm32l1xx_flash.o(.text)
    DATA_EEPROM_ProgramByte                  0x08002b9b   Thumb Code    34  stm32l1xx_flash.o(.text)
    DATA_EEPROM_ProgramHalfWord              0x08002bbd   Thumb Code    34  stm32l1xx_flash.o(.text)
    DATA_EEPROM_ProgramWord                  0x08002bdf   Thumb Code    34  stm32l1xx_flash.o(.text)
    FLASH_OB_Unlock                          0x08002c01   Thumb Code    32  stm32l1xx_flash.o(.text)
    FLASH_OB_Lock                            0x08002c21   Thumb Code    18  stm32l1xx_flash.o(.text)
    FLASH_OB_Launch                          0x08002c33   Thumb Code    18  stm32l1xx_flash.o(.text)
    FLASH_OB_WRPConfig                       0x08002c45   Thumb Code   176  stm32l1xx_flash.o(.text)
    FLASH_OB_WRP1Config                      0x08002cf5   Thumb Code   142  stm32l1xx_flash.o(.text)
    FLASH_OB_WRP2Config                      0x08002d83   Thumb Code   142  stm32l1xx_flash.o(.text)
    FLASH_OB_RDPConfig                       0x08002e11   Thumb Code    48  stm32l1xx_flash.o(.text)
    FLASH_OB_UserConfig                      0x08002e41   Thumb Code    92  stm32l1xx_flash.o(.text)
    FLASH_OB_BORConfig                       0x08002e9d   Thumb Code    64  stm32l1xx_flash.o(.text)
    FLASH_OB_BootConfig                      0x08002edd   Thumb Code    62  stm32l1xx_flash.o(.text)
    FLASH_OB_GetUser                         0x08002f1b   Thumb Code    10  stm32l1xx_flash.o(.text)
    FLASH_OB_GetWRP                          0x08002f25   Thumb Code     8  stm32l1xx_flash.o(.text)
    FLASH_OB_GetWRP1                         0x08002f2d   Thumb Code     8  stm32l1xx_flash.o(.text)
    FLASH_OB_GetWRP2                         0x08002f35   Thumb Code     8  stm32l1xx_flash.o(.text)
    FLASH_OB_GetRDP                          0x08002f3d   Thumb Code    20  stm32l1xx_flash.o(.text)
    FLASH_OB_GetBOR                          0x08002f51   Thumb Code    10  stm32l1xx_flash.o(.text)
    FLASH_ITConfig                           0x08002f5b   Thumb Code    34  stm32l1xx_flash.o(.text)
    FLASH_GetFlagStatus                      0x08002f7d   Thumb Code    22  stm32l1xx_flash.o(.text)
    FLASH_ClearFlag                          0x08002f93   Thumb Code     8  stm32l1xx_flash.o(.text)
    __2snprintf                              0x08002fa5   Thumb Code    48  noretval__2snprintf.o(.text)
    __printf                                 0x08002fd9   Thumb Code   270  __printf_wp.o(.text)
    strstr                                   0x080030e7   Thumb Code    36  strstr.o(.text)
    strlen                                   0x0800310b   Thumb Code    62  strlen.o(.text)
    __aeabi_memclr                           0x08003149   Thumb Code     0  rt_memclr.o(.text)
    __rt_memclr                              0x08003149   Thumb Code    68  rt_memclr.o(.text)
    _memset                                  0x0800314d   Thumb Code     0  rt_memclr.o(.text)
    __aeabi_memclr4                          0x0800318d   Thumb Code     0  rt_memclr_w.o(.text)
    __aeabi_memclr8                          0x0800318d   Thumb Code     0  rt_memclr_w.o(.text)
    __rt_memclr_w                            0x0800318d   Thumb Code    78  rt_memclr_w.o(.text)
    _memset_w                                0x08003191   Thumb Code     0  rt_memclr_w.o(.text)
    __use_two_region_memory                  0x080031db   Thumb Code     2  heapauxi.o(.text)
    __rt_heap_escrow$2region                 0x080031dd   Thumb Code     2  heapauxi.o(.text)
    __rt_heap_expand$2region                 0x080031df   Thumb Code     2  heapauxi.o(.text)
    __read_errno                             0x080031e1   Thumb Code    10  _rserrno.o(.text)
    __set_errno                              0x080031eb   Thumb Code    12  _rserrno.o(.text)
    __lib_sel_fp_printf                      0x080031f7   Thumb Code     2  _printf_fp_dec.o(.text)
    _printf_fp_dec_real                      0x080033a9   Thumb Code   620  _printf_fp_dec.o(.text)
    _printf_char_common                      0x0800361f   Thumb Code    32  _printf_char_common.o(.text)
    _sputc                                   0x08003645   Thumb Code    10  _sputc.o(.text)
    _snputc                                  0x0800364f   Thumb Code    16  _snputc.o(.text)
    __strtod_int                             0x0800369d   Thumb Code    90  strtod.o(.text)
    __rt_locale                              0x08003705   Thumb Code     8  rt_locale_intlibspace.o(.text)
    __aeabi_errno_addr                       0x0800370d   Thumb Code     8  rt_errno_addr_intlibspace.o(.text)
    __errno$intlibspace                      0x0800370d   Thumb Code     0  rt_errno_addr_intlibspace.o(.text)
    __rt_errno_addr$intlibspace              0x0800370d   Thumb Code     0  rt_errno_addr_intlibspace.o(.text)
    _ll_udiv10                               0x08003715   Thumb Code   138  lludiv10.o(.text)
    isspace                                  0x0800379f   Thumb Code    18  isspace.o(.text)
    _printf_fp_infnan                        0x080037b1   Thumb Code   112  _printf_fp_infnan.o(.text)
    _sgetc                                   0x08003831   Thumb Code    30  _sgetc.o(.text)
    _sbackspace                              0x0800384f   Thumb Code    34  _sgetc.o(.text)
    _btod_etento                             0x08003871   Thumb Code   224  bigflt0.o(.text)
    __user_libspace                          0x08003955   Thumb Code     8  libspace.o(.text)
    __user_perproc_libspace                  0x08003955   Thumb Code     0  libspace.o(.text)
    __user_perthread_libspace                0x08003955   Thumb Code     0  libspace.o(.text)
    __user_setup_stackheap                   0x0800395d   Thumb Code    74  sys_stackheap_outer.o(.text)
    __rt_ctype_table                         0x080039a9   Thumb Code    16  rt_ctype_table.o(.text)
    _scanf_really_real                       0x08003c05   Thumb Code   684  scanf_fp.o(.text)
    exit                                     0x08003eb1   Thumb Code    18  exit.o(.text)
    strcmp                                   0x08003ec5   Thumb Code   128  strcmpv7m.o(.text)
    _scanf_really_hex_real                   0x08003f45   Thumb Code   786  scanf_hexfp.o(.text)
    _scanf_really_infnan                     0x08004265   Thumb Code   292  scanf_infnan.o(.text)
    _sys_exit                                0x08004399   Thumb Code     8  sys_exit.o(.text)
    __aeabi_llsl                             0x080043a5   Thumb Code     0  llshl.o(.text)
    _ll_shift_l                              0x080043a5   Thumb Code    38  llshl.o(.text)
    _chval                                   0x080043cb   Thumb Code    28  _chval.o(.text)
    __I$use$semihosting                      0x080043e7   Thumb Code     0  use_no_semi.o(.text)
    __use_no_semihosting_swi                 0x080043e7   Thumb Code     2  use_no_semi.o(.text)
    __semihosting_library_function           0x080043e9   Thumb Code     0  indicate_semi.o(.text)
    _btod_d2e                                0x080043e9   Thumb Code    62  btod.o(CL$$btod_d2e)
    _d2e_denorm_low                          0x08004427   Thumb Code    70  btod.o(CL$$btod_d2e_denorm_low)
    _d2e_norm_op1                            0x0800446d   Thumb Code    96  btod.o(CL$$btod_d2e_norm_op1)
    __btod_div_common                        0x080044cd   Thumb Code   696  btod.o(CL$$btod_div_common)
    _e2d                                     0x08004805   Thumb Code   122  btod.o(CL$$btod_e2d)
    _e2e                                     0x08004889   Thumb Code   220  btod.o(CL$$btod_e2e)
    _btod_ediv                               0x08004965   Thumb Code    42  btod.o(CL$$btod_ediv)
    _btod_edivd                              0x0800498f   Thumb Code    42  btod.o(CL$$btod_edivd)
    _btod_emul                               0x080049b9   Thumb Code    42  btod.o(CL$$btod_emul)
    _btod_emuld                              0x080049e3   Thumb Code    42  btod.o(CL$$btod_emuld)
    __btod_mult_common                       0x08004a0d   Thumb Code   580  btod.o(CL$$btod_mult_common)
    __ARM_fpclassify                         0x08004c51   Thumb Code    40  fpclassify.o(i.__ARM_fpclassify)
    __mathlib_dbl_overflow                   0x08004c79   Thumb Code    14  dunder.o(i.__mathlib_dbl_overflow)
    __mathlib_dbl_underflow                  0x08004c89   Thumb Code    10  dunder.o(i.__mathlib_dbl_underflow)
    __mathlib_narrow                         0x08004c99   Thumb Code    16  narrow.o(i.__mathlib_narrow)
    __mathlib_tofloat                        0x08004ca9   Thumb Code   184  narrow.o(i.__mathlib_tofloat)
    __support_ldexp                          0x08004d65   Thumb Code    22  ldexp.o(i.__support_ldexp)
    _is_digit                                0x08004d7b   Thumb Code    14  __printf_wp.o(i._is_digit)
    atof                                     0x08004d89   Thumb Code    42  atof.o(i.atof)
    frexp                                    0x08004db5   Thumb Code    80  frexp.o(i.frexp)
    ldexp                                    0x08004e0d   Thumb Code   116  ldexp.o(i.ldexp)
    _get_lc_numeric                          0x08004e81   Thumb Code    44  lc_numeric_c.o(locale$$code)
    _get_lc_ctype                            0x08004ead   Thumb Code    44  lc_ctype_c.o(locale$$code)
    __aeabi_d2f                              0x08004ed9   Thumb Code     0  d2f.o(x$fpl$d2f)
    _d2f                                     0x08004ed9   Thumb Code    98  d2f.o(x$fpl$d2f)
    __fpl_dcheck_NaN1                        0x08004f3d   Thumb Code    10  dcheck1.o(x$fpl$dcheck1)
    __fpl_dcmp_Inf                           0x08004f4d   Thumb Code    24  dcmpi.o(x$fpl$dcmpinf)
    __aeabi_cdcmpeq                          0x08004f65   Thumb Code     0  deqf.o(x$fpl$deqf)
    _dcmpeq                                  0x08004f65   Thumb Code   120  deqf.o(x$fpl$deqf)
    __aeabi_cdcmple                          0x08004fdd   Thumb Code     0  dleqf.o(x$fpl$dleqf)
    _dcmple                                  0x08004fdd   Thumb Code   120  dleqf.o(x$fpl$dleqf)
    __fpl_dcmple_InfNaN                      0x0800503f   Thumb Code     0  dleqf.o(x$fpl$dleqf)
    __fpl_dnaninf                            0x08005055   Thumb Code   156  dnaninf.o(x$fpl$dnaninf)
    __fpl_dretinf                            0x080050f1   Thumb Code    12  dretinf.o(x$fpl$dretinf)
    __aeabi_cdrcmple                         0x080050fd   Thumb Code     0  drleqf.o(x$fpl$drleqf)
    _drcmple                                 0x080050fd   Thumb Code   108  drleqf.o(x$fpl$drleqf)
    __aeabi_f2d                              0x08005169   Thumb Code     0  f2d.o(x$fpl$f2d)
    _f2d                                     0x08005169   Thumb Code    86  f2d.o(x$fpl$f2d)
    __aeabi_fdiv                             0x080051c1   Thumb Code     0  fdiv.o(x$fpl$fdiv)
    _fdiv                                    0x080051c1   Thumb Code   384  fdiv.o(x$fpl$fdiv)
    __fpl_fnaninf                            0x08005345   Thumb Code   140  fnaninf.o(x$fpl$fnaninf)
    __fpl_fretinf                            0x080053d1   Thumb Code    10  fretinf.o(x$fpl$fretinf)
    __ieee_status                            0x080053db   Thumb Code     6  istatus.o(x$fpl$ieeestatus)
    _printf_fp_dec                           0x080053e1   Thumb Code     4  printf1.o(x$fpl$printf1)
    __fpl_return_NaN                         0x080053e5   Thumb Code   100  retnan.o(x$fpl$retnan)
    __ARM_scalbn                             0x08005449   Thumb Code    92  scalbn.o(x$fpl$scalbn)
    _scanf_real                              0x080054a5   Thumb Code     4  scanf1.o(x$fpl$scanf1)
    _scanf_hex_real                          0x080054a9   Thumb Code     4  scanf2.o(x$fpl$scanf2)
    _scanf_infnan                            0x080054ad   Thumb Code     4  scanf2.o(x$fpl$scanf2)
    __fpl_cmpreturn                          0x080054b1   Thumb Code    48  trapv.o(x$fpl$trapveneer)
    __I$use$fp                               0x080054e0   Number         0  usenofp.o(x$fpl$usenofp)
    Region$$Table$$Base                      0x080055bc   Number         0  anon$$obj.o(Region$$Table)
    Region$$Table$$Limit                     0x080055dc   Number         0  anon$$obj.o(Region$$Table)
    __aeabi_HUGE_VAL                         0x080055dc   Data           0  fpconst.o(c$$dinf)
    __aeabi_HUGE_VALL                        0x080055dc   Data           0  fpconst.o(c$$dinf)
    __aeabi_INFINITY                         0x080055dc   Data           0  fpconst.o(c$$dinf)
    __dInf                                   0x080055dc   Data           0  fpconst.o(c$$dinf)
    __huge_val                               0x080055dc   Data           0  fpconst.o(c$$dinf)
    __dbl_max                                0x080055e4   Data           0  fpconst.o(c$$dmax)
    __ctype                                  0x08005615   Data           0  lc_ctype_c.o(locale$$data)
    LED_GPIO                                 0x20000000   Data           4  led.o(.data)
    LED_CLK                                  0x20000004   Data           4  led.o(.data)
    LED_PIN                                  0x20000008   Data           8  led.o(.data)
    SystemCoreClock                          0x20000030   Data           4  system_stm32l1xx.o(.data)
    PLLMulTable                              0x20000034   Data           9  system_stm32l1xx.o(.data)
    AHBPrescTable                            0x2000003d   Data          16  system_stm32l1xx.o(.data)
    LED                                      0x20000050   Data          32  led.o(.bss)
    xSystem                                  0x20000070   Data          84  main.o(.bss)
    Config                                   0x200000c4   Data         518  configuration.o(.bss)
    GPSData                                  0x200002cc   Data          36  gps_process.o(.bss)
    GPS                                      0x200002f0   Data        1408  gps_hardware.o(.bss)
    __libspace_start                         0x20000870   Data          96  libspace.o(.bss)
    __temporary_stack_top$libspace           0x200008d0   Data           0  libspace.o(.bss)



==============================================================================

Memory Map of the image

  Image Entry point : 0x080000f5

  Load Region LR_IROM1 (Base: 0x08000000, Size: 0x00005768, Max: 0x00020000, ABSOLUTE)

    Execution Region ER_IROM1 (Exec base: 0x08000000, Load base: 0x08000000, Size: 0x00005718, Max: 0x00020000, ABSOLUTE)

    Exec Addr    Load Addr    Size         Type   Attr      Idx    E Section Name        Object

    0x08000000   0x08000000   0x000000f4   Data   RO          527    RESET               startup_stm32l1xx_md.o
    0x080000f4   0x080000f4   0x00000008   Code   RO          672  * !!!main             c_w.l(__main.o)
    0x080000fc   0x080000fc   0x00000034   Code   RO         1011    !!!scatter          c_w.l(__scatter.o)
    0x08000130   0x08000130   0x0000001a   Code   RO         1013    !!handler_copy      c_w.l(__scatter_copy.o)
    0x0800014a   0x0800014a   0x00000002   PAD
    0x0800014c   0x0800014c   0x0000001c   Code   RO         1015    !!handler_zi        c_w.l(__scatter_zi.o)
    0x08000168   0x08000168   0x00000000   Code   RO          661    .ARM.Collect$$_printf_percent$$00000000  c_w.l(_printf_percent.o)
    0x08000168   0x08000168   0x00000006   Code   RO          660    .ARM.Collect$$_printf_percent$$00000003  c_w.l(_printf_f.o)
    0x0800016e   0x0800016e   0x00000004   Code   RO          699    .ARM.Collect$$_printf_percent$$00000017  c_w.l(_printf_percent_end.o)
    0x08000172   0x08000172   0x00000002   Code   RO          798    .ARM.Collect$$libinit$$00000000  c_w.l(libinit.o)
    0x08000174   0x08000174   0x00000000   Code   RO          800    .ARM.Collect$$libinit$$00000002  c_w.l(libinit2.o)
    0x08000174   0x08000174   0x00000000   Code   RO          802    .ARM.Collect$$libinit$$00000004  c_w.l(libinit2.o)
    0x08000174   0x08000174   0x00000000   Code   RO          805    .ARM.Collect$$libinit$$0000000A  c_w.l(libinit2.o)
    0x08000174   0x08000174   0x00000000   Code   RO          807    .ARM.Collect$$libinit$$0000000C  c_w.l(libinit2.o)
    0x08000174   0x08000174   0x00000000   Code   RO          809    .ARM.Collect$$libinit$$0000000E  c_w.l(libinit2.o)
    0x08000174   0x08000174   0x00000006   Code   RO          810    .ARM.Collect$$libinit$$0000000F  c_w.l(libinit2.o)
    0x0800017a   0x0800017a   0x00000000   Code   RO          812    .ARM.Collect$$libinit$$00000011  c_w.l(libinit2.o)
    0x0800017a   0x0800017a   0x0000000c   Code   RO          813    .ARM.Collect$$libinit$$00000012  c_w.l(libinit2.o)
    0x08000186   0x08000186   0x00000000   Code   RO          814    .ARM.Collect$$libinit$$00000013  c_w.l(libinit2.o)
    0x08000186   0x08000186   0x00000000   Code   RO          816    .ARM.Collect$$libinit$$00000015  c_w.l(libinit2.o)
    0x08000186   0x08000186   0x0000000a   Code   RO          817    .ARM.Collect$$libinit$$00000016  c_w.l(libinit2.o)
    0x08000190   0x08000190   0x00000000   Code   RO          818    .ARM.Collect$$libinit$$00000017  c_w.l(libinit2.o)
    0x08000190   0x08000190   0x00000000   Code   RO          820    .ARM.Collect$$libinit$$00000019  c_w.l(libinit2.o)
    0x08000190   0x08000190   0x00000000   Code   RO          822    .ARM.Collect$$libinit$$0000001B  c_w.l(libinit2.o)
    0x08000190   0x08000190   0x00000000   Code   RO          824    .ARM.Collect$$libinit$$0000001D  c_w.l(libinit2.o)
    0x08000190   0x08000190   0x00000000   Code   RO          826    .ARM.Collect$$libinit$$0000001F  c_w.l(libinit2.o)
    0x08000190   0x08000190   0x00000000   Code   RO          828    .ARM.Collect$$libinit$$00000021  c_w.l(libinit2.o)
    0x08000190   0x08000190   0x00000000   Code   RO          830    .ARM.Collect$$libinit$$00000023  c_w.l(libinit2.o)
    0x08000190   0x08000190   0x00000000   Code   RO          832    .ARM.Collect$$libinit$$00000025  c_w.l(libinit2.o)
    0x08000190   0x08000190   0x00000000   Code   RO          836    .ARM.Collect$$libinit$$0000002C  c_w.l(libinit2.o)
    0x08000190   0x08000190   0x00000000   Code   RO          838    .ARM.Collect$$libinit$$0000002E  c_w.l(libinit2.o)
    0x08000190   0x08000190   0x00000000   Code   RO          840    .ARM.Collect$$libinit$$00000030  c_w.l(libinit2.o)
    0x08000190   0x08000190   0x00000000   Code   RO          842    .ARM.Collect$$libinit$$00000032  c_w.l(libinit2.o)
    0x08000190   0x08000190   0x00000002   Code   RO          843    .ARM.Collect$$libinit$$00000033  c_w.l(libinit2.o)
    0x08000192   0x08000192   0x00000002   Code   RO          908    .ARM.Collect$$libshutdown$$00000000  c_w.l(libshutdown.o)
    0x08000194   0x08000194   0x00000000   Code   RO          937    .ARM.Collect$$libshutdown$$00000002  c_w.l(libshutdown2.o)
    0x08000194   0x08000194   0x00000000   Code   RO          939    .ARM.Collect$$libshutdown$$00000004  c_w.l(libshutdown2.o)
    0x08000194   0x08000194   0x00000000   Code   RO          942    .ARM.Collect$$libshutdown$$00000007  c_w.l(libshutdown2.o)
    0x08000194   0x08000194   0x00000000   Code   RO          945    .ARM.Collect$$libshutdown$$0000000A  c_w.l(libshutdown2.o)
    0x08000194   0x08000194   0x00000000   Code   RO          947    .ARM.Collect$$libshutdown$$0000000C  c_w.l(libshutdown2.o)
    0x08000194   0x08000194   0x00000000   Code   RO          950    .ARM.Collect$$libshutdown$$0000000F  c_w.l(libshutdown2.o)
    0x08000194   0x08000194   0x00000002   Code   RO          951    .ARM.Collect$$libshutdown$$00000010  c_w.l(libshutdown2.o)
    0x08000196   0x08000196   0x00000000   Code   RO          688    .ARM.Collect$$rtentry$$00000000  c_w.l(__rtentry.o)
    0x08000196   0x08000196   0x00000000   Code   RO          712    .ARM.Collect$$rtentry$$00000002  c_w.l(__rtentry2.o)
    0x08000196   0x08000196   0x00000006   Code   RO          724    .ARM.Collect$$rtentry$$00000004  c_w.l(__rtentry4.o)
    0x0800019c   0x0800019c   0x00000000   Code   RO          714    .ARM.Collect$$rtentry$$00000009  c_w.l(__rtentry2.o)
    0x0800019c   0x0800019c   0x00000004   Code   RO          715    .ARM.Collect$$rtentry$$0000000A  c_w.l(__rtentry2.o)
    0x080001a0   0x080001a0   0x00000000   Code   RO          717    .ARM.Collect$$rtentry$$0000000C  c_w.l(__rtentry2.o)
    0x080001a0   0x080001a0   0x00000008   Code   RO          718    .ARM.Collect$$rtentry$$0000000D  c_w.l(__rtentry2.o)
    0x080001a8   0x080001a8   0x00000002   Code   RO          844    .ARM.Collect$$rtexit$$00000000  c_w.l(rtexit.o)
    0x080001aa   0x080001aa   0x00000000   Code   RO          870    .ARM.Collect$$rtexit$$00000002  c_w.l(rtexit2.o)
    0x080001aa   0x080001aa   0x00000004   Code   RO          871    .ARM.Collect$$rtexit$$00000003  c_w.l(rtexit2.o)
    0x080001ae   0x080001ae   0x00000006   Code   RO          872    .ARM.Collect$$rtexit$$00000004  c_w.l(rtexit2.o)
    0x080001b4   0x080001b4   0x0000014c   Code   RO            3    .text               led.o
    0x08000300   0x08000300   0x00000064   Code   RO          123    .text               main.o
    0x08000364   0x08000364   0x00000344   Code   RO          168    .text               debug.o
    0x080006a8   0x080006a8   0x00000174   Code   RO          195    .text               utilities.o
    0x0800081c   0x0800081c   0x00000118   Code   RO          221    .text               interrupt.o
    0x08000934   0x08000934   0x000000f0   Code   RO          241    .text               initsystem.o
    0x08000a24   0x08000a24   0x0000002a   Code   RO          268    .text               watchdog.o
    0x08000a4e   0x08000a4e   0x00000002   PAD
    0x08000a50   0x08000a50   0x0000011c   Code   RO          288    .text               configuration.o
    0x08000b6c   0x08000b6c   0x0000028c   Code   RO          311    .text               hardwaremanager.o
    0x08000df8   0x08000df8   0x000001c0   Code   RO          335    .text               powerctrl.o
    0x08000fb8   0x08000fb8   0x000002f4   Code   RO          356    .text               gps_process.o
    0x080012ac   0x080012ac   0x000002a4   Code   RO          389    .text               gps_hardware.o
    0x08001550   0x08001550   0x000000e0   Code   RO          419    .text               misc.o
    0x08001630   0x08001630   0x0000023c   Code   RO          439    .text               stm32l1xx_gpio.o
    0x0800186c   0x0800186c   0x000003f8   Code   RO          459    .text               stm32l1xx_usart.o
    0x08001c64   0x08001c64   0x00000490   Code   RO          479    .text               stm32l1xx_rcc.o
    0x080020f4   0x080020f4   0x0000021c   Code   RO          501    .text               system_stm32l1xx.o
    0x08002310   0x08002310   0x00000040   Code   RO          528    .text               startup_stm32l1xx_md.o
    0x08002350   0x08002350   0x00000040   Code   RO          534    .text               stm32l1xx_iwdg.o
    0x08002390   0x08002390   0x00000158   Code   RO          554    .text               stm32l1xx_pwr.o
    0x080024e8   0x080024e8   0x00000118   Code   RO          574    .text               stm32l1xx_exti.o
    0x08002600   0x08002600   0x000002e8   Code   RO          594    .text               stm32l1xx_syscfg.o
    0x080028e8   0x080028e8   0x000006bc   Code   RO          614    .text               stm32l1xx_flash.o
    0x08002fa4   0x08002fa4   0x00000034   Code   RO          636    .text               c_w.l(noretval__2snprintf.o)
    0x08002fd8   0x08002fd8   0x0000010e   Code   RO          648    .text               c_w.l(__printf_wp.o)
    0x080030e6   0x080030e6   0x00000024   Code   RO          662    .text               c_w.l(strstr.o)
    0x0800310a   0x0800310a   0x0000003e   Code   RO          664    .text               c_w.l(strlen.o)
    0x08003148   0x08003148   0x00000044   Code   RO          666    .text               c_w.l(rt_memclr.o)
    0x0800318c   0x0800318c   0x0000004e   Code   RO          668    .text               c_w.l(rt_memclr_w.o)
    0x080031da   0x080031da   0x00000006   Code   RO          670    .text               c_w.l(heapauxi.o)
    0x080031e0   0x080031e0   0x00000016   Code   RO          689    .text               c_w.l(_rserrno.o)
    0x080031f6   0x080031f6   0x0000041e   Code   RO          691    .text               c_w.l(_printf_fp_dec.o)
    0x08003614   0x08003614   0x00000030   Code   RO          693    .text               c_w.l(_printf_char_common.o)
    0x08003644   0x08003644   0x0000000a   Code   RO          695    .text               c_w.l(_sputc.o)
    0x0800364e   0x0800364e   0x00000010   Code   RO          697    .text               c_w.l(_snputc.o)
    0x0800365e   0x0800365e   0x00000002   PAD
    0x08003660   0x08003660   0x000000a4   Code   RO          700    .text               c_w.l(strtod.o)
    0x08003704   0x08003704   0x00000008   Code   RO          729    .text               c_w.l(rt_locale_intlibspace.o)
    0x0800370c   0x0800370c   0x00000008   Code   RO          734    .text               c_w.l(rt_errno_addr_intlibspace.o)
    0x08003714   0x08003714   0x0000008a   Code   RO          736    .text               c_w.l(lludiv10.o)
    0x0800379e   0x0800379e   0x00000012   Code   RO          738    .text               c_w.l(isspace.o)
    0x080037b0   0x080037b0   0x00000080   Code   RO          740    .text               c_w.l(_printf_fp_infnan.o)
    0x08003830   0x08003830   0x00000040   Code   RO          744    .text               c_w.l(_sgetc.o)
    0x08003870   0x08003870   0x000000e4   Code   RO          746    .text               c_w.l(bigflt0.o)
    0x08003954   0x08003954   0x00000008   Code   RO          780    .text               c_w.l(libspace.o)
    0x0800395c   0x0800395c   0x0000004a   Code   RO          783    .text               c_w.l(sys_stackheap_outer.o)
    0x080039a6   0x080039a6   0x00000002   PAD
    0x080039a8   0x080039a8   0x00000010   Code   RO          785    .text               c_w.l(rt_ctype_table.o)
    0x080039b8   0x080039b8   0x000004f8   Code   RO          787    .text               c_w.l(scanf_fp.o)
    0x08003eb0   0x08003eb0   0x00000012   Code   RO          789    .text               c_w.l(exit.o)
    0x08003ec2   0x08003ec2   0x00000002   PAD
    0x08003ec4   0x08003ec4   0x00000080   Code   RO          791    .text               c_w.l(strcmpv7m.o)
    0x08003f44   0x08003f44   0x00000320   Code   RO          876    .text               c_w.l(scanf_hexfp.o)
    0x08004264   0x08004264   0x00000134   Code   RO          878    .text               c_w.l(scanf_infnan.o)
    0x08004398   0x08004398   0x0000000c   Code   RO          894    .text               c_w.l(sys_exit.o)
    0x080043a4   0x080043a4   0x00000026   Code   RO          898    .text               c_w.l(llshl.o)
    0x080043ca   0x080043ca   0x0000001c   Code   RO          900    .text               c_w.l(_chval.o)
    0x080043e6   0x080043e6   0x00000002   Code   RO          927    .text               c_w.l(use_no_semi.o)
    0x080043e8   0x080043e8   0x00000000   Code   RO          929    .text               c_w.l(indicate_semi.o)
    0x080043e8   0x080043e8   0x0000003e   Code   RO          749    CL$$btod_d2e        c_w.l(btod.o)
    0x08004426   0x08004426   0x00000046   Code   RO          751    CL$$btod_d2e_denorm_low  c_w.l(btod.o)
    0x0800446c   0x0800446c   0x00000060   Code   RO          750    CL$$btod_d2e_norm_op1  c_w.l(btod.o)
    0x080044cc   0x080044cc   0x00000338   Code   RO          759    CL$$btod_div_common  c_w.l(btod.o)
    0x08004804   0x08004804   0x00000084   Code   RO          757    CL$$btod_e2d        c_w.l(btod.o)
    0x08004888   0x08004888   0x000000dc   Code   RO          756    CL$$btod_e2e        c_w.l(btod.o)
    0x08004964   0x08004964   0x0000002a   Code   RO          753    CL$$btod_ediv       c_w.l(btod.o)
    0x0800498e   0x0800498e   0x0000002a   Code   RO          755    CL$$btod_edivd      c_w.l(btod.o)
    0x080049b8   0x080049b8   0x0000002a   Code   RO          752    CL$$btod_emul       c_w.l(btod.o)
    0x080049e2   0x080049e2   0x0000002a   Code   RO          754    CL$$btod_emuld      c_w.l(btod.o)
    0x08004a0c   0x08004a0c   0x00000244   Code   RO          758    CL$$btod_mult_common  c_w.l(btod.o)
    0x08004c50   0x08004c50   0x00000028   Code   RO          778    i.__ARM_fpclassify  m_ws.l(fpclassify.o)
    0x08004c78   0x08004c78   0x0000000e   Code   RO          958    i.__mathlib_dbl_overflow  m_ws.l(dunder.o)
    0x08004c86   0x08004c86   0x00000002   PAD
    0x08004c88   0x08004c88   0x00000010   Code   RO          960    i.__mathlib_dbl_underflow  m_ws.l(dunder.o)
    0x08004c98   0x08004c98   0x00000010   Code   RO          863    i.__mathlib_narrow  m_ws.l(narrow.o)
    0x08004ca8   0x08004ca8   0x000000bc   Code   RO          864    i.__mathlib_tofloat  m_ws.l(narrow.o)
    0x08004d64   0x08004d64   0x00000016   Code   RO          916    i.__support_ldexp   m_ws.l(ldexp.o)
    0x08004d7a   0x08004d7a   0x0000000e   Code   RO          650    i._is_digit         c_w.l(__printf_wp.o)
    0x08004d88   0x08004d88   0x0000002a   Code   RO          685    i.atof              m_ws.l(atof.o)
    0x08004db2   0x08004db2   0x00000002   PAD
    0x08004db4   0x08004db4   0x00000058   Code   RO          889    i.frexp             m_ws.l(frexp.o)
    0x08004e0c   0x08004e0c   0x00000074   Code   RO          917    i.ldexp             m_ws.l(ldexp.o)
    0x08004e80   0x08004e80   0x0000002c   Code   RO          772    locale$$code        c_w.l(lc_numeric_c.o)
    0x08004eac   0x08004eac   0x0000002c   Code   RO          847    locale$$code        c_w.l(lc_ctype_c.o)
    0x08004ed8   0x08004ed8   0x00000062   Code   RO          674    x$fpl$d2f           fz_ws.l(d2f.o)
    0x08004f3a   0x08004f3a   0x00000002   PAD
    0x08004f3c   0x08004f3c   0x00000010   Code   RO          952    x$fpl$dcheck1       fz_ws.l(dcheck1.o)
    0x08004f4c   0x08004f4c   0x00000018   Code   RO          909    x$fpl$dcmpinf       fz_ws.l(dcmpi.o)
    0x08004f64   0x08004f64   0x00000078   Code   RO          884    x$fpl$deqf          fz_ws.l(deqf.o)
    0x08004fdc   0x08004fdc   0x00000078   Code   RO          911    x$fpl$dleqf         fz_ws.l(dleqf.o)
    0x08005054   0x08005054   0x0000009c   Code   RO          702    x$fpl$dnaninf       fz_ws.l(dnaninf.o)
    0x080050f0   0x080050f0   0x0000000c   Code   RO          704    x$fpl$dretinf       fz_ws.l(dretinf.o)
    0x080050fc   0x080050fc   0x0000006c   Code   RO          886    x$fpl$drleqf        fz_ws.l(drleqf.o)
    0x08005168   0x08005168   0x00000056   Code   RO          676    x$fpl$f2d           fz_ws.l(f2d.o)
    0x080051be   0x080051be   0x00000002   PAD
    0x080051c0   0x080051c0   0x00000184   Code   RO          679    x$fpl$fdiv          fz_ws.l(fdiv.o)
    0x08005344   0x08005344   0x0000008c   Code   RO          706    x$fpl$fnaninf       fz_ws.l(fnaninf.o)
    0x080053d0   0x080053d0   0x0000000a   Code   RO          708    x$fpl$fretinf       fz_ws.l(fretinf.o)
    0x080053da   0x080053da   0x00000006   Code   RO          774    x$fpl$ieeestatus    fz_ws.l(istatus.o)
    0x080053e0   0x080053e0   0x00000004   Code   RO          682    x$fpl$printf1       fz_ws.l(printf1.o)
    0x080053e4   0x080053e4   0x00000064   Code   RO          985    x$fpl$retnan        fz_ws.l(retnan.o)
    0x08005448   0x08005448   0x0000005c   Code   RO          913    x$fpl$scalbn        fz_ws.l(scalbn.o)
    0x080054a4   0x080054a4   0x00000004   Code   RO          776    x$fpl$scanf1        fz_ws.l(scanf1.o)
    0x080054a8   0x080054a8   0x00000008   Code   RO          857    x$fpl$scanf2        fz_ws.l(scanf2.o)
    0x080054b0   0x080054b0   0x00000030   Code   RO          991    x$fpl$trapveneer    fz_ws.l(trapv.o)
    0x080054e0   0x080054e0   0x00000000   Code   RO          710    x$fpl$usenofp       fz_ws.l(usenofp.o)
    0x080054e0   0x080054e0   0x00000094   Data   RO          747    .constdata          c_w.l(bigflt0.o)
    0x08005574   0x08005574   0x00000046   Data   RO          358    .conststring        gps_process.o
    0x080055ba   0x080055ba   0x00000002   PAD
    0x080055bc   0x080055bc   0x00000020   Data   RO         1009    Region$$Table       anon$$obj.o
    0x080055dc   0x080055dc   0x00000008   Data   RO          851    c$$dinf             fz_ws.l(fpconst.o)
    0x080055e4   0x080055e4   0x00000008   Data   RO          854    c$$dmax             fz_ws.l(fpconst.o)
    0x080055ec   0x080055ec   0x0000001c   Data   RO          771    locale$$data        c_w.l(lc_numeric_c.o)
    0x08005608   0x08005608   0x00000110   Data   RO          846    locale$$data        c_w.l(lc_ctype_c.o)


    Execution Region RW_IRAM1 (Exec base: 0x20000000, Load base: 0x08005718, Size: 0x00000ed0, Max: 0x00004000, ABSOLUTE)

    Exec Addr    Load Addr    Size         Type   Attr      Idx    E Section Name        Object

    0x20000000   0x08005718   0x00000010   Data   RW            5    .data               led.o
    0x20000010   0x08005728   0x00000004   Data   RW          336    .data               powerctrl.o
    0x20000014   0x0800572c   0x00000019   Data   RW          480    .data               stm32l1xx_rcc.o
    0x2000002d   0x08005745   0x00000003   PAD
    0x20000030   0x08005748   0x0000001d   Data   RW          502    .data               system_stm32l1xx.o
    0x2000004d   0x08005765   0x00000003   PAD
    0x20000050        -       0x00000020   Zero   RW            4    .bss                led.o
    0x20000070        -       0x00000054   Zero   RW          124    .bss                main.o
    0x200000c4        -       0x00000206   Zero   RW          289    .bss                configuration.o
    0x200002ca   0x08005765   0x00000002   PAD
    0x200002cc        -       0x00000024   Zero   RW          357    .bss                gps_process.o
    0x200002f0        -       0x00000580   Zero   RW          390    .bss                gps_hardware.o
    0x20000870        -       0x00000060   Zero   RW          781    .bss                c_w.l(libspace.o)
    0x200008d0        -       0x00000200   Zero   RW          526    HEAP                startup_stm32l1xx_md.o
    0x20000ad0        -       0x00000400   Zero   RW          525    STACK               startup_stm32l1xx_md.o


==============================================================================

Image component sizes


      Code (inc. data)   RO Data    RW Data    ZI Data      Debug   Object Name

       284         92          0          0        518       1060   configuration.o
       836         18          0          0          0       3124   debug.o
       676         38          0          0       1408       4551   gps_hardware.o
       756         88         70          0         36       1854   gps_process.o
       652        362          0          0          0      24850   hardwaremanager.o
       240         56          0          0          0      24789   initsystem.o
       280         26          0          0          0       1310   interrupt.o
       332         18          0         16         32     215823   led.o
       100          6          0          0         84       2819   main.o
       224         20          0          0          0       1761   misc.o
       448        136          0          4          0       1722   powerctrl.o
        64         26        244          0       1536        900   startup_stm32l1xx_md.o
       280          4          0          0          0       2215   stm32l1xx_exti.o
      1724         44          0          0          0      10329   stm32l1xx_flash.o
       572         32          0          0          0       3901   stm32l1xx_gpio.o
        64          6          0          0          0       1265   stm32l1xx_iwdg.o
       344         14          0          0          0       4000   stm32l1xx_pwr.o
      1168         40          0         25          0       9461   stm32l1xx_rcc.o
       744          8          0          0          0       3268   stm32l1xx_syscfg.o
      1016         20          0          0          0       7628   stm32l1xx_usart.o
       540         44          0         29          0       1995   system_stm32l1xx.o
       372         28          0          0          0       3295   utilities.o
        42          0          0          0          0        585   watchdog.o

    ----------------------------------------------------------------------
     11760       1126        348         80       3616     332505   Object Totals
         0          0         32          0          0          0   (incl. Generated)
         2          0          2          6          2          0   (incl. Padding)

    ----------------------------------------------------------------------

      Code (inc. data)   RO Data    RW Data    ZI Data      Debug   Library Member Name

         8          0          0          0          0         68   __main.o
       284          0          0          0          0        156   __printf_wp.o
         0          0          0          0          0          0   __rtentry.o
        12          0          0          0          0          0   __rtentry2.o
         6          0          0          0          0          0   __rtentry4.o
        52          8          0          0          0          0   __scatter.o
        26          0          0          0          0          0   __scatter_copy.o
        28          0          0          0          0          0   __scatter_zi.o
        28          0          0          0          0         68   _chval.o
        48          6          0          0          0         96   _printf_char_common.o
         6          0          0          0          0          0   _printf_f.o
      1054          0          0          0          0        216   _printf_fp_dec.o
       128         16          0          0          0         84   _printf_fp_infnan.o
         0          0          0          0          0          0   _printf_percent.o
         4          0          0          0          0          0   _printf_percent_end.o
        22          0          0          0          0        100   _rserrno.o
        64          0          0          0          0         84   _sgetc.o
        16          0          0          0          0         68   _snputc.o
        10          0          0          0          0         68   _sputc.o
       228          4        148          0          0         96   bigflt0.o
      2152        136          0          0          0        960   btod.o
        18          0          0          0          0         80   exit.o
         6          0          0          0          0        152   heapauxi.o
         0          0          0          0          0          0   indicate_semi.o
        18          0          0          0          0         76   isspace.o
        44         10        272          0          0         76   lc_ctype_c.o
        44         10         28          0          0         76   lc_numeric_c.o
         2          0          0          0          0          0   libinit.o
        30          0          0          0          0          0   libinit2.o
         2          0          0          0          0          0   libshutdown.o
         2          0          0          0          0          0   libshutdown2.o
         8          4          0          0         96         68   libspace.o
        38          0          0          0          0         68   llshl.o
       138          0          0          0          0         80   lludiv10.o
        52          4          0          0          0         84   noretval__2snprintf.o
        16          4          0          0          0         76   rt_ctype_table.o
         8          4          0          0          0         68   rt_errno_addr_intlibspace.o
         8          4          0          0          0         68   rt_locale_intlibspace.o
        68          0          0          0          0         68   rt_memclr.o
        78          0          0          0          0         80   rt_memclr_w.o
         2          0          0          0          0          0   rtexit.o
        10          0          0          0          0          0   rtexit2.o
      1272         16          0          0          0        168   scanf_fp.o
       800         14          0          0          0        100   scanf_hexfp.o
       308         16          0          0          0        100   scanf_infnan.o
       128          0          0          0          0         68   strcmpv7m.o
        62          0          0          0          0         76   strlen.o
        36          0          0          0          0         80   strstr.o
       164         14          0          0          0        120   strtod.o
        12          4          0          0          0         68   sys_exit.o
        74          0          0          0          0         80   sys_stackheap_outer.o
         2          0          0          0          0         68   use_no_semi.o
        98          4          0          0          0         92   d2f.o
        16          4          0          0          0         68   dcheck1.o
        24          0          0          0          0         68   dcmpi.o
       120          4          0          0          0         92   deqf.o
       120          4          0          0          0         92   dleqf.o
       156          4          0          0          0         92   dnaninf.o
        12          0          0          0          0         68   dretinf.o
       108          0          0          0          0         80   drleqf.o
        86          4          0          0          0         84   f2d.o
       388         76          0          0          0         96   fdiv.o
       140          4          0          0          0         84   fnaninf.o
         0          0         16          0          0          0   fpconst.o
        10          0          0          0          0         68   fretinf.o
         6          0          0          0          0         68   istatus.o
         4          0          0          0          0         68   printf1.o
       100          0          0          0          0         68   retnan.o
        92          0          0          0          0         68   scalbn.o
         4          0          0          0          0         68   scanf1.o
         8          0          0          0          0         84   scanf2.o
        48          0          0          0          0         68   trapv.o
         0          0          0          0          0          0   usenofp.o
        42          0          0          0          0         84   atof.o
        30          6          0          0          0        136   dunder.o
        40          0          0          0          0         68   fpclassify.o
        88          8          0          0          0         76   frexp.o
       138          0          0          0          0        160   ldexp.o
       204          4          0          0          0        168   narrow.o

    ----------------------------------------------------------------------
      9724        396        464          0         96       6280   Library Totals
        16          0          0          0          0          0   (incl. Padding)

    ----------------------------------------------------------------------

      Code (inc. data)   RO Data    RW Data    ZI Data      Debug   Library Name

      7626        274        448          0         96       4112   c_w.l
      1540        104         16          0          0       1476   fz_ws.l
       542         18          0          0          0        692   m_ws.l

    ----------------------------------------------------------------------
      9724        396        464          0         96       6280   Library Totals

    ----------------------------------------------------------------------

==============================================================================


      Code (inc. data)   RO Data    RW Data    ZI Data      Debug   

     21484       1522        812         80       3712     332957   Grand Totals
     21484       1522        812         80       3712     332957   ELF Image Totals
     21484       1522        812         80          0          0   ROM Totals

==============================================================================

    Total RO  Size (Code + RO Data)                22296 (  21.77kB)
    Total RW  Size (RW Data + ZI Data)              3792 (   3.70kB)
    Total ROM Size (Code + RO Data + RW Data)      22376 (  21.85kB)

==============================================================================

