Component: ARM Compiler 5.06 update 6 (build 750) Tool: armlink [4d35ed]

==============================================================================

Section Cross References

    rtc.o(.text) refers to stm32l1xx_exti.o(.text) for EXTI_DeInit
    rtc.o(.text) refers to misc.o(.text) for NVIC_PriorityGroupConfig
    rtc.o(.text) refers to stm32l1xx_rtc.o(.text) for RTC_ITConfig
    rtc.o(.text) refers to rtc.o(.data) for rtc_callback
    led.o(.text) refers to stm32l1xx_gpio.o(.text) for GPIO_SetBits
    led.o(.text) refers to stm32l1xx_rcc.o(.text) for RCC_AHBPeriphClockCmd
    led.o(.text) refers to led.o(.data) for LED_PIN
    led.o(.text) refers to led.o(.bss) for LED
    main.o(.text) refers to initsystem.o(.text) for System_Initialize
    main.o(.text) refers to watchdog.o(.text) for Watchdog_Reset
    main.o(.text) refers to configuration.o(.text) for Config_Process
    main.o(.text) refers to main.o(.bss) for xSystem
    debug.o(.text) refers to _printf_percent.o(.ARM.Collect$$_printf_percent$$00000000) for _printf_percent
    debug.o(.text) refers to _printf_f.o(.ARM.Collect$$_printf_percent$$00000003) for _printf_f
    debug.o(.text) refers to printf1.o(x$fpl$printf1) for _printf_fp_dec
    debug.o(.text) refers to stm32l1xx_usart.o(.text) for USART_DeInit
    debug.o(.text) refers to stm32l1xx_rcc.o(.text) for RCC_APB2PeriphClockCmd
    debug.o(.text) refers to stm32l1xx_gpio.o(.text) for GPIO_PinAFConfig
    debug.o(.text) refers to misc.o(.text) for NVIC_PriorityGroupConfig
    debug.o(.text) refers to noretval__2snprintf.o(.text) for __2snprintf
    utilities.o(.text) refers to watchdog.o(.text) for Watchdog_Reset
    utilities.o(.text) refers to debug.o(.text) for DebugPrint
    utilities.o(.text) refers to strlen.o(.text) for strlen
    utilities.o(.text) refers to fdiv.o(x$fpl$fdiv) for __aeabi_fdiv
    utilities.o(.text) refers to main.o(.bss) for xSystem
    interrupt.o(.text) refers to configuration.o(.text) for Config_Tick1ms
    interrupt.o(.text) refers to gps_hardware.o(.text) for GPS_Tick1ms
    interrupt.o(.text) refers to stm32l1xx_usart.o(.text) for USART_GetITStatus
    interrupt.o(.text) refers to stm32l1xx_gpio.o(.text) for GPIO_SetBits
    interrupt.o(.text) refers to stm32l1xx_exti.o(.text) for EXTI_ClearITPendingBit
    interrupt.o(.text) refers to main.o(.bss) for xSystem
    initsystem.o(.text) refers to misc.o(.text) for NVIC_SetVectorTable
    initsystem.o(.text) refers to debug.o(.text) for Debug_Initialize
    initsystem.o(.text) refers to hardwaremanager.o(.text) for Hardware_Initialize
    initsystem.o(.text) refers to main.o(.bss) for xSystem
    initsystem.o(.text) refers to system_stm32l1xx.o(.data) for SystemCoreClock
    watchdog.o(.text) refers to stm32l1xx_iwdg.o(.text) for IWDG_WriteAccessCmd
    configuration.o(.text) refers to debug.o(.text) for DebugPrint
    configuration.o(.text) refers to strstr.o(.text) for strstr
    configuration.o(.text) refers to hardwaremanager.o(.text) for Hardware_SystemReset
    configuration.o(.text) refers to gps_hardware.o(.text) for GPS_ToggleDebug
    configuration.o(.text) refers to powerctrl.o(.text) for PWR_ProcessCommand
    configuration.o(.text) refers to rt_memclr.o(.text) for __aeabi_memclr
    configuration.o(.text) refers to configuration.o(.bss) for Config
    hardwaremanager.o(.text) refers to stm32l1xx_rcc.o(.text) for RCC_GetSYSCLKSource
    hardwaremanager.o(.text) refers to debug.o(.text) for DebugPrint
    hardwaremanager.o(.text) refers to main.o(.bss) for xSystem
    powerctrl.o(.text) refers to watchdog.o(.text) for Watchdog_Reset
    powerctrl.o(.text) refers to stm32l1xx_rcc.o(.text) for RCC_MSIRangeConfig
    powerctrl.o(.text) refers to initsystem.o(.text) for SysTickConfig
    powerctrl.o(.text) refers to debug.o(.text) for Debug_Initialize
    powerctrl.o(.text) refers to stm32l1xx_pwr.o(.text) for PWR_EnterLowPowerRunMode
    powerctrl.o(.text) refers to rtc.o(.text) for rtc_get_time
    powerctrl.o(.text) refers to stm32l1xx_flash.o(.text) for FLASH_SLEEPPowerDownCmd
    powerctrl.o(.text) refers to utilities.o(.text) for FindIndexOfCharacter
    powerctrl.o(.text) refers to powerctrl.o(.data) for Tick1s
    gps_process.o(.text) refers to utilities.o(.text) for FindIndexOfCharacter
    gps_process.o(.text) refers to debug.o(.text) for DebugPrint
    gps_process.o(.text) refers to rt_memclr_w.o(.text) for __aeabi_memclr4
    gps_process.o(.text) refers to atof.o(i.atof) for atof
    gps_process.o(.text) refers to d2f.o(x$fpl$d2f) for __aeabi_d2f
    gps_process.o(.text) refers to f2d.o(x$fpl$f2d) for __aeabi_f2d
    gps_process.o(.text) refers to strstr.o(.text) for strstr
    gps_process.o(.text) refers to gps_process.o(.bss) for GPSData
    gps_process.o(.text) refers to gps_process.o(.conststring) for .conststring
    gps_hardware.o(.text) refers to stm32l1xx_rcc.o(.text) for RCC_AHBPeriphClockCmd
    gps_hardware.o(.text) refers to stm32l1xx_gpio.o(.text) for GPIO_Init
[...]
    .text                                    0x08003ca8   Section       64  startup_stm32l1xx_md.o(.text)
    .text                                    0x08003ce8   Section        0  noretval__2snprintf.o(.text)
    .text                                    0x08003d1c   Section        0  __printf_wp.o(.text)
    .text                                    0x08003e2a   Section        0  strstr.o(.text)
    .text                                    0x08003e4e   Section        0  strlen.o(.text)
    .text                                    0x08003e8c   Section       68  rt_memclr.o(.text)
    .text                                    0x08003ed0   Section       78  rt_memclr_w.o(.text)
    .text                                    0x08003f1e   Section        0  heapauxi.o(.text)
    .text                                    0x08003f24   Section        0  _rserrno.o(.text)
    .text                                    0x08003f3a   Section        0  _printf_fp_dec.o(.text)
    _fp_digits                               0x08003f3d   Thumb Code   432  _printf_fp_dec.o(.text)
    .text                                    0x08004358   Section        0  _printf_char_common.o(.text)
    _printf_input_char                       0x08004359   Thumb Code    10  _printf_char_common.o(.text)
    .text                                    0x08004388   Section        0  _sputc.o(.text)
    .text                                    0x08004392   Section        0  _snputc.o(.text)
    .text                                    0x080043a4   Section        0  strtod.o(.text)
    _local_sscanf                            0x080043a5   Thumb Code    60  strtod.o(.text)
    .text                                    0x08004448   Section        8  rt_locale_intlibspace.o(.text)
    .text                                    0x08004450   Section        8  rt_errno_addr_intlibspace.o(.text)
    .text                                    0x08004458   Section      138  lludiv10.o(.text)
    .text                                    0x080044e2   Section        0  isspace.o(.text)
    .text                                    0x080044f4   Section        0  _printf_fp_infnan.o(.text)
    .text                                    0x08004574   Section        0  _sgetc.o(.text)
    .text                                    0x080045b4   Section        0  bigflt0.o(.text)
    .text                                    0x08004698   Section        8  libspace.o(.text)
    .text                                    0x080046a0   Section       74  sys_stackheap_outer.o(.text)
    .text                                    0x080046ec   Section       16  rt_ctype_table.o(.text)
    .text                                    0x080046fc   Section        0  scanf_fp.o(.text)
    _fp_value                                0x080046fd   Thumb Code   588  scanf_fp.o(.text)
    .text                                    0x08004bf4   Section        0  exit.o(.text)
    .text                                    0x08004c08   Section      128  strcmpv7m.o(.text)
    .text                                    0x08004c88   Section        0  scanf_hexfp.o(.text)
    .text                                    0x08004fa8   Section        0  scanf_infnan.o(.text)
    .text                                    0x080050dc   Section        0  sys_exit.o(.text)
    .text                                    0x080050e8   Section       38  llshl.o(.text)
    .text                                    0x0800510e   Section        0  _chval.o(.text)
    .text                                    0x0800512a   Section        2  use_no_semi.o(.text)
    .text                                    0x0800512c   Section        0  indicate_semi.o(.text)
    CL$$btod_d2e                             0x0800512c   Section       62  btod.o(CL$$btod_d2e)
    CL$$btod_d2e_denorm_low                  0x0800516a   Section       70  btod.o(CL$$btod_d2e_denorm_low)
    CL$$btod_d2e_norm_op1                    0x080051b0   Section       96  btod.o(CL$$btod_d2e_norm_op1)
    CL$$btod_div_common                      0x08005210   Section      824  btod.o(CL$$btod_div_common)
    CL$$btod_e2d                             0x08005548   Section      132  btod.o(CL$$btod_e2d)
    CL$$btod_e2e                             0x080055cc   Section      220  btod.o(CL$$btod_e2e)
    CL$$btod_ediv                            0x080056a8   Section       42  btod.o(CL$$btod_ediv)
    CL$$btod_edivd                           0x080056d2   Section       42  btod.o(CL$$btod_edivd)
    CL$$btod_emul                            0x080056fc   Section       42  btod.o(CL$$btod_emul)
    CL$$btod_emuld                           0x08005726   Section       42  btod.o(CL$$btod_emuld)
    CL$$btod_mult_common                     0x08005750   Section      580  btod.o(CL$$btod_mult_common)
    i.__ARM_fpclassify                       0x08005994   Section        0  fpclassify.o(i.__ARM_fpclassify)
    i.__mathlib_dbl_overflow                 0x080059bc   Section        0  dunder.o(i.__mathlib_dbl_overflow)
    i.__mathlib_dbl_underflow                0x080059cc   Section        0  dunder.o(i.__mathlib_dbl_underflow)
    i.__mathlib_narrow                       0x080059dc   Section        0  narrow.o(i.__mathlib_narrow)
    i.__mathlib_tofloat                      0x080059ec   Section        0  narrow.o(i.__mathlib_tofloat)
    i.__support_ldexp                        0x08005aa8   Section        0  ldexp.o(i.__support_ldexp)
    i._is_digit                              0x08005abe   Section        0  __printf_wp.o(i._is_digit)
    i.atof                                   0x08005acc   Section        0  atof.o(i.atof)
    i.frexp                                  0x08005af8   Section        0  frexp.o(i.frexp)
    i.ldexp                                  0x08005b50   Section        0  ldexp.o(i.ldexp)
    locale$$code                             0x08005bc4   Section       44  lc_numeric_c.o(locale$$code)
    locale$$code                             0x08005bf0   Section       44  lc_ctype_c.o(locale$$code)
    x$fpl$d2f                                0x08005c1c   Section       98  d2f.o(x$fpl$d2f)
    x$fpl$dcheck1                            0x08005c80   Section       16  dcheck1.o(x$fpl$dcheck1)
    x$fpl$dcmpinf                            0x08005c90   Section       24  dcmpi.o(x$fpl$dcmpinf)
    x$fpl$deqf                               0x08005ca8   Section      120  deqf.o(x$fpl$deqf)
    x$fpl$dleqf                              0x08005d20   Section      120  dleqf.o(x$fpl$dleqf)
    x$fpl$dnaninf                            0x08005d98   Section      156  dnaninf.o(x$fpl$dnaninf)
    x$fpl$dretinf                            0x08005e34   Section       12  dretinf.o(x$fpl$dretinf)
    x$fpl$drleqf                             0x08005e40   Section      108  drleqf.o(x$fpl$drleqf)
    x$fpl$f2d                                0x08005eac   Section       86  f2d.o(x$fpl$f2d)
    x$fpl$fdiv                               0x08005f04   Section      388  fdiv.o(x$fpl$fdiv)
    _fdiv1                                   0x08005f05   Thumb Code     0  fdiv.o(x$fpl$fdiv)
    x$fpl$fnaninf                            0x08006088   Section      140  fnaninf.o(x$fpl$fnaninf)
    x$fpl$fretinf                            0x08006114   Section       10  fretinf.o(x$fpl$fretinf)
    x$fpl$ieeestatus                         0x0800611e   Section        6  istatus.o(x$fpl$ieeestatus)
    x$fpl$printf1                            0x08006124   Section        4  printf1.o(x$fpl$printf1)
    x$fpl$retnan                             0x08006128   Section      100  retnan.o(x$fpl$retnan)
    x$fpl$scalbn                             0x0800618c   Section       92  scalbn.o(x$fpl$scalbn)
    x$fpl$scanf1                             0x080061e8   Section        4  scanf1.o(x$fpl$scanf1)
    x$fpl$scanf2                             0x080061ec   Section        8  scanf2.o(x$fpl$scanf2)
    x$fpl$trapveneer                         0x080061f4   Section       48  trapv.o(x$fpl$trapveneer)
    .constdata                               0x08006224   Section      148  bigflt0.o(.constdata)
    x$fpl$usenofp                            0x08006224   Section        0  usenofp.o(x$fpl$usenofp)
    tenpwrs_x                                0x08006224   Data          60  bigflt0.o(.constdata)
    tenpwrs_i                                0x08006260   Data          64  bigflt0.o(.constdata)
    .conststring                             0x080062b8   Section       70  gps_process.o(.conststring)
    c$$dinf                                  0x08006320   Section        8  fpconst.o(c$$dinf)
    c$$dmax                                  0x08006328   Section        8  fpconst.o(c$$dmax)
    locale$$data                             0x08006330   Section       28  lc_numeric_c.o(locale$$data)
    __lcnum_c_name                           0x08006334   Data           2  lc_numeric_c.o(locale$$data)
    __lcnum_c_start                          0x0800633c   Data           0  lc_numeric_c.o(locale$$data)
    __lcnum_c_point                          0x08006348   Data           0  lc_numeric_c.o(locale$$data)
    __lcnum_c_thousands                      0x0800634a   Data           0  lc_numeric_c.o(locale$$data)
    __lcnum_c_grouping                       0x0800634b   Data           0  lc_numeric_c.o(locale$$data)
    locale$$data                             0x0800634c   Section      272  lc_ctype_c.o(locale$$data)
    __lcnum_c_end                            0x0800634c   Data           0  lc_numeric_c.o(locale$$data)
    __lcctype_c_name                         0x08006350   Data           2  lc_ctype_c.o(locale$$data)
    __lcctype_c_start                        0x08006358   Data           0  lc_ctype_c.o(locale$$data)
    __lcctype_c_end                          0x0800645c   Data           0  lc_ctype_c.o(locale$$data)
    .data                                    0x20000000   Section        8  rtc.o(.data)
    rtc_callback                             0x20000000   Data           8  rtc.o(.data)
    .data                                    0x20000008   Section        4  powerctrl.o(.data)
    Tick1s                                   0x20000008   Data           4  powerctrl.o(.data)
    .data                                    0x2000000c   Section       25  stm32l1xx_rcc.o(.data)
    PLLMulTable                              0x2000000c   Data           9  stm32l1xx_rcc.o(.data)
    APBAHBPrescTable                         0x20000015   Data          16  stm32l1xx_rcc.o(.data)
    .data                                    0x20000028   Section       29  system_stm32l1xx.o(.data)
    .bss                                     0x20000048   Section       84  main.o(.bss)
    .bss                                     0x2000009c   Section      518  configuration.o(.bss)
    .bss                                     0x200002a4   Section       36  gps_process.o(.bss)
    .bss                                     0x200002c8   Section     1408  gps_hardware.o(.bss)
    .bss                                     0x20000848   Section       96  libspace.o(.bss)
    HEAP                                     0x200008a8   Section      512  startup_stm32l1xx_md.o(HEAP)
    Heap_Mem                                 0x200008a8   Data         512  startup_stm32l1xx_md.o(HEAP)
    STACK                                    0x20000aa8   Section     1024  startup_stm32l1xx_md.o(STACK)
    Stack_Mem                                0x20000aa8   Data        1024  startup_stm32l1xx_md.o(STACK)
    __initial_sp                             0x20000ea8   Data           0  startup_stm32l1xx_md.o(STACK)

    Global Symbols

    Symbol Name                              Value     Ov Type        Size  Object(Section)

    BuildAttributes$$THM_ISAv4$P$D$K$B$S$PE$A:L22UL41UL21$X:L11$S22US41US21$IEEE1$IW$USESV6$~STKCKD$USESV7$~SHL$OTIME$ROPI$IEEEX$EBA8$UX$STANDARDLIB$REQ8$PRES8$EABIv2 0x00000000   Number         0  anon$$obj.o ABSOLUTE
    __ARM_use_no_argv                        0x00000000   Number         0  main.o ABSOLUTE
    _printf_flags                            0x00000000   Number         0  printf_stubs.o ABSOLUTE
    _printf_return_value                     0x00000000   Number         0  printf_stubs.o ABSOLUTE
    _printf_sizespec                         0x00000000   Number         0  printf_stubs.o ABSOLUTE
    _printf_widthprec                        0x00000000   Number         0  printf_stubs.o ABSOLUTE
    __ARM_exceptions_init                     - Undefined Weak Reference
    __alloca_initialize                       - Undefined Weak Reference
    __arm_preinit_                            - Undefined Weak Reference
    __cpp_initialize__aeabi_                  - Undefined Weak Reference
    __cxa_finalize                            - Undefined Weak Reference
    __sigvec_lookup                           - Undefined Weak Reference
    _atexit_init                              - Undefined Weak Reference
    _call_atexit_fns                          - Undefined Weak Reference
    _clock_init                               - Undefined Weak Reference
    _fp_trap_init                             - Undefined Weak Reference
    _fp_trap_shutdown                         - Undefined Weak Reference
    _get_lc_collate                           - Undefined Weak Reference
    _get_lc_monetary                          - Undefined Weak Reference
    _get_lc_time                              - Undefined Weak Reference
    _getenv_init                              - Undefined Weak Reference
    _handle_redirection                       - Undefined Weak Reference
    _init_alloc                               - Undefined Weak Reference
    _init_user_alloc                          - Undefined Weak Reference
    _initio                                   - Undefined Weak Reference
    _printf_post_padding                      - Undefined Weak Reference
    _printf_pre_padding                       - Undefined Weak Reference
    _rand_init                                - Undefined Weak Reference
    _signal_finish                            - Undefined Weak Reference
    _signal_init                              - Undefined Weak Reference
    _terminate_alloc                          - Undefined Weak Reference
    _terminate_user_alloc                     - Undefined Weak Reference
    _terminateio                              - Undefined Weak Reference
    __Vectors_Size                           0x000000f4   Number         0  startup_stm32l1xx_md.o ABSOLUTE
    __Vectors                                0x08000000   Data           4  startup_stm32l1xx_md.o(RESET)
    __Vectors_End                            0x080000f4   Data           0  startup_stm32l1xx_md.o(RESET)
    __main                                   0x080000f5   Thumb Code     8  __main.o(!!!main)
    __scatterload                            0x080000fd   Thumb Code     0  __scatter.o(!!!scatter)
    __scatterload_rt2                        0x080000fd   Thumb Code    44  __scatter.o(!!!scatter)
    __scatterload_rt2_thumb_only             0x080000fd   Thumb Code     0  __scatter.o(!!!scatter)
    __scatterload_null                       0x0800010b   Thumb Code     0  __scatter.o(!!!scatter)
    __scatterload_copy                       0x08000131   Thumb Code    26  __scatter_copy.o(!!handler_copy)
    __scatterload_zeroinit                   0x0800014d   Thumb Code    28  __scatter_zi.o(!!handler_zi)
    _printf_f                                0x08000169   Thumb Code     0  _printf_f.o(.ARM.Collect$$_printf_percent$$00000003)
    _printf_percent                          0x08000169   Thumb Code     0  _printf_percent.o(.ARM.Collect$$_printf_percent$$00000000)
    _printf_percent_end                      0x0800016f   Thumb Code     0  _printf_percent_end.o(.ARM.Collect$$_printf_percent$$00000017)
    __rt_lib_init                            0x08000173   Thumb Code     0  libinit.o(.ARM.Collect$$libinit$$00000000)
    __rt_lib_init_fp_1                       0x08000175   Thumb Code     0  libinit2.o(.ARM.Collect$$libinit$$00000002)
    __rt_lib_init_heap_1                     0x08000175   Thumb Code     0  libinit2.o(.ARM.Collect$$libinit$$0000000A)
    __rt_lib_init_lc_common                  0x08000175   Thumb Code     0  libinit2.o(.ARM.Collect$$libinit$$0000000F)
    __rt_lib_init_preinit_1                  0x08000175   Thumb Code     0  libinit2.o(.ARM.Collect$$libinit$$00000004)
    __rt_lib_init_rand_1                     0x08000175   Thumb Code     0  libinit2.o(.ARM.Collect$$libinit$$0000000E)
    __rt_lib_init_user_alloc_1               0x08000175   Thumb Code     0  libinit2.o(.ARM.Collect$$libinit$$0000000C)
    __rt_lib_init_lc_collate_1               0x0800017b   Thumb Code     0  libinit2.o(.ARM.Collect$$libinit$$00000011)
    __rt_lib_init_lc_ctype_2                 0x0800017b   Thumb Code     0  libinit2.o(.ARM.Collect$$libinit$$00000012)
    __rt_lib_init_lc_ctype_1                 0x08000187   Thumb Code     0  libinit2.o(.ARM.Collect$$libinit$$00000013)
    __rt_lib_init_lc_monetary_1              0x08000187   Thumb Code     0  libinit2.o(.ARM.Collect$$libinit$$00000015)
    __rt_lib_init_lc_numeric_2               0x08000187   Thumb Code     0  libinit2.o(.ARM.Collect$$libinit$$00000016)
    __rt_lib_init_alloca_1                   0x08000191   Thumb Code     0  libinit2.o(.ARM.Collect$$libinit$$0000002E)
    __rt_lib_init_argv_1                     0x08000191   Thumb Code     0  libinit2.o(.ARM.Collect$$libinit$$0000002C)
    __rt_lib_init_atexit_1                   0x08000191   Thumb Code     0  libinit2.o(.ARM.Collect$$libinit$$0000001B)
    __rt_lib_init_clock_1                    0x08000191   Thumb Code     0  libinit2.o(.ARM.Collect$$libinit$$00000021)
    __rt_lib_init_cpp_1                      0x08000191   Thumb Code     0  libinit2.o(.ARM.Collect$$libinit$$00000032)
    __rt_lib_init_exceptions_1               0x08000191   Thumb Code     0  libinit2.o(.ARM.Collect$$libinit$$00000030)
    __rt_lib_init_fp_trap_1                  0x08000191   Thumb Code     0  libinit2.o(.ARM.Collect$$libinit$$0000001F)
    __rt_lib_init_getenv_1                   0x08000191   Thumb Code     0  libinit2.o(.ARM.Collect$$libinit$$00000023)
    __rt_lib_init_lc_numeric_1               0x08000191   Thumb Code     0  libinit2.o(.ARM.Collect$$libinit$$00000017)
    __rt_lib_init_lc_time_1                  0x08000191   Thumb Code     0  libinit2.o(.ARM.Collect$$libinit$$00000019)
    __rt_lib_init_return                     0x08000191   Thumb Code     0  libinit2.o(.ARM.Collect$$libinit$$00000033)
    __rt_lib_init_signal_1                   0x08000191   Thumb Code     0  libinit2.o(.ARM.Collect$$libinit$$0000001D)
    __rt_lib_init_stdio_1                    0x08000191   Thumb Code     0  libinit2.o(.ARM.Collect$$libinit$$00000025)
    __rt_lib_shutdown                        0x08000193   Thumb Code     0  libshutdown.o(.ARM.Collect$$libshutdown$$00000000)
    __rt_lib_shutdown_cpp_1                  0x08000195   Thumb Code     0  libshutdown2.o(.ARM.Collect$$libshutdown$$00000002)
    __rt_lib_shutdown_fp_trap_1              0x08000195   Thumb Code     0  libshutdown2.o(.ARM.Collect$$libshutdown$$00000007)
    __rt_lib_shutdown_heap_1                 0x08000195   Thumb Code     0  libshutdown2.o(.ARM.Collect$$libshutdown$$0000000F)
    __rt_lib_shutdown_return                 0x08000195   Thumb Code     0  libshutdown2.o(.ARM.Collect$$libshutdown$$00000010)
    __rt_lib_shutdown_signal_1               0x08000195   Thumb Code     0  libshutdown2.o(.ARM.Collect$$libshutdown$$0000000A)
    __rt_lib_shutdown_stdio_1                0x08000195   Thumb Code     0  libshutdown2.o(.ARM.Collect$$libshutdown$$00000004)
    __rt_lib_shutdown_user_alloc_1           0x08000195   Thumb Code     0  libshutdown2.o(.ARM.Collect$$libshutdown$$0000000C)
    __rt_entry                               0x08000197   Thumb Code     0  __rtentry.o(.ARM.Collect$$rtentry$$00000000)
    __rt_entry_presh_1                       0x08000197   Thumb Code     0  __rtentry2.o(.ARM.Collect$$rtentry$$00000002)
    __rt_entry_sh                            0x08000197   Thumb Code     0  __rtentry4.o(.ARM.Collect$$rtentry$$00000004)
    __rt_entry_li                            0x0800019d   Thumb Code     0  __rtentry2.o(.ARM.Collect$$rtentry$$0000000A)
    __rt_entry_postsh_1                      0x0800019d   Thumb Code     0  __rtentry2.o(.ARM.Collect$$rtentry$$00000009)
    __rt_entry_main                          0x080001a1   Thumb Code     0  __rtentry2.o(.ARM.Collect$$rtentry$$0000000D)
    __rt_entry_postli_1                      0x080001a1   Thumb Code     0  __rtentry2.o(.ARM.Collect$$rtentry$$0000000C)
    __rt_exit                                0x080001a9   Thumb Code     0  rtexit.o(.ARM.Collect$$rtexit$$00000000)
    __rt_exit_ls                             0x080001ab   Thumb Code     0  rtexit2.o(.ARM.Collect$$rtexit$$00000003)
    __rt_exit_prels_1                        0x080001ab   Thumb Code     0  rtexit2.o(.ARM.Collect$$rtexit$$00000002)
    __rt_exit_exit                           0x080001af   Thumb Code     0  rtexit2.o(.ARM.Collect$$rtexit$$00000004)
    RTC_POWERON                              0x080001b5   Thumb Code   134  rtc.o(.text)
    RTC_Initialize                           0x0800023b   Thumb Code   114  rtc.o(.text)
    RTC_Configuration                        0x080002ad   Thumb Code   108  rtc.o(.text)
    rtc_get_time                             0x08000319   Thumb Code   214  rtc.o(.text)
    rtc_set_alarm                            0x0800040b   Thumb Code   340  rtc.o(.text)
    RTC_ClockConfig                          0x0800055f   Thumb Code    40  rtc.o(.text)
    ProcessTask_1000ms                       0x080005a5   Thumb Code     2  main.o(.text)
    ProcessTask_100ms                        0x080005a7   Thumb Code     2  main.o(.text)
    ProcessTask_10ms                         0x080005a9   Thumb Code     2  main.o(.text)
    main                                     0x080005ab   Thumb Code    76  main.o(.text)
    Debug_Initialize                         0x080005fd   Thumb Code   218  debug.o(.text)
    DebugPutc                                0x080006d7   Thumb Code    28  debug.o(.text)
    DebugPrint                               0x080007f5   Thumb Code   314  debug.o(.text)
    Delay_us                                 0x08000941   Thumb Code    32  utilities.o(.text)
    Delay_ms                                 0x08000961   Thumb Code    24  utilities.o(.text)
    CountTime                                0x08000979   Thumb Code    14  utilities.o(.text)
    GetNumberFromString                      0x08000987   Thumb Code    58  utilities.o(.text)
    FindIndexOfCharacter                     0x080009c1   Thumb Code    46  utilities.o(.text)
    SplitString                              0x080009ef   Thumb Code    74  utilities.o(.text)
    GetCheckSum                              0x08000a39   Thumb Code    24  utilities.o(.text)
    GetCRC_16_Modbus                         0x08000a51   Thumb Code    58  utilities.o(.text)
    ConvertMinToDegree                       0x08000a8b   Thumb Code    14  utilities.o(.text)
    SysTick_Handler                          0x08000ab5   Thumb Code    62  interrupt.o(.text)
    USART1_IRQHandler                        0x08000af3   Thumb Code    48  interrupt.o(.text)
    USART2_IRQHandler                        0x08000b23   Thumb Code    34  interrupt.o(.text)
    USART3_IRQHandler                        0x08000b45   Thumb Code    40  interrupt.o(.text)
    UART4_IRQHandler                         0x08000b6d   Thumb Code    34  interrupt.o(.text)
    RTC_WKUP_IRQHandler                      0x08000b8f   Thumb Code    48  interrupt.o(.text)
    System_VariableInit                      0x08000c01   Thumb Code    14  initsystem.o(.text)
    SysTickConfig                            0x08000c0f   Thumb Code    76  initsystem.o(.text)
    System_Initialize                        0x08000c5b   Thumb Code    58  initsystem.o(.text)
    WatchDog_Initialize                      0x08000ccd   Thumb Code    34  watchdog.o(.text)
    Watchdog_Reset                           0x08000cef   Thumb Code     8  watchdog.o(.text)
    Config_ReceiveData                       0x08000cf9   Thumb Code    48  configuration.o(.text)
    Config_Process                           0x08000d29   Thumb Code   116  configuration.o(.text)
    Config_Tick1ms                           0x08000d9d   Thumb Code    38  configuration.o(.text)
    Hardware_Initialize                      0x08000f13   Thumb Code    12  hardwaremanager.o(.text)
    Hardware_SystemReset                     0x08000f1f   Thumb Code    44  hardwaremanager.o(.text)
    PWR_Process                              0x080010b9   Thumb Code    30  powerctrl.o(.text)
    PWR_LowPowerRunMode                      0x080010d7   Thumb Code    74  powerctrl.o(.text)
    PWR_SleepMode                            0x08001121   Thumb Code    46  powerctrl.o(.text)
    PWR_LowPowerSleepMode                    0x0800114f   Thumb Code    44  powerctrl.o(.text)
    PWR_StopMode                             0x0800117b   Thumb Code    20  powerctrl.o(.text)
    PWR_StandbyMode                          0x0800118f   Thumb Code    22  powerctrl.o(.text)
    PWR_ProcessCommand                       0x080011a5   Thumb Code    94  powerctrl.o(.text)
    GPS_RMCMessageProcess                    0x080012a5   Thumb Code   630  gps_process.o(.text)
    GPS_ProcessData                          0x0800151b   Thumb Code    38  gps_process.o(.text)
    GPS_Initialize                           0x080016d3   Thumb Code    16  gps_hardware.o(.text)
    GPS_SendByte                             0x080016e3   Thumb Code    28  gps_hardware.o(.text)
    GPS_SendBytes                            0x080016ff   Thumb Code    26  gps_hardware.o(.text)
    GPS_SendSDKCommand                       0x08001719   Thumb Code    50  gps_hardware.o(.text)
    GPS_ReceiveData                          0x0800174b   Thumb Code    52  gps_hardware.o(.text)
    GPS_Tick1ms                              0x0800177f   Thumb Code    50  gps_hardware.o(.text)
    GPS_ClearRxBuffer                        0x080017b1   Thumb Code    24  gps_hardware.o(.text)
    GPS_Process                              0x080017c9   Thumb Code    64  gps_hardware.o(.text)
    GPS_ToggleDebug                          0x08001809   Thumb Code    14  gps_hardware.o(.text)
    NVIC_PriorityGroupConfig                 0x0800183d   Thumb Code    10  misc.o(.text)
    NVIC_Init                                0x08001847   Thumb Code   106  misc.o(.text)
    NVIC_SetVectorTable                      0x080018b1   Thumb Code    14  misc.o(.text)
    NVIC_SystemLPConfig                      0x080018bf   Thumb Code    34  misc.o(.text)
    SysTick_CLKSourceConfig                  0x080018e1   Thumb Code    40  misc.o(.text)
    GPIO_DeInit                              0x0800191d   Thumb Code   196  stm32l1xx_gpio.o(.text)
    GPIO_Init                                0x080019e1   Thumb Code   144  stm32l1xx_gpio.o(.text)
    GPIO_StructInit                          0x08001a71   Thumb Code    18  stm32l1xx_gpio.o(.text)
    GPIO_PinLockConfig                       0x08001a83   Thumb Code    34  stm32l1xx_gpio.o(.text)
    GPIO_ReadInputDataBit                    0x08001aa5   Thumb Code    18  stm32l1xx_gpio.o(.text)
    GPIO_ReadInputData                       0x08001ab7   Thumb Code     6  stm32l1xx_gpio.o(.text)
    GPIO_ReadOutputDataBit                   0x08001abd   Thumb Code    18  stm32l1xx_gpio.o(.text)
    GPIO_ReadOutputData                      0x08001acf   Thumb Code     6  stm32l1xx_gpio.o(.text)
    GPIO_SetBits                             0x08001ad5   Thumb Code     4  stm32l1xx_gpio.o(.text)
    GPIO_ResetBits                           0x08001ad9   Thumb Code     4  stm32l1xx_gpio.o(.text)
    GPIO_WriteBit                            0x08001add   Thumb Code    10  stm32l1xx_gpio.o(.text)
    GPIO_Write                               0x08001ae7   Thumb Code     4  stm32l1xx_gpio.o(.text)
    GPIO_ToggleBits                          0x08001aeb   Thumb Code     8  stm32l1xx_gpio.o(.text)
    GPIO_PinAFConfig                         0x08001af3   Thumb Code    70  stm32l1xx_gpio.o(.text)
    USART_DeInit                             0x08001b59   Thumb Code   134  stm32l1xx_usart.o(.text)
    USART_Init                               0x08001bdf   Thumb Code   198  stm32l1xx_usart.o(.text)
    USART_StructInit                         0x08001ca5   Thumb Code    24  stm32l1xx_usart.o(.text)
    USART_ClockInit                          0x08001cbd   Thumb Code    32  stm32l1xx_usart.o(.text)
    USART_ClockStructInit                    0x08001cdd   Thumb Code    12  stm32l1xx_usart.o(.text)
    USART_Cmd                                0x08001ce9   Thumb Code    24  stm32l1xx_usart.o(.text)
    USART_SetPrescaler                       0x08001d01   Thumb Code    16  stm32l1xx_usart.o(.text)
    USART_OverSampling8Cmd                   0x08001d11   Thumb Code    22  stm32l1xx_usart.o(.text)
    USART_OneBitMethodCmd                    0x08001d27   Thumb Code    24  stm32l1xx_usart.o(.text)
    USART_SendData                           0x08001d3f   Thumb Code     8  stm32l1xx_usart.o(.text)
    USART_ReceiveData                        0x08001d47   Thumb Code    10  stm32l1xx_usart.o(.text)
    USART_SetAddress                         0x08001d51   Thumb Code    18  stm32l1xx_usart.o(.text)
    USART_ReceiverWakeUpCmd                  0x08001d63   Thumb Code    24  stm32l1xx_usart.o(.text)
    USART_WakeUpConfig                       0x08001d7b   Thumb Code    18  stm32l1xx_usart.o(.text)
    USART_LINBreakDetectLengthConfig         0x08001d8d   Thumb Code    18  stm32l1xx_usart.o(.text)
    USART_LINCmd                             0x08001d9f   Thumb Code    24  stm32l1xx_usart.o(.text)
    USART_SendBreak                          0x08001db7   Thumb Code    10  stm32l1xx_usart.o(.text)
    USART_HalfDuplexCmd                      0x08001dc1   Thumb Code    24  stm32l1xx_usart.o(.text)
    USART_SetGuardTime                       0x08001dd9   Thumb Code    16  stm32l1xx_usart.o(.text)
    USART_SmartCardCmd                       0x08001de9   Thumb Code    24  stm32l1xx_usart.o(.text)
    USART_SmartCardNACKCmd                   0x08001e01   Thumb Code    24  stm32l1xx_usart.o(.text)
    USART_IrDAConfig                         0x08001e19   Thumb Code    18  stm32l1xx_usart.o(.text)
    USART_IrDACmd                            0x08001e2b   Thumb Code    24  stm32l1xx_usart.o(.text)
    USART_DMACmd                             0x08001e43   Thumb Code    18  stm32l1xx_usart.o(.text)
    USART_ITConfig                           0x08001e55   Thumb Code    74  stm32l1xx_usart.o(.text)
    USART_GetFlagStatus                      0x08001e9f   Thumb Code    26  stm32l1xx_usart.o(.text)
    USART_ClearFlag                          0x08001eb9   Thumb Code    18  stm32l1xx_usart.o(.text)
    USART_GetITStatus                        0x08001ecb   Thumb Code    84  stm32l1xx_usart.o(.text)
    USART_ClearITPendingBit                  0x08001f1f   Thumb Code    50  stm32l1xx_usart.o(.text)
    RCC_DeInit                               0x08001f51   Thumb Code    74  stm32l1xx_rcc.o(.text)
    RCC_HSEConfig                            0x08001f9b   Thumb Code    14  stm32l1xx_rcc.o(.text)
    RCC_GetFlagStatus                        0x08001fa9   Thumb Code    48  stm32l1xx_rcc.o(.text)
    RCC_WaitForHSEStartUp                    0x08001fd9   Thumb Code    56  stm32l1xx_rcc.o(.text)
    RCC_AdjustMSICalibrationValue            0x08002011   Thumb Code     8  stm32l1xx_rcc.o(.text)
    RCC_MSIRangeConfig                       0x08002019   Thumb Code    20  stm32l1xx_rcc.o(.text)
    RCC_MSICmd                               0x0800202d   Thumb Code     6  stm32l1xx_rcc.o(.text)
    RCC_AdjustHSICalibrationValue            0x08002033   Thumb Code    22  stm32l1xx_rcc.o(.text)
    RCC_HSICmd                               0x08002049   Thumb Code     6  stm32l1xx_rcc.o(.text)
    RCC_LSEConfig                            0x0800204f   Thumb Code    14  stm32l1xx_rcc.o(.text)
    RCC_LSICmd                               0x0800205d   Thumb Code     6  stm32l1xx_rcc.o(.text)
    RCC_PLLConfig                            0x08002063   Thumb Code    16  stm32l1xx_rcc.o(.text)
    RCC_PLLCmd                               0x08002073   Thumb Code     6  stm32l1xx_rcc.o(.text)
    RCC_ClockSecuritySystemCmd               0x08002079   Thumb Code     6  stm32l1xx_rcc.o(.text)
    RCC_LSEClockSecuritySystemCmd            0x0800207f   Thumb Code     8  stm32l1xx_rcc.o(.text)
    RCC_MCOConfig                            0x08002087   Thumb Code    12  stm32l1xx_rcc.o(.text)
    RCC_SYSCLKConfig                         0x08002093   Thumb Code    20  stm32l1xx_rcc.o(.text)
    RCC_GetSYSCLKSource                      0x080020a7   Thumb Code    12  stm32l1xx_rcc.o(.text)
    RCC_HCLKConfig                           0x080020b3   Thumb Code    20  stm32l1xx_rcc.o(.text)
    RCC_PCLK1Config                          0x080020c7   Thumb Code    20  stm32l1xx_rcc.o(.text)
    RCC_PCLK2Config                          0x080020db   Thumb Code    22  stm32l1xx_rcc.o(.text)
    RCC_GetClocksFreq                        0x080020f1   Thumb Code   248  stm32l1xx_rcc.o(.text)
    RCC_RTCCLKConfig                         0x080021e9   Thumb Code    64  stm32l1xx_rcc.o(.text)
    RCC_RTCCLKCmd                            0x08002229   Thumb Code     8  stm32l1xx_rcc.o(.text)
    RCC_RTCResetCmd                          0x08002231   Thumb Code     8  stm32l1xx_rcc.o(.text)
    RCC_AHBPeriphClockCmd                    0x08002239   Thumb Code    34  stm32l1xx_rcc.o(.text)
    RCC_APB2PeriphClockCmd                   0x0800225b   Thumb Code    34  stm32l1xx_rcc.o(.text)
    RCC_APB1PeriphClockCmd                   0x0800227d   Thumb Code    34  stm32l1xx_rcc.o(.text)
    RCC_AHBPeriphResetCmd                    0x0800229f   Thumb Code    34  stm32l1xx_rcc.o(.text)
    RCC_APB2PeriphResetCmd                   0x080022c1   Thumb Code    34  stm32l1xx_rcc.o(.text)
    RCC_APB1PeriphResetCmd                   0x080022e3   Thumb Code    34  stm32l1xx_rcc.o(.text)
    RCC_AHBPeriphClockLPModeCmd              0x08002305   Thumb Code    34  stm32l1xx_rcc.o(.text)
    RCC_APB2PeriphClockLPModeCmd             0x08002327   Thumb Code    66  stm32l1xx_rcc.o(.text)
    RCC_APB1PeriphClockLPModeCmd             0x08002369   Thumb Code    34  stm32l1xx_rcc.o(.text)
    RCC_ITConfig                             0x0800238b   Thumb Code    34  stm32l1xx_rcc.o(.text)
    RCC_ClearFlag                            0x080023ad   Thumb Code    18  stm32l1xx_rcc.o(.text)
    RCC_GetITStatus                          0x080023bf   Thumb Code    22  stm32l1xx_rcc.o(.text)
    RCC_ClearITPendingBit                    0x080023d5   Thumb Code     8  stm32l1xx_rcc.o(.text)
    IWDG_WriteAccessCmd                      0x080023e1   Thumb Code     6  stm32l1xx_iwdg.o(.text)
    IWDG_SetPrescaler                        0x080023e7   Thumb Code     6  stm32l1xx_iwdg.o(.text)
    IWDG_SetReload                           0x080023ed   Thumb Code     6  stm32l1xx_iwdg.o(.text)
    IWDG_ReloadCounter                       0x080023f3   Thumb Code    10  stm32l1xx_iwdg.o(.text)
    IWDG_Enable                              0x080023fd   Thumb Code    10  stm32l1xx_iwdg.o(.text)
    IWDG_GetFlagStatus                       0x08002407   Thumb Code    20  stm32l1xx_iwdg.o(.text)
    PWR_DeInit                               0x08002421   Thumb Code    22  stm32l1xx_pwr.o(.text)
    PWR_RTCAccessCmd                         0x08002437   Thumb Code     6  stm32l1xx_pwr.o(.text)
    PWR_PVDLevelConfig                       0x0800243d   Thumb Code    18  stm32l1xx_pwr.o(.text)
    PWR_PVDCmd                               0x0800244f   Thumb Code     6  stm32l1xx_pwr.o(.text)
    PWR_WakeUpPinCmd                         0x08002455   Thumb Code    20  stm32l1xx_pwr.o(.text)
    PWR_FastWakeUpCmd                        0x08002469   Thumb Code     6  stm32l1xx_pwr.o(.text)
    PWR_UltraLowPowerCmd                     0x0800246f   Thumb Code     6  stm32l1xx_pwr.o(.text)
    PWR_VoltageScalingConfig                 0x08002475   Thumb Code    24  stm32l1xx_pwr.o(.text)
    PWR_EnterLowPowerRunMode                 0x0800248d   Thumb Code    50  stm32l1xx_pwr.o(.text)
    PWR_EnterSleepMode                       0x080024bf   Thumb Code    42  stm32l1xx_pwr.o(.text)
    PWR_EnterSTOPMode                        0x080024e9   Thumb Code    54  stm32l1xx_pwr.o(.text)
    PWR_EnterSTANDBYMode                     0x0800251f   Thumb Code    42  stm32l1xx_pwr.o(.text)
    PWR_GetFlagStatus                        0x08002549   Thumb Code    20  stm32l1xx_pwr.o(.text)
    PWR_ClearFlag                            0x0800255d   Thumb Code    14  stm32l1xx_pwr.o(.text)
    EXTI_DeInit                              0x08002579   Thumb Code    30  stm32l1xx_exti.o(.text)
    EXTI_Init                                0x08002597   Thumb Code   142  stm32l1xx_exti.o(.text)
    EXTI_StructInit                          0x08002625   Thumb Code    16  stm32l1xx_exti.o(.text)
    EXTI_GenerateSWInterrupt                 0x08002635   Thumb Code    16  stm32l1xx_exti.o(.text)
    EXTI_GetFlagStatus                       0x08002645   Thumb Code    22  stm32l1xx_exti.o(.text)
    EXTI_ClearFlag                           0x0800265b   Thumb Code     8  stm32l1xx_exti.o(.text)
    EXTI_GetITStatus                         0x08002663   Thumb Code    34  stm32l1xx_exti.o(.text)
    EXTI_ClearITPendingBit                   0x08002685   Thumb Code     8  stm32l1xx_exti.o(.text)
    RTC_WaitForSynchro                       0x08002691   Thumb Code    92  stm32l1xx_rtc.o(.text)
    RTC_EnterInitMode                        0x080026ed   Thumb Code    84  stm32l1xx_rtc.o(.text)
    RTC_DeInit                               0x08002741   Thumb Code   204  stm32l1xx_rtc.o(.text)
    RTC_ExitInitMode                         0x0800280d   Thumb Code    18  stm32l1xx_rtc.o(.text)
    RTC_Init                                 0x0800281f   Thumb Code    94  stm32l1xx_rtc.o(.text)
    RTC_StructInit                           0x0800287d   Thumb Code    14  stm32l1xx_rtc.o(.text)
    RTC_WriteProtectionCmd                   0x0800288b   Thumb Code    22  stm32l1xx_rtc.o(.text)
    RTC_RefClockCmd                          0x080028a1   Thumb Code    76  stm32l1xx_rtc.o(.text)
    RTC_BypassShadowCmd                      0x080028ed   Thumb Code    54  stm32l1xx_rtc.o(.text)
    RTC_SetTime                              0x08002955   Thumb Code   200  stm32l1xx_rtc.o(.text)
    RTC_TimeStructInit                       0x08002a1d   Thumb Code    12  stm32l1xx_rtc.o(.text)
    RTC_GetTime                              0x08002a29   Thumb Code    74  stm32l1xx_rtc.o(.text)
    RTC_GetSubSecond                         0x08002a73   Thumb Code    30  stm32l1xx_rtc.o(.text)
    RTC_SetDate                              0x08002a91   Thumb Code   190  stm32l1xx_rtc.o(.text)
    RTC_DateStructInit                       0x08002b4f   Thumb Code    14  stm32l1xx_rtc.o(.text)
    RTC_GetDate                              0x08002b5d   Thumb Code    70  stm32l1xx_rtc.o(.text)
    RTC_SetAlarm                             0x08002ba3   Thumb Code   230  stm32l1xx_rtc.o(.text)
    RTC_AlarmStructInit                      0x08002c89   Thumb Code    22  stm32l1xx_rtc.o(.text)
    RTC_GetAlarm                             0x08002c9f   Thumb Code   114  stm32l1xx_rtc.o(.text)
    RTC_AlarmCmd                             0x08002d11   Thumb Code   112  stm32l1xx_rtc.o(.text)
    RTC_AlarmSubSecondConfig                 0x08002d81   Thumb Code    46  stm32l1xx_rtc.o(.text)
    RTC_GetAlarmSubSecond                    0x08002daf   Thumb Code    34  stm32l1xx_rtc.o(.text)
    RTC_WakeUpClockConfig                    0x08002dd1   Thumb Code    42  stm32l1xx_rtc.o(.text)
    RTC_SetWakeUpCounter                     0x08002dfb   Thumb Code    22  stm32l1xx_rtc.o(.text)
    RTC_GetWakeUpCounter                     0x08002e11   Thumb Code    10  stm32l1xx_rtc.o(.text)
    RTC_WakeUpCmd                            0x08002e1b   Thumb Code   116  stm32l1xx_rtc.o(.text)
    RTC_DayLightSavingConfig                 0x08002e8f   Thumb Code    50  stm32l1xx_rtc.o(.text)
    RTC_GetStoreOperation                    0x08002ec1   Thumb Code    12  stm32l1xx_rtc.o(.text)
    RTC_OutputConfig                         0x08002ecd   Thumb Code    60  stm32l1xx_rtc.o(.text)
    RTC_CoarseCalibConfig                    0x08002f09   Thumb Code    52  stm32l1xx_rtc.o(.text)
    RTC_CoarseCalibCmd                       0x08002f3d   Thumb Code    76  stm32l1xx_rtc.o(.text)
    RTC_CalibOutputCmd                       0x08002f89   Thumb Code    54  stm32l1xx_rtc.o(.text)
    RTC_CalibOutputConfig                    0x08002fbf   Thumb Code    42  stm32l1xx_rtc.o(.text)
    RTC_SmoothCalibConfig                    0x08002fe9   Thumb Code    90  stm32l1xx_rtc.o(.text)
    RTC_TimeStampCmd                         0x08003043   Thumb Code    54  stm32l1xx_rtc.o(.text)
    RTC_GetTimeStamp                         0x08003079   Thumb Code   144  stm32l1xx_rtc.o(.text)
    RTC_GetTimeStampSubSecond                0x08003109   Thumb Code     8  stm32l1xx_rtc.o(.text)
    RTC_TamperTriggerConfig                  0x08003111   Thumb Code    38  stm32l1xx_rtc.o(.text)
    RTC_TamperCmd                            0x08003137   Thumb Code    34  stm32l1xx_rtc.o(.text)
    RTC_TamperFilterConfig                   0x08003159   Thumb Code    26  stm32l1xx_rtc.o(.text)
    RTC_TamperSamplingFreqConfig             0x08003173   Thumb Code    26  stm32l1xx_rtc.o(.text)
    RTC_TamperPinsPrechargeDuration          0x0800318d   Thumb Code    26  stm32l1xx_rtc.o(.text)
    RTC_TimeStampOnTamperDetectionCmd        0x080031a7   Thumb Code    38  stm32l1xx_rtc.o(.text)
    RTC_TamperPullUpCmd                      0x080031cd   Thumb Code    38  stm32l1xx_rtc.o(.text)
    RTC_WriteBackupRegister                  0x080031f3   Thumb Code    26  stm32l1xx_rtc.o(.text)
    RTC_ReadBackupRegister                   0x0800320d   Thumb Code    28  stm32l1xx_rtc.o(.text)
    RTC_OutputTypeConfig                     0x08003229   Thumb Code    26  stm32l1xx_rtc.o(.text)
    RTC_SynchroShiftConfig                   0x08003243   Thumb Code   118  stm32l1xx_rtc.o(.text)
    RTC_ITConfig                             0x080032b9   Thumb Code   108  stm32l1xx_rtc.o(.text)
    RTC_GetFlagStatus                        0x08003325   Thumb Code    34  stm32l1xx_rtc.o(.text)
    RTC_ClearFlag                            0x08003347   Thumb Code    30  stm32l1xx_rtc.o(.text)
    RTC_GetITStatus                          0x08003365   Thumb Code    66  stm32l1xx_rtc.o(.text)
    RTC_ClearITPendingBit                    0x080033a7   Thumb Code    32  stm32l1xx_rtc.o(.text)
    FLASH_SetLatency                         0x080033d1   Thumb Code    18  stm32l1xx_flash.o(.text)
    FLASH_PrefetchBufferCmd                  0x080033e3   Thumb Code    30  stm32l1xx_flash.o(.text)
    FLASH_ReadAccess64Cmd                    0x08003401   Thumb Code    30  stm32l1xx_flash.o(.text)
    FLASH_SLEEPPowerDownCmd                  0x0800341f   Thumb Code    30  stm32l1xx_flash.o(.text)
    DATA_EEPROM_Unlock                       0x0800343d   Thumb Code    26  stm32l1xx_flash.o(.text)
    FLASH_Unlock                             0x08003457   Thumb Code    32  stm32l1xx_flash.o(.text)
    FLASH_Lock                               0x08003477   Thumb Code    18  stm32l1xx_flash.o(.text)
    FLASH_GetStatus                          0x08003489   Thumb Code    54  stm32l1xx_flash.o(.text)
    FLASH_WaitForLastOperation               0x080034bf   Thumb Code    48  stm32l1xx_flash.o(.text)
    FLASH_ErasePage                          0x080034ef   Thumb Code    86  stm32l1xx_flash.o(.text)
    FLASH_FastProgramWord                    0x08003545   Thumb Code    34  stm32l1xx_flash.o(.text)
    DATA_EEPROM_Lock                         0x08003567   Thumb Code    18  stm32l1xx_flash.o(.text)
    DATA_EEPROM_FixedTimeProgramCmd          0x08003579   Thumb Code    38  stm32l1xx_flash.o(.text)
    DATA_EEPROM_EraseByte                    0x0800359f   Thumb Code    26  stm32l1xx_flash.o(.text)
    DATA_EEPROM_EraseHalfWord                0x080035b9   Thumb Code    26  stm32l1xx_flash.o(.text)
    DATA_EEPROM_EraseWord                    0x080035d3   Thumb Code    26  stm32l1xx_flash.o(.text)
    DATA_EEPROM_FastProgramByte              0x080035ed   Thumb Code    50  stm32l1xx_flash.o(.text)
    DATA_EEPROM_FastProgramHalfWord          0x0800361f   Thumb Code    50  stm32l1xx_flash.o(.text)
    DATA_EEPROM_FastProgramWord              0x08003651   Thumb Code    50  stm32l1xx_flash.o(.text)
    DATA_EEPROM_ProgramByte                  0x08003683   Thumb Code    34  stm32l1xx_flash.o(.text)
    DATA_EEPROM_ProgramHalfWord              0x080036a5   Thumb Code    34  stm32l1xx_flash.o(.text)
    DATA_EEPROM_ProgramWord                  0x080036c7   Thumb Code    34  stm32l1xx_flash.o(.text)
    FLASH_OB_Unlock                          0x080036e9   Thumb Code    32  stm32l1xx_flash.o(.text)
    FLASH_OB_Lock                            0x08003709   Thumb Code    18  stm32l1xx_flash.o(.text)
    FLASH_OB_Launch                          0x0800371b   Thumb Code    18  stm32l1xx_flash.o(.text)
    FLASH_OB_WRPConfig                       0x0800372d   Thumb Code   176  stm32l1xx_flash.o(.text)
    FLASH_OB_WRP1Config                      0x080037dd   Thumb Code   142  stm32l1xx_flash.o(.text)
    FLASH_OB_WRP2Config                      0x0800386b   Thumb Code   142  stm32l1xx_flash.o(.text)
    FLASH_OB_RDPConfig                       0x080038f9   Thumb Code    48  stm32l1xx_flash.o(.text)
    FLASH_OB_UserConfig                      0x08003929   Thumb Code    92  stm32l1xx_flash.o(.text)
    FLASH_OB_BORConfig                       0x08003985   Thumb Code    64  stm32l1xx_flash.o(.text)
    FLASH_OB_BootConfig                      0x080039c5   Thumb Code    62  stm32l1xx_flash.o(.text)
    FLASH_OB_GetUser                         0x08003a03   Thumb Code    10  stm32l1xx_flash.o(.text)
    FLASH_OB_GetWRP                          0x08003a0d   Thumb Code     8  stm32l1xx_flash.o(.text)
    FLASH_OB_GetWRP1                         0x08003a15   Thumb Code     8  stm32l1xx_flash.o(.text)
    FLASH_OB_GetWRP2                         0x08003a1d   Thumb Code     8  stm32l1xx_flash.o(.text)
    FLASH_OB_GetRDP                          0x08003a25   Thumb Code    20  stm32l1xx_flash.o(.text)
    FLASH_OB_GetBOR                          0x08003a39   Thumb Code    10  stm32l1xx_flash.o(.text)
    FLASH_ITConfig                           0x08003a43   Thumb Code    34  stm32l1xx_flash.o(.text)
    FLASH_GetFlagStatus                      0x08003a65   Thumb Code    22  stm32l1xx_flash.o(.text)
    FLASH_ClearFlag                          0x08003a7b   Thumb Code     8  stm32l1xx_flash.o(.text)
    SystemInit                               0x08003b59   Thumb Code    88  system_stm32l1xx.o(.text)
    SystemCoreClockUpdate                    0x08003bb1   Thumb Code   204  system_stm32l1xx.o(.text)
    Reset_Handler                            0x08003ca9   Thumb Code     8  startup_stm32l1xx_md.o(.text)
    NMI_Handler                              0x08003cb1   Thumb Code     2  startup_stm32l1xx_md.o(.text)
    HardFault_Handler                        0x08003cb3   Thumb Code     2  startup_stm32l1xx_md.o(.text)
    MemManage_Handler                        0x08003cb5   Thumb Code     2  startup_stm32l1xx_md.o(.text)
    BusFault_Handler                         0x08003cb7   Thumb Code     2  startup_stm32l1xx_md.o(.text)
    UsageFault_Handler                       0x08003cb9   Thumb Code     2  startup_stm32l1xx_md.o(.text)
    SVC_Handler                              0x08003cbb   Thumb Code     2  startup_stm32l1xx_md.o(.text)
    DebugMon_Handler                         0x08003cbd   Thumb Code     2  startup_stm32l1xx_md.o(.text)
    PendSV_Handler                           0x08003cbf   Thumb Code     2  startup_stm32l1xx_md.o(.text)
    ADC1_IRQHandler                          0x08003cc3   Thumb Code     0  startup_stm32l1xx_md.o(.text)
    COMP_IRQHandler                          0x08003cc3   Thumb Code     0  startup_stm32l1xx_md.o(.text)
    DAC_IRQHandler                           0x08003cc3   Thumb Code     0  startup_stm32l1xx_md.o(.text)
    DMA1_Channel1_IRQHandler                 0x08003cc3   Thumb Code     0  startup_stm32l1xx_md.o(.text)
    DMA1_Channel2_IRQHandler                 0x08003cc3   Thumb Code     0  startup_stm32l1xx_md.o(.text)
    DMA1_Channel3_IRQHandler                 0x08003cc3   Thumb Code     0  startup_stm32l1xx_md.o(.text)
    DMA1_Channel4_IRQHandler                 0x08003cc3   Thumb Code     0  startup_stm32l1xx_md.o(.text)
    DMA1_Channel5_IRQHandler                 0x08003cc3   Thumb Code     0  startup_stm32l1xx_md.o(.text)
    DMA1_Channel6_IRQHandler                 0x08003cc3   Thumb Code     0  startup_stm32l1xx_md.o(.text)
    DMA1_Channel7_IRQHandler                 0x08003cc3   Thumb Code     0  startup_stm32l1xx_md.o(.text)
    EXTI0_IRQHandler                         0x08003cc3   Thumb Code     0  startup_stm32l1xx_md.o(.text)
    EXTI15_10_IRQHandler                     0x08003cc3   Thumb Code     0  startup_stm32l1xx_md.o(.text)
    EXTI1_IRQHandler                         0x08003cc3   Thumb Code     0  startup_stm32l1xx_md.o(.text)
    EXTI2_IRQHandler                         0x08003cc3   Thumb Code     0  startup_stm32l1xx_md.o(.text)
    EXTI3_IRQHandler                         0x08003cc3   Thumb Code     0  startup_stm32l1xx_md.o(.text)
    EXTI4_IRQHandler                         0x08003cc3   Thumb Code     0  startup_stm32l1xx_md.o(.text)
    EXTI9_5_IRQHandler                       0x08003cc3   Thumb Code     0  startup_stm32l1xx_md.o(.text)
    FLASH_IRQHandler                         0x08003cc3   Thumb Code     0  startup_stm32l1xx_md.o(.text)
    I2C1_ER_IRQHandler                       0x08003cc3   Thumb Code     0  startup_stm32l1xx_md.o(.text)
    I2C1_EV_IRQHandler                       0x08003cc3   Thumb Code     0  startup_stm32l1xx_md.o(.text)
    I2C2_ER_IRQHandler                       0x08003cc3   Thumb Code     0  startup_stm32l1xx_md.o(.text)
    I2C2_EV_IRQHandler                       0x08003cc3   Thumb Code     0  startup_stm32l1xx_md.o(.text)
    LCD_IRQHandler                           0x08003cc3   Thumb Code     0  startup_stm32l1xx_md.o(.text)
    PVD_IRQHandler                           0x08003cc3   Thumb Code     0  startup_stm32l1xx_md.o(.text)
    RCC_IRQHandler                           0x08003cc3   Thumb Code     0  startup_stm32l1xx_md.o(.text)
    RTC_Alarm_IRQHandler                     0x08003cc3   Thumb Code     0  startup_stm32l1xx_md.o(.text)
    SPI1_IRQHandler                          0x08003cc3   Thumb Code     0  startup_stm32l1xx_md.o(.text)
    SPI2_IRQHandler                          0x08003cc3   Thumb Code     0  startup_stm32l1xx_md.o(.text)
    TAMPER_STAMP_IRQHandler                  0x08003cc3   Thumb Code     0  startup_stm32l1xx_md.o(.text)
    TIM10_IRQHandler                         0x08003cc3   Thumb Code     0  startup_stm32l1xx_md.o(.text)
    TIM11_IRQHandler                         0x08003cc3   Thumb Code     0  startup_stm32l1xx_md.o(.text)
    TIM2_IRQHandler                          0x08003cc3   Thumb Code     0  startup_stm32l1xx_md.o(.text)
    TIM3_IRQHandler                          0x08003cc3   Thumb Code     0  startup_stm32l1xx_md.o(.text)
    TIM4_IRQHandler                          0x08003cc3   Thumb Code     0  startup_stm32l1xx_md.o(.text)
    TIM6_IRQHandler                          0x08003cc3   Thumb Code     0  startup_stm32l1xx_md.o(.text)
    TIM7_IRQHandler                          0x08003cc3   Thumb Code     0  startup_stm32l1xx_md.o(.text)
    TIM9_IRQHandler                          0x08003cc3   Thumb Code     0  startup_stm32l1xx_md.o(.text)
    USB_FS_WKUP_IRQHandler                   0x08003cc3   Thumb Code     0  startup_stm32l1xx_md.o(.text)
    USB_HP_IRQHandler                        0x08003cc3   Thumb Code     0  startup_stm32l1xx_md.o(.text)
    USB_LP_IRQHandler                        0x08003cc3   Thumb Code     0  startup_stm32l1xx_md.o(.text)
    WWDG_IRQHandler                          0x08003cc3   Thumb Code     0  startup_stm32l1xx_md.o(.text)
    __user_initial_stackheap                 0x08003cc5   Thumb Code     0  startup_stm32l1xx_md.o(.text)
    __2snprintf                              0x08003ce9   Thumb Code    48  noretval__2snprintf.o(.text)
    __printf                                 0x08003d1d   Thumb Code   270  __printf_wp.o(.text)
    strstr                                   0x08003e2b   Thumb Code    36  strstr.o(.text)
    strlen                                   0x08003e4f   Thumb Code    62  strlen.o(.text)
    __aeabi_memclr                           0x08003e8d   Thumb Code     0  rt_memclr.o(.text)
    __rt_memclr                              0x08003e8d   Thumb Code    68  rt_memclr.o(.text)
    _memset                                  0x08003e91   Thumb Code     0  rt_memclr.o(.text)
    __aeabi_memclr4                          0x08003ed1   Thumb Code     0  rt_memclr_w.o(.text)
    __aeabi_memclr8                          0x08003ed1   Thumb Code     0  rt_memclr_w.o(.text)
    __rt_memclr_w                            0x08003ed1   Thumb Code    78  rt_memclr_w.o(.text)
    _memset_w                                0x08003ed5   Thumb Code     0  rt_memclr_w.o(.text)
    __use_two_region_memory                  0x08003f1f   Thumb Code     2  heapauxi.o(.text)
    __rt_heap_escrow$2region                 0x08003f21   Thumb Code     2  heapauxi.o(.text)
    __rt_heap_expand$2region                 0x08003f23   Thumb Code     2  heapauxi.o(.text)
    __read_errno                             0x08003f25   Thumb Code    10  _rserrno.o(.text)
    __set_errno                              0x08003f2f   Thumb Code    12  _rserrno.o(.text)
    __lib_sel_fp_printf                      0x08003f3b   Thumb Code     2  _printf_fp_dec.o(.text)
    _printf_fp_dec_real                      0x080040ed   Thumb Code   620  _printf_fp_dec.o(.text)
    _printf_char_common                      0x08004363   Thumb Code    32  _printf_char_common.o(.text)
    _sputc                                   0x08004389   Thumb Code    10  _sputc.o(.text)
    _snputc                                  0x08004393   Thumb Code    16  _snputc.o(.text)
    __strtod_int                             0x080043e1   Thumb Code    90  strtod.o(.text)
    __rt_locale                              0x08004449   Thumb Code     8  rt_locale_intlibspace.o(.text)
    __aeabi_errno_addr                       0x08004451   Thumb Code     8  rt_errno_addr_intlibspace.o(.text)
    __errno$intlibspace                      0x08004451   Thumb Code     0  rt_errno_addr_intlibspace.o(.text)
    __rt_errno_addr$intlibspace              0x08004451   Thumb Code     0  rt_errno_addr_intlibspace.o(.text)
    _ll_udiv10                               0x08004459   Thumb Code   138  lludiv10.o(.text)
    isspace                                  0x080044e3   Thumb Code    18  isspace.o(.text)
    _printf_fp_infnan                        0x080044f5   Thumb Code   112  _printf_fp_infnan.o(.text)
    _sgetc                                   0x08004575   Thumb Code    30  _sgetc.o(.text)
    _sbackspace                              0x08004593   Thumb Code    34  _sgetc.o(.text)
    _btod_etento                             0x080045b5   Thumb Code   224  bigflt0.o(.text)
    __user_libspace                          0x08004699   Thumb Code     8  libspace.o(.text)
    __user_perproc_libspace                  0x08004699   Thumb Code     0  libspace.o(.text)
    __user_perthread_libspace                0x08004699   Thumb Code     0  libspace.o(.text)
    __user_setup_stackheap                   0x080046a1   Thumb Code    74  sys_stackheap_outer.o(.text)
    __rt_ctype_table                         0x080046ed   Thumb Code    16  rt_ctype_table.o(.text)
    _scanf_really_real                       0x08004949   Thumb Code   684  scanf_fp.o(.text)
    exit                                     0x08004bf5   Thumb Code    18  exit.o(.text)
    strcmp                                   0x08004c09   Thumb Code   128  strcmpv7m.o(.text)
    _scanf_really_hex_real                   0x08004c89   Thumb Code   786  scanf_hexfp.o(.text)
    _scanf_really_infnan                     0x08004fa9   Thumb Code   292  scanf_infnan.o(.text)
    _sys_exit                                0x080050dd   Thumb Code     8  sys_exit.o(.text)
    __aeabi_llsl                             0x080050e9   Thumb Code     0  llshl.o(.text)
    _ll_shift_l                              0x080050e9   Thumb Code    38  llshl.o(.text)
    _chval                                   0x0800510f   Thumb Code    28  _chval.o(.text)
    __I$use$semihosting                      0x0800512b   Thumb Code     0  use_no_semi.o(.text)
    __use_no_semihosting_swi                 0x0800512b   Thumb Code     2  use_no_semi.o(.text)
    __semihosting_library_function           0x0800512d   Thumb Code     0  indicate_semi.o(.text)
    _btod_d2e                                0x0800512d   Thumb Code    62  btod.o(CL$$btod_d2e)
    _d2e_denorm_low                          0x0800516b   Thumb Code    70  btod.o(CL$$btod_d2e_denorm_low)
    _d2e_norm_op1                            0x080051b1   Thumb Code    96  btod.o(CL$$btod_d2e_norm_op1)
    __btod_div_common                        0x08005211   Thumb Code   696  btod.o(CL$$btod_div_common)
    _e2d                                     0x08005549   Thumb Code   122  btod.o(CL$$btod_e2d)
    _e2e                                     0x080055cd   Thumb Code   220  btod.o(CL$$btod_e2e)
    _btod_ediv                               0x080056a9   Thumb Code    42  btod.o(CL$$btod_ediv)
    _btod_edivd                              0x080056d3   Thumb Code    42  btod.o(CL$$btod_edivd)
    _btod_emul                               0x080056fd   Thumb Code    42  btod.o(CL$$btod_emul)
    _btod_emuld                              0x08005727   Thumb Code    42  btod.o(CL$$btod_emuld)
    __btod_mult_common                       0x08005751   Thumb Code   580  btod.o(CL$$btod_mult_common)
    __ARM_fpclassify                         0x08005995   Thumb Code    40  fpclassify.o(i.__ARM_fpclassify)
    __mathlib_dbl_overflow                   0x080059bd   Thumb Code    14  dunder.o(i.__mathlib_dbl_overflow)
    __mathlib_dbl_underflow                  0x080059cd   Thumb Code    10  dunder.o(i.__mathlib_dbl_underflow)
    __mathlib_narrow                         0x080059dd   Thumb Code    16  narrow.o(i.__mathlib_narrow)
    __mathlib_tofloat                        0x080059ed   Thumb Code   184  narrow.o(i.__mathlib_tofloat)
    __support_ldexp                          0x08005aa9   Thumb Code    22  ldexp.o(i.__support_ldexp)
    _is_digit                                0x08005abf   Thumb Code    14  __printf_wp.o(i._is_digit)
    atof                                     0x08005acd   Thumb Code    42  atof.o(i.atof)
    frexp                                    0x08005af9   Thumb Code    80  frexp.o(i.frexp)
    ldexp                                    0x08005b51   Thumb Code   116  ldexp.o(i.ldexp)
    _get_lc_numeric                          0x08005bc5   Thumb Code    44  lc_numeric_c.o(locale$$code)
    _get_lc_ctype                            0x08005bf1   Thumb Code    44  lc_ctype_c.o(locale$$code)
    __aeabi_d2f                              0x08005c1d   Thumb Code     0  d2f.o(x$fpl$d2f)
    _d2f                                     0x08005c1d   Thumb Code    98  d2f.o(x$fpl$d2f)
    __fpl_dcheck_NaN1                        0x08005c81   Thumb Code    10  dcheck1.o(x$fpl$dcheck1)
    __fpl_dcmp_Inf                           0x08005c91   Thumb Code    24  dcmpi.o(x$fpl$dcmpinf)
    __aeabi_cdcmpeq                          0x08005ca9   Thumb Code     0  deqf.o(x$fpl$deqf)
    _dcmpeq                                  0x08005ca9   Thumb Code   120  deqf.o(x$fpl$deqf)
    __aeabi_cdcmple                          0x08005d21   Thumb Code     0  dleqf.o(x$fpl$dleqf)
    _dcmple                                  0x08005d21   Thumb Code   120  dleqf.o(x$fpl$dleqf)
    __fpl_dcmple_InfNaN                      0x08005d83   Thumb Code     0  dleqf.o(x$fpl$dleqf)
    __fpl_dnaninf                            0x08005d99   Thumb Code   156  dnaninf.o(x$fpl$dnaninf)
    __fpl_dretinf                            0x08005e35   Thumb Code    12  dretinf.o(x$fpl$dretinf)
    __aeabi_cdrcmple                         0x08005e41   Thumb Code     0  drleqf.o(x$fpl$drleqf)
    _drcmple                                 0x08005e41   Thumb Code   108  drleqf.o(x$fpl$drleqf)
    __aeabi_f2d                              0x08005ead   Thumb Code     0  f2d.o(x$fpl$f2d)
    _f2d                                     0x08005ead   Thumb Code    86  f2d.o(x$fpl$f2d)
    __aeabi_fdiv                             0x08005f05   Thumb Code     0  fdiv.o(x$fpl$fdiv)
    _fdiv                                    0x08005f05   Thumb Code   384  fdiv.o(x$fpl$fdiv)
    __fpl_fnaninf                            0x08006089   Thumb Code   140  fnaninf.o(x$fpl$fnaninf)
    __fpl_fretinf                            0x08006115   Thumb Code    10  fretinf.o(x$fpl$fretinf)
    __ieee_status                            0x0800611f   Thumb Code     6  istatus.o(x$fpl$ieeestatus)
    _printf_fp_dec                           0x08006125   Thumb Code     4  printf1.o(x$fpl$printf1)
    __fpl_return_NaN                         0x08006129   Thumb Code   100  retnan.o(x$fpl$retnan)
    __ARM_scalbn                             0x0800618d   Thumb Code    92  scalbn.o(x$fpl$scalbn)
    _scanf_real                              0x080061e9   Thumb Code     4  scanf1.o(x$fpl$scanf1)
    _scanf_hex_real                          0x080061ed   Thumb Code     4  scanf2.o(x$fpl$scanf2)
    _scanf_infnan                            0x080061f1   Thumb Code     4  scanf2.o(x$fpl$scanf2)
    __fpl_cmpreturn                          0x080061f5   Thumb Code    48  trapv.o(x$fpl$trapveneer)
    __I$use$fp                               0x08006224   Number         0  usenofp.o(x$fpl$usenofp)
    Region$$Table$$Base                      0x08006300   Number         0  anon$$obj.o(Region$$Table)
    Region$$Table$$Limit                     0x08006320   Number         0  anon$$obj.o(Region$$Table)
    __aeabi_HUGE_VAL                         0x08006320   Data           0  fpconst.o(c$$dinf)
    __aeabi_HUGE_VALL                        0x08006320   Data           0  fpconst.o(c$$dinf)
    __aeabi_INFINITY                         0x08006320   Data           0  fpconst.o(c$$dinf)
    __dInf                                   0x08006320   Data           0  fpconst.o(c$$dinf)
    __huge_val                               0x08006320   Data           0  fpconst.o(c$$dinf)
    __dbl_max                                0x08006328   Data           0  fpconst.o(c$$dmax)
    __ctype                                  0x08006359   Data           0  lc_ctype_c.o(locale$$data)
    SystemCoreClock                          0x20000028   Data           4  system_stm32l1xx.o(.data)
    PLLMulTable                              0x2000002c   Data           9  system_stm32l1xx.o(.data)
    AHBPrescTable                            0x20000035   Data          16  system_stm32l1xx.o(.data)
    xSystem                                  0x20000048   Data          84  main.o(.bss)
    Config                                   0x2000009c   Data         518  configuration.o(.bss)
    GPSData                                  0x200002a4   Data          36  gps_process.o(.bss)
    GPS                                      0x200002c8   Data        1408  gps_hardware.o(.bss)
    __libspace_start                         0x20000848   Data          96  libspace.o(.bss)
    __temporary_stack_top$libspace           0x200008a8   Data           0  libspace.o(.bss)



==============================================================================

Memory Map of the image

  Image Entry point : 0x080000f5

  Load Region LR_IROM1 (Base: 0x08000000, Size: 0x000064a4, Max: 0x00020000, ABSOLUTE)

    Execution Region ER_IROM1 (Exec base: 0x08000000, Load base: 0x08000000, Size: 0x0000645c, Max: 0x00020000, ABSOLUTE)

    Exec Addr    Load Addr    Size         Type   Attr      Idx    E Section Name        Object

    0x08000000   0x08000000   0x000000f4   Data   RO          699    RESET               startup_stm32l1xx_md.o
    0x080000f4   0x080000f4   0x00000008   Code   RO          744  * !!!main             c_w.l(__main.o)
    0x080000fc   0x080000fc   0x00000034   Code   RO         1083    !!!scatter          c_w.l(__scatter.o)
    0x08000130   0x08000130   0x0000001a   Code   RO         1085    !!handler_copy      c_w.l(__scatter_copy.o)
    0x0800014a   0x0800014a   0x00000002   PAD
    0x0800014c   0x0800014c   0x0000001c   Code   RO         1087    !!handler_zi        c_w.l(__scatter_zi.o)
    0x08000168   0x08000168   0x00000000   Code   RO          733    .ARM.Collect$$_printf_percent$$00000000  c_w.l(_printf_percent.o)
    0x08000168   0x08000168   0x00000006   Code   RO          732    .ARM.Collect$$_printf_percent$$00000003  c_w.l(_printf_f.o)
    0x0800016e   0x0800016e   0x00000004   Code   RO          771    .ARM.Collect$$_printf_percent$$00000017  c_w.l(_printf_percent_end.o)
    0x08000172   0x08000172   0x00000002   Code   RO          870    .ARM.Collect$$libinit$$00000000  c_w.l(libinit.o)
    0x08000174   0x08000174   0x00000000   Code   RO          872    .ARM.Collect$$libinit$$00000002  c_w.l(libinit2.o)
    0x08000174   0x08000174   0x00000000   Code   RO          874    .ARM.Collect$$libinit$$00000004  c_w.l(libinit2.o)
    0x08000174   0x08000174   0x00000000   Code   RO          877    .ARM.Collect$$libinit$$0000000A  c_w.l(libinit2.o)
    0x08000174   0x08000174   0x00000000   Code   RO          879    .ARM.Collect$$libinit$$0000000C  c_w.l(libinit2.o)
    0x08000174   0x08000174   0x00000000   Code   RO          881    .ARM.Collect$$libinit$$0000000E  c_w.l(libinit2.o)
    0x08000174   0x08000174   0x00000006   Code   RO          882    .ARM.Collect$$libinit$$0000000F  c_w.l(libinit2.o)
    0x0800017a   0x0800017a   0x00000000   Code   RO          884    .ARM.Collect$$libinit$$00000011  c_w.l(libinit2.o)
    0x0800017a   0x0800017a   0x0000000c   Code   RO          885    .ARM.Collect$$libinit$$00000012  c_w.l(libinit2.o)
    0x08000186   0x08000186   0x00000000   Code   RO          886    .ARM.Collect$$libinit$$00000013  c_w.l(libinit2.o)
    0x08000186   0x08000186   0x00000000   Code   RO          888    .ARM.Collect$$libinit$$00000015  c_w.l(libinit2.o)
    0x08000186   0x08000186   0x0000000a   Code   RO          889    .ARM.Collect$$libinit$$00000016  c_w.l(libinit2.o)
    0x08000190   0x08000190   0x00000000   Code   RO          890    .ARM.Collect$$libinit$$00000017  c_w.l(libinit2.o)
    0x08000190   0x08000190   0x00000000   Code   RO          892    .ARM.Collect$$libinit$$00000019  c_w.l(libinit2.o)
    0x08000190   0x08000190   0x00000000   Code   RO          894    .ARM.Collect$$libinit$$0000001B  c_w.l(libinit2.o)
    0x08000190   0x08000190   0x00000000   Code   RO          896    .ARM.Collect$$libinit$$0000001D  c_w.l(libinit2.o)
    0x08000190   0x08000190   0x00000000   Code   RO          898    .ARM.Collect$$libinit$$0000001F  c_w.l(libinit2.o)
    0x08000190   0x08000190   0x00000000   Code   RO          900    .ARM.Collect$$libinit$$00000021  c_w.l(libinit2.o)
    0x08000190   0x08000190   0x00000000   Code   RO          902    .ARM.Collect$$libinit$$00000023  c_w.l(libinit2.o)
    0x08000190   0x08000190   0x00000000   Code   RO          904    .ARM.Collect$$libinit$$00000025  c_w.l(libinit2.o)
    0x08000190   0x08000190   0x00000000   Code   RO          908    .ARM.Collect$$libinit$$0000002C  c_w.l(libinit2.o)
    0x08000190   0x08000190   0x00000000   Code   RO          910    .ARM.Collect$$libinit$$0000002E  c_w.l(libinit2.o)
    0x08000190   0x08000190   0x00000000   Code   RO          912    .ARM.Collect$$libinit$$00000030  c_w.l(libinit2.o)
    0x08000190   0x08000190   0x00000000   Code   RO          914    .ARM.Collect$$libinit$$00000032  c_w.l(libinit2.o)
    0x08000190   0x08000190   0x00000002   Code   RO          915    .ARM.Collect$$libinit$$00000033  c_w.l(libinit2.o)
    0x08000192   0x08000192   0x00000002   Code   RO          980    .ARM.Collect$$libshutdown$$00000000  c_w.l(libshutdown.o)
    0x08000194   0x08000194   0x00000000   Code   RO         1009    .ARM.Collect$$libshutdown$$00000002  c_w.l(libshutdown2.o)
    0x08000194   0x08000194   0x00000000   Code   RO         1011    .ARM.Collect$$libshutdown$$00000004  c_w.l(libshutdown2.o)
    0x08000194   0x08000194   0x00000000   Code   RO         1014    .ARM.Collect$$libshutdown$$00000007  c_w.l(libshutdown2.o)
    0x08000194   0x08000194   0x00000000   Code   RO         1017    .ARM.Collect$$libshutdown$$0000000A  c_w.l(libshutdown2.o)
    0x08000194   0x08000194   0x00000000   Code   RO         1019    .ARM.Collect$$libshutdown$$0000000C  c_w.l(libshutdown2.o)
    0x08000194   0x08000194   0x00000000   Code   RO         1022    .ARM.Collect$$libshutdown$$0000000F  c_w.l(libshutdown2.o)
    0x08000194   0x08000194   0x00000002   Code   RO         1023    .ARM.Collect$$libshutdown$$00000010  c_w.l(libshutdown2.o)
    0x08000196   0x08000196   0x00000000   Code   RO          760    .ARM.Collect$$rtentry$$00000000  c_w.l(__rtentry.o)
    0x08000196   0x08000196   0x00000000   Code   RO          784    .ARM.Collect$$rtentry$$00000002  c_w.l(__rtentry2.o)
    0x08000196   0x08000196   0x00000006   Code   RO          796    .ARM.Collect$$rtentry$$00000004  c_w.l(__rtentry4.o)
    0x0800019c   0x0800019c   0x00000000   Code   RO          786    .ARM.Collect$$rtentry$$00000009  c_w.l(__rtentry2.o)
    0x0800019c   0x0800019c   0x00000004   Code   RO          787    .ARM.Collect$$rtentry$$0000000A  c_w.l(__rtentry2.o)
    0x080001a0   0x080001a0   0x00000000   Code   RO          789    .ARM.Collect$$rtentry$$0000000C  c_w.l(__rtentry2.o)
    0x080001a0   0x080001a0   0x00000008   Code   RO          790    .ARM.Collect$$rtentry$$0000000D  c_w.l(__rtentry2.o)
    0x080001a8   0x080001a8   0x00000002   Code   RO          916    .ARM.Collect$$rtexit$$00000000  c_w.l(rtexit.o)
    0x080001aa   0x080001aa   0x00000000   Code   RO          942    .ARM.Collect$$rtexit$$00000002  c_w.l(rtexit2.o)
    0x080001aa   0x080001aa   0x00000004   Code   RO          943    .ARM.Collect$$rtexit$$00000003  c_w.l(rtexit2.o)
    0x080001ae   0x080001ae   0x00000006   Code   RO          944    .ARM.Collect$$rtexit$$00000004  c_w.l(rtexit2.o)
    0x080001b4   0x080001b4   0x000003f0   Code   RO            3    .text               rtc.o
    0x080005a4   0x080005a4   0x00000058   Code   RO          155    .text               main.o
    0x080005fc   0x080005fc   0x00000344   Code   RO          200    .text               debug.o
    0x08000940   0x08000940   0x00000174   Code   RO          227    .text               utilities.o
    0x08000ab4   0x08000ab4   0x0000012c   Code   RO          253    .text               interrupt.o
    0x08000be0   0x08000be0   0x000000ec   Code   RO          273    .text               initsystem.o
    0x08000ccc   0x08000ccc   0x0000002a   Code   RO          300    .text               watchdog.o
    0x08000cf6   0x08000cf6   0x00000002   PAD
    0x08000cf8   0x08000cf8   0x00000124   Code   RO          320    .text               configuration.o
    0x08000e1c   0x08000e1c   0x0000029c   Code   RO          343    .text               hardwaremanager.o
    0x080010b8   0x080010b8   0x000001ec   Code   RO          367    .text               powerctrl.o
    0x080012a4   0x080012a4   0x000002f4   Code   RO          388    .text               gps_process.o
    0x08001598   0x08001598   0x000002a4   Code   RO          421    .text               gps_hardware.o
    0x0800183c   0x0800183c   0x000000e0   Code   RO          451    .text               misc.o
    0x0800191c   0x0800191c   0x0000023c   Code   RO          471    .text               stm32l1xx_gpio.o
    0x08001b58   0x08001b58   0x000003f8   Code   RO          491    .text               stm32l1xx_usart.o
    0x08001f50   0x08001f50   0x00000490   Code   RO          511    .text               stm32l1xx_rcc.o
    0x080023e0   0x080023e0   0x00000040   Code   RO          533    .text               stm32l1xx_iwdg.o
    0x08002420   0x08002420   0x00000158   Code   RO          553    .text               stm32l1xx_pwr.o
    0x08002578   0x08002578   0x00000118   Code   RO          573    .text               stm32l1xx_exti.o
    0x08002690   0x08002690   0x00000d40   Code   RO          613    .text               stm32l1xx_rtc.o
    0x080033d0   0x080033d0   0x000006bc   Code   RO          633    .text               stm32l1xx_flash.o
    0x08003a8c   0x08003a8c   0x0000021c   Code   RO          673    .text               system_stm32l1xx.o
    0x08003ca8   0x08003ca8   0x00000040   Code   RO          700    .text               startup_stm32l1xx_md.o
    0x08003ce8   0x08003ce8   0x00000034   Code   RO          708    .text               c_w.l(noretval__2snprintf.o)
    0x08003d1c   0x08003d1c   0x0000010e   Code   RO          720    .text               c_w.l(__printf_wp.o)
    0x08003e2a   0x08003e2a   0x00000024   Code   RO          734    .text               c_w.l(strstr.o)
    0x08003e4e   0x08003e4e   0x0000003e   Code   RO          736    .text               c_w.l(strlen.o)
    0x08003e8c   0x08003e8c   0x00000044   Code   RO          738    .text               c_w.l(rt_memclr.o)
    0x08003ed0   0x08003ed0   0x0000004e   Code   RO          740    .text               c_w.l(rt_memclr_w.o)
    0x08003f1e   0x08003f1e   0x00000006   Code   RO          742    .text               c_w.l(heapauxi.o)
    0x08003f24   0x08003f24   0x00000016   Code   RO          761    .text               c_w.l(_rserrno.o)
    0x08003f3a   0x08003f3a   0x0000041e   Code   RO          763    .text               c_w.l(_printf_fp_dec.o)
    0x08004358   0x08004358   0x00000030   Code   RO          765    .text               c_w.l(_printf_char_common.o)
    0x08004388   0x08004388   0x0000000a   Code   RO          767    .text               c_w.l(_sputc.o)
    0x08004392   0x08004392   0x00000010   Code   RO          769    .text               c_w.l(_snputc.o)
    0x080043a2   0x080043a2   0x00000002   PAD
    0x080043a4   0x080043a4   0x000000a4   Code   RO          772    .text               c_w.l(strtod.o)
    0x08004448   0x08004448   0x00000008   Code   RO          801    .text               c_w.l(rt_locale_intlibspace.o)
    0x08004450   0x08004450   0x00000008   Code   RO          806    .text               c_w.l(rt_errno_addr_intlibspace.o)
    0x08004458   0x08004458   0x0000008a   Code   RO          808    .text               c_w.l(lludiv10.o)
    0x080044e2   0x080044e2   0x00000012   Code   RO          810    .text               c_w.l(isspace.o)
    0x080044f4   0x080044f4   0x00000080   Code   RO          812    .text               c_w.l(_printf_fp_infnan.o)
    0x08004574   0x08004574   0x00000040   Code   RO          816    .text               c_w.l(_sgetc.o)
    0x080045b4   0x080045b4   0x000000e4   Code   RO          818    .text               c_w.l(bigflt0.o)
    0x08004698   0x08004698   0x00000008   Code   RO          852    .text               c_w.l(libspace.o)
    0x080046a0   0x080046a0   0x0000004a   Code   RO          855    .text               c_w.l(sys_stackheap_outer.o)
    0x080046ea   0x080046ea   0x00000002   PAD
    0x080046ec   0x080046ec   0x00000010   Code   RO          857    .text               c_w.l(rt_ctype_table.o)
    0x080046fc   0x080046fc   0x000004f8   Code   RO          859    .text               c_w.l(scanf_fp.o)
    0x08004bf4   0x08004bf4   0x00000012   Code   RO          861    .text               c_w.l(exit.o)
    0x08004c06   0x08004c06   0x00000002   PAD
    0x08004c08   0x08004c08   0x00000080   Code   RO          863    .text               c_w.l(strcmpv7m.o)
    0x08004c88   0x08004c88   0x00000320   Code   RO          948    .text               c_w.l(scanf_hexfp.o)
    0x08004fa8   0x08004fa8   0x00000134   Code   RO          950    .text               c_w.l(scanf_infnan.o)
    0x080050dc   0x080050dc   0x0000000c   Code   RO          966    .text               c_w.l(sys_exit.o)
    0x080050e8   0x080050e8   0x00000026   Code   RO          970    .text               c_w.l(llshl.o)
    0x0800510e   0x0800510e   0x0000001c   Code   RO          972    .text               c_w.l(_chval.o)
    0x0800512a   0x0800512a   0x00000002   Code   RO          999    .text               c_w.l(use_no_semi.o)
    0x0800512c   0x0800512c   0x00000000   Code   RO         1001    .text               c_w.l(indicate_semi.o)
    0x0800512c   0x0800512c   0x0000003e   Code   RO          821    CL$$btod_d2e        c_w.l(btod.o)
    0x0800516a   0x0800516a   0x00000046   Code   RO          823    CL$$btod_d2e_denorm_low  c_w.l(btod.o)
    0x080051b0   0x080051b0   0x00000060   Code   RO          822    CL$$btod_d2e_norm_op1  c_w.l(btod.o)
    0x08005210   0x08005210   0x00000338   Code   RO          831    CL$$btod_div_common  c_w.l(btod.o)
    0x08005548   0x08005548   0x00000084   Code   RO          829    CL$$btod_e2d        c_w.l(btod.o)
    0x080055cc   0x080055cc   0x000000dc   Code   RO          828    CL$$btod_e2e        c_w.l(btod.o)
    0x080056a8   0x080056a8   0x0000002a   Code   RO          825    CL$$btod_ediv       c_w.l(btod.o)
    0x080056d2   0x080056d2   0x0000002a   Code   RO          827    CL$$btod_edivd      c_w.l(btod.o)
    0x080056fc   0x080056fc   0x0000002a   Code   RO          824    CL$$btod_emul       c_w.l(btod.o)
    0x08005726   0x08005726   0x0000002a   Code   RO          826    CL$$btod_emuld      c_w.l(btod.o)
    0x08005750   0x08005750   0x00000244   Code   RO          830    CL$$btod_mult_common  c_w.l(btod.o)
    0x08005994   0x08005994   0x00000028   Code   RO          850    i.__ARM_fpclassify  m_ws.l(fpclassify.o)
    0x080059bc   0x080059bc   0x0000000e   Code   RO         1030    i.__mathlib_dbl_overflow  m_ws.l(dunder.o)
    0x080059ca   0x080059ca   0x00000002   PAD
    0x080059cc   0x080059cc   0x00000010   Code   RO         1032    i.__mathlib_dbl_underflow  m_ws.l(dunder.o)
    0x080059dc   0x080059dc   0x00000010   Code   RO          935    i.__mathlib_narrow  m_ws.l(narrow.o)
    0x080059ec   0x080059ec   0x000000bc   Code   RO          936    i.__mathlib_tofloat  m_ws.l(narrow.o)
    0x08005aa8   0x08005aa8   0x00000016   Code   RO          988    i.__support_ldexp   m_ws.l(ldexp.o)
    0x08005abe   0x08005abe   0x0000000e   Code   RO          722    i._is_digit         c_w.l(__printf_wp.o)
    0x08005acc   0x08005acc   0x0000002a   Code   RO          757    i.atof              m_ws.l(atof.o)
    0x08005af6   0x08005af6   0x00000002   PAD
    0x08005af8   0x08005af8   0x00000058   Code   RO          961    i.frexp             m_ws.l(frexp.o)
    0x08005b50   0x08005b50   0x00000074   Code   RO          989    i.ldexp             m_ws.l(ldexp.o)
    0x08005bc4   0x08005bc4   0x0000002c   Code   RO          844    locale$$code        c_w.l(lc_numeric_c.o)
    0x08005bf0   0x08005bf0   0x0000002c   Code   RO          919    locale$$code        c_w.l(lc_ctype_c.o)
    0x08005c1c   0x08005c1c   0x00000062   Code   RO          746    x$fpl$d2f           fz_ws.l(d2f.o)
    0x08005c7e   0x08005c7e   0x00000002   PAD
    0x08005c80   0x08005c80   0x00000010   Code   RO         1024    x$fpl$dcheck1       fz_ws.l(dcheck1.o)
    0x08005c90   0x08005c90   0x00000018   Code   RO          981    x$fpl$dcmpinf       fz_ws.l(dcmpi.o)
    0x08005ca8   0x08005ca8   0x00000078   Code   RO          956    x$fpl$deqf          fz_ws.l(deqf.o)
    0x08005d20   0x08005d20   0x00000078   Code   RO          983    x$fpl$dleqf         fz_ws.l(dleqf.o)
    0x08005d98   0x08005d98   0x0000009c   Code   RO          774    x$fpl$dnaninf       fz_ws.l(dnaninf.o)
    0x08005e34   0x08005e34   0x0000000c   Code   RO          776    x$fpl$dretinf       fz_ws.l(dretinf.o)
    0x08005e40   0x08005e40   0x0000006c   Code   RO          958    x$fpl$drleqf        fz_ws.l(drleqf.o)
    0x08005eac   0x08005eac   0x00000056   Code   RO          748    x$fpl$f2d           fz_ws.l(f2d.o)
    0x08005f02   0x08005f02   0x00000002   PAD
    0x08005f04   0x08005f04   0x00000184   Code   RO          751    x$fpl$fdiv          fz_ws.l(fdiv.o)
    0x08006088   0x08006088   0x0000008c   Code   RO          778    x$fpl$fnaninf       fz_ws.l(fnaninf.o)
    0x08006114   0x08006114   0x0000000a   Code   RO          780    x$fpl$fretinf       fz_ws.l(fretinf.o)
    0x0800611e   0x0800611e   0x00000006   Code   RO          846    x$fpl$ieeestatus    fz_ws.l(istatus.o)
    0x08006124   0x08006124   0x00000004   Code   RO          754    x$fpl$printf1       fz_ws.l(printf1.o)
    0x08006128   0x08006128   0x00000064   Code   RO         1057    x$fpl$retnan        fz_ws.l(retnan.o)
    0x0800618c   0x0800618c   0x0000005c   Code   RO          985    x$fpl$scalbn        fz_ws.l(scalbn.o)
    0x080061e8   0x080061e8   0x00000004   Code   RO          848    x$fpl$scanf1        fz_ws.l(scanf1.o)
    0x080061ec   0x080061ec   0x00000008   Code   RO          929    x$fpl$scanf2        fz_ws.l(scanf2.o)
    0x080061f4   0x080061f4   0x00000030   Code   RO         1063    x$fpl$trapveneer    fz_ws.l(trapv.o)
    0x08006224   0x08006224   0x00000000   Code   RO          782    x$fpl$usenofp       fz_ws.l(usenofp.o)
    0x08006224   0x08006224   0x00000094   Data   RO          819    .constdata          c_w.l(bigflt0.o)
    0x080062b8   0x080062b8   0x00000046   Data   RO          390    .conststring        gps_process.o
    0x080062fe   0x080062fe   0x00000002   PAD
    0x08006300   0x08006300   0x00000020   Data   RO         1081    Region$$Table       anon$$obj.o
    0x08006320   0x08006320   0x00000008   Data   RO          923    c$$dinf             fz_ws.l(fpconst.o)
    0x08006328   0x08006328   0x00000008   Data   RO          926    c$$dmax             fz_ws.l(fpconst.o)
    0x08006330   0x08006330   0x0000001c   Data   RO          843    locale$$data        c_w.l(lc_numeric_c.o)
    0x0800634c   0x0800634c   0x00000110   Data   RO          918    locale$$data        c_w.l(lc_ctype_c.o)


    Execution Region RW_IRAM1 (Exec base: 0x20000000, Load base: 0x0800645c, Size: 0x00000ea8, Max: 0x00004000, ABSOLUTE)

    Exec Addr    Load Addr    Size         Type   Attr      Idx    E Section Name        Object

    0x20000000   0x0800645c   0x00000008   Data   RW            4    .data               rtc.o
    0x20000008   0x08006464   0x00000004   Data   RW          368    .data               powerctrl.o
    0x2000000c   0x08006468   0x00000019   Data   RW          512    .data               stm32l1xx_rcc.o
    0x20000025   0x08006481   0x00000003   PAD
    0x20000028   0x08006484   0x0000001d   Data   RW          674    .data               system_stm32l1xx.o
    0x20000045   0x080064a1   0x00000003   PAD
    0x20000048        -       0x00000054   Zero   RW          156    .bss                main.o
    0x2000009c        -       0x00000206   Zero   RW          321    .bss                configuration.o
    0x200002a2   0x080064a1   0x00000002   PAD
    0x200002a4        -       0x00000024   Zero   RW          389    .bss                gps_process.o
    0x200002c8        -       0x00000580   Zero   RW          422    .bss                gps_hardware.o
    0x20000848        -       0x00000060   Zero   RW          853    .bss                c_w.l(libspace.o)
    0x200008a8        -       0x00000200   Zero   RW          698    HEAP                startup_stm32l1xx_md.o
    0x20000aa8        -       0x00000400   Zero   RW          697    STACK               startup_stm32l1xx_md.o


==============================================================================

Image component sizes


      Code (inc. data)   RO Data    RW Data    ZI Data      Debug   Object Name

       292         90          0          0        518       1060   configuration.o
       836         18          0          0          0       3124   debug.o
       676         38          0          0       1408       4551   gps_hardware.o
       756         88         70          0         36       1854   gps_process.o
       668        366          0          0          0      24862   hardwaremanager.o
       236         56          0          0          0      24785   initsystem.o
       300         34          0          0          0       1317   interrupt.o
        88          6          0          0         84       2759   main.o
       224         20          0          0          0       1761   misc.o
       492        168          0          4          0       1770   powerctrl.o
      1008         30          0          8          0     256735   rtc.o
        64         26        244          0       1536        900   startup_stm32l1xx_md.o
       280          4          0          0          0       2215   stm32l1xx_exti.o
      1724         44          0          0          0      10329   stm32l1xx_flash.o
       572         32          0          0          0       3901   stm32l1xx_gpio.o
        64          6          0          0          0       1265   stm32l1xx_iwdg.o
       344         14          0          0          0       4000   stm32l1xx_pwr.o
      1168         40          0         25          0       9461   stm32l1xx_rcc.o
      3392         46          0          0          0      14807   stm32l1xx_rtc.o
      1016         20          0          0          0       7628   stm32l1xx_usart.o
       540         44          0         29          0       1995   system_stm32l1xx.o
       372         28          0          0          0       3295   utilities.o
        42          0          0          0          0        585   watchdog.o

    ----------------------------------------------------------------------
     15156       1218        348         72       3584     384959   Object Totals
         0          0         32          0          0          0   (incl. Generated)
         2          0          2          6          2          0   (incl. Padding)

    ----------------------------------------------------------------------

      Code (inc. data)   RO Data    RW Data    ZI Data      Debug   Library Member Name

         8          0          0          0          0         68   __main.o
       284          0          0          0          0        156   __printf_wp.o
         0          0          0          0          0          0   __rtentry.o
        12          0          0          0          0          0   __rtentry2.o
         6          0          0          0          0          0   __rtentry4.o
        52          8          0          0          0          0   __scatter.o
        26          0          0          0          0          0   __scatter_copy.o
        28          0          0          0          0          0   __scatter_zi.o
        28          0          0          0          0         68   _chval.o
        48          6          0          0          0         96   _printf_char_common.o
         6          0          0          0          0          0   _printf_f.o
      1054          0          0          0          0        216   _printf_fp_dec.o
       128         16          0          0          0         84   _printf_fp_infnan.o
         0          0          0          0          0          0   _printf_percent.o
         4          0          0          0          0          0   _printf_percent_end.o
        22          0          0          0          0        100   _rserrno.o
        64          0          0          0          0         84   _sgetc.o
        16          0          0          0          0         68   _snputc.o
        10          0          0          0          0         68   _sputc.o
       228          4        148          0          0         96   bigflt0.o
      2152        136          0          0          0        960   btod.o
        18          0          0          0          0         80   exit.o
         6          0          0          0          0        152   heapauxi.o
         0          0          0          0          0          0   indicate_semi.o
        18          0          0          0          0         76   isspace.o
        44         10        272          0          0         76   lc_ctype_c.o
        44         10         28          0          0         76   lc_numeric_c.o
         2          0          0          0          0          0   libinit.o
        30          0          0          0          0          0   libinit2.o
         2          0          0          0          0          0   libshutdown.o
         2          0          0          0          0          0   libshutdown2.o
         8          4          0          0         96         68   libspace.o
        38          0          0          0          0         68   llshl.o
       138          0          0          0          0         80   lludiv10.o
        52          4          0          0          0         84   noretval__2snprintf.o
        16          4          0          0          0         76   rt_ctype_table.o
         8          4          0          0          0         68   rt_errno_addr_intlibspace.o
         8          4          0          0          0         68   rt_locale_intlibspace.o
        68          0          0          0          0         68   rt_memclr.o
        78          0          0          0          0         80   rt_memclr_w.o
         2          0          0          0          0          0   rtexit.o
        10          0          0          0          0          0   rtexit2.o
      1272         16          0          0          0        168   scanf_fp.o
       800         14          0          0          0        100   scanf_hexfp.o
       308         16          0          0          0        100   scanf_infnan.o
       128          0          0          0          0         68   strcmpv7m.o
        62          0          0          0          0         76   strlen.o
        36          0          0          0          0         80   strstr.o
       164         14          0          0          0        120   strtod.o
        12          4          0          0          0         68   sys_exit.o
        74          0          0          0          0         80   sys_stackheap_outer.o
         2          0          0          0          0         68   use_no_semi.o
        98          4          0          0          0         92   d2f.o
        16          4          0          0          0         68   dcheck1.o
        24          0          0          0          0         68   dcmpi.o
       120          4          0          0          0         92   deqf.o
       120          4          0          0          0         92   dleqf.o
       156          4          0          0          0         92   dnaninf.o
        12          0          0          0          0         68   dretinf.o
       108          0          0          0          0         80   drleqf.o
        86          4          0          0          0         84   f2d.o
       388         76          0          0          0         96   fdiv.o
       140          4          0          0          0         84   fnaninf.o
         0          0         16          0          0          0   fpconst.o
        10          0          0          0          0         68   fretinf.o
         6          0          0          0          0         68   istatus.o
         4          0          0          0          0         68   printf1.o
       100          0          0          0          0         68   retnan.o
        92          0          0          0          0         68   scalbn.o
         4          0          0          0          0         68   scanf1.o
         8          0          0          0          0         84   scanf2.o
        48          0          0          0          0         68   trapv.o
         0          0          0          0          0          0   usenofp.o
        42          0          0          0          0         84   atof.o
        30          6          0          0          0        136   dunder.o
        40          0          0          0          0         68   fpclassify.o
        88          8          0          0          0         76   frexp.o
       138          0          0          0          0        160   ldexp.o
       204          4          0          0          0        168   narrow.o

    ----------------------------------------------------------------------
      9724        396        464          0         96       6280   Library Totals
        16          0          0          0          0          0   (incl. Padding)

    ----------------------------------------------------------------------

      Code (inc. data)   RO Data    RW Data    ZI Data      Debug   Library Name

      7626        274        448          0         96       4112   c_w.l
      1540        104         16          0          0       1476   fz_ws.l
       542         18          0          0          0        692   m_ws.l

    ----------------------------------------------------------------------
      9724        396        464          0         96       6280   Library Totals

    ----------------------------------------------------------------------

==============================================================================


      Code (inc. data)   RO Data    RW Data    ZI Data      Debug   

     24880       1614        812         72       3680     385307   Grand Totals
     24880       1614        812         72       3680     385307   ELF Image Totals
     24880       1614        812         72          0          0   ROM Totals

==============================================================================

    Total RO  Size (Code + RO Data)                25692 (  25.09kB)
    Total RW  Size (RW Data + ZI Data)              3752 (   3.66kB)
    Total ROM Size (Code + RO Data + RW Data)      25764 (  25.16kB)

==============================================================================

